07-17 14:43:35.609   737  1262 I Choreographer: Skipped 56 frames!  The application may be doing too much work on its main thread.
07-17 14:43:35.644   440  2872 I GenericSource: start
07-17 14:43:35.712   737  2869 W RingtonePlayer: Notification sound delayed by 2552msecs
07-17 14:43:35.764   305   305 D goldfish-address-space: claimShared: Ask to claim region [0x3f7c33000 0x3f7ce3000]
07-17 14:43:35.804   737  1239 I OpenGLRenderer: Davey! duration=4372ms; Flags=1, IntendedVsync=394454201409, Vsync=395737534691, OldestInputEvent=9223372036854775807, NewestInputEvent=0, HandleInputStart=395746075764, AnimationStart=395746081976, PerformTraversalsStart=395784815660, DrawStart=398681672991, SyncQueued=398713887585, SyncStart=398762093894, IssueDrawCommandsStart=398762613708, SwapBuffers=398806742269, FrameCompleted=398874867354, DequeueBufferDuration=32771342, QueueBufferDuration=26354477, GpuCompleted=0,
07-17 14:43:35.864   305   305 D goldfish-address-space: claimShared: Ask to claim region [0x3f8821000 0x3f8c48000]
07-17 14:43:35.889   552  1392 I OpenGLRenderer: Davey! duration=4311ms; Flags=1, IntendedVsync=394637534735, Vsync=395387534705, OldestInputEvent=9223372036854775807, NewestInputEvent=0, HandleInputStart=395392018558, AnimationStart=395392024930, PerformTraversalsStart=395392027465, DrawStart=398630559507, SyncQueued=398638096886, SyncStart=398648994384, IssueDrawCommandsStart=398649730104, SwapBuffers=398667225503, FrameCompleted=398959503154, DequeueBufferDuration=7899450, QueueBufferDuration=259792715, GpuCompleted=42,
07-17 14:43:35.918   440  2878 D CCodec  : allocate(c2.android.vorbis.decoder)
07-17 14:43:35.967   450   450 V C2Store : in init
07-17 14:43:35.973   450   450 V C2Store : loading dll
07-17 14:43:36.124   440  2878 I CCodec  : Created component [c2.android.vorbis.decoder]
07-17 14:43:36.164   440  2878 D CCodecConfig: read media type: audio/vorbis
07-17 14:43:36.262   552   567 W system_server: Long monitor contention with owner android.ui (572) at int com.android.server.wm.WindowManagerService.relayoutWindow(com.android.server.wm.Session, android.view.IWindow, int, android.view.WindowManager$LayoutParams, int, int, int, int, long, android.graphics.Rect, android.graphics.Rect, android.graphics.Rect, android.graphics.Rect, android.graphics.Rect, android.view.DisplayCutout$ParcelableWrapper, android.util.MergedConfiguration, android.view.SurfaceControl, android.view.InsetsState, android.view.InsetsSourceControl[], android.graphics.Point, android.view.SurfaceControl)(WindowManagerService.java:2446) waiters=0 in int com.android.server.wm.ActivityTaskManagerService.getLockTaskModeState() for 200ms
07-17 14:43:36.267   552   575 W system_server: Long monitor contention with owner android.ui (572) at int com.android.server.wm.WindowManagerService.relayoutWindow(com.android.server.wm.Session, android.view.IWindow, int, android.view.WindowManager$LayoutParams, int, int, int, int, long, android.graphics.Rect, android.graphics.Rect, android.graphics.Rect, android.graphics.Rect, android.graphics.Rect, android.view.DisplayCutout$ParcelableWrapper, android.util.MergedConfiguration, android.view.SurfaceControl, android.view.InsetsState, android.view.InsetsSourceControl[], android.graphics.Point, android.view.SurfaceControl)(WindowManagerService.java:2446) waiters=1 in void com.android.server.wm.WindowAnimator.lambda$new$1$WindowAnimator(long) for 197ms
07-17 14:43:36.277   552   574 W system_server: Long monitor contention with owner android.ui (572) at int com.android.server.wm.WindowManagerService.relayoutWindow(com.android.server.wm.Session, android.view.IWindow, int, android.view.WindowManager$LayoutParams, int, int, int, int, long, android.graphics.Rect, android.graphics.Rect, android.graphics.Rect, android.graphics.Rect, android.graphics.Rect, android.view.DisplayCutout$ParcelableWrapper, android.util.MergedConfiguration, android.view.SurfaceControl, android.view.InsetsState, android.view.InsetsSourceControl[], android.graphics.Point, android.view.SurfaceControl)(WindowManagerService.java:2446) waiters=2 in void com.android.server.wm.WindowManagerService$H.handleMessage(android.os.Message) for 191ms
07-17 14:43:35.915     0     0 W healthd : battery l=100 v=5000 t=25.0 h=2 st=2 c=900000 fc=300000 cc=10 chg=a
07-17 14:43:36.320  2837  2837 V Godot   : Initializing Godot plugin registry
07-17 14:43:36.374   552   567 I system_server: oneway function results will be dropped but finished with status OK and parcel size 4
07-17 14:43:36.376   552  2261 I system_server: oneway function results will be dropped but finished with status OK and parcel size 4
07-17 14:43:36.467   552   574 W system_server: Long monitor contention with owner android.anim (575) at void com.android.server.wm.InputMonitor$UpdateInputWindows.run()(InputMonitor.java:146) waiters=1 in void com.android.server.wm.WindowManagerService$H.handleMessage(android.os.Message) for 152ms
07-17 14:43:36.575   440  2878 D ReflectedParamUpdater: extent() != 1 for single value type: algo.buffers.max-count.values
07-17 14:43:36.583   440  2878 D ReflectedParamUpdater: extent() != 1 for single value type: output.subscribed-indices.values
07-17 14:43:36.590   440  2878 D ReflectedParamUpdater: extent() != 1 for single value type: input.buffers.allocator-ids.values
07-17 14:43:36.622   440  2878 D ReflectedParamUpdater: extent() != 1 for single value type: output.buffers.allocator-ids.values
07-17 14:43:36.632   440  2878 D ReflectedParamUpdater: extent() != 1 for single value type: algo.buffers.allocator-ids.values
07-17 14:43:36.649   440  2878 D ReflectedParamUpdater: extent() != 1 for single value type: output.buffers.pool-ids.values
07-17 14:43:36.684   440  2878 D ReflectedParamUpdater: extent() != 1 for single value type: algo.buffers.pool-ids.values
07-17 14:43:36.790   305   305 D goldfish-address-space: claimShared: Ask to claim region [0x3f7ce3000 0x3f7d6f000]
07-17 14:43:36.813   440  2878 I CCodecConfig: query failed after returning 7 values (BAD_INDEX)
07-17 14:43:36.845   440  2878 D CCodecConfig: c2 config diff is Dict {
07-17 14:43:36.845   440  2878 D CCodecConfig:   c2::u32 coded.bitrate.value = 64000
07-17 14:43:36.845   440  2878 D CCodecConfig:   c2::u32 input.buffers.max-size.value = 32768
07-17 14:43:36.845   440  2878 D CCodecConfig:   c2::u32 input.delay.value = 0
07-17 14:43:36.845   440  2878 D CCodecConfig:   string input.media-type.value = "audio/vorbis"
07-17 14:43:36.845   440  2878 D CCodecConfig:   string output.media-type.value = "audio/raw"
07-17 14:43:36.845   440  2878 D CCodecConfig:   c2::u32 raw.channel-count.value = 1
07-17 14:43:36.845   440  2878 D CCodecConfig:   c2::u32 raw.sample-rate.value = 48000
07-17 14:43:36.845   440  2878 D CCodecConfig: }
07-17 14:43:36.847  2837  2851 W ppiie.mooserus: Suspending all threads took: 11.828ms
07-17 14:43:36.928   440  2878 D CCodec  : [c2.android.vorbis.decoder] buffers are bound to CCodec for this session
07-17 14:43:36.942   440  2878 D CCodecConfig: no c2 equivalents for durationUs
07-17 14:43:36.943   440  2878 D CCodecConfig: no c2 equivalents for csd-1
07-17 14:43:36.943   440  2878 D CCodecConfig: no c2 equivalents for channel-mask
07-17 14:43:36.944   440  2878 D CCodecConfig: no c2 equivalents for flags
07-17 14:43:36.976   440  2878 W Codec2Client: query -- param skipped: index = 1107298332.
07-17 14:43:37.010   440  2878 D CCodec  : setup formats input: AMessage(what = 0x00000000) = {
07-17 14:43:37.010   440  2878 D CCodec  :   int32_t channel-count = 1
07-17 14:43:37.010   440  2878 D CCodec  :   int32_t max-input-size = 32768
07-17 14:43:37.010   440  2878 D CCodec  :   string mime = "audio/vorbis"
07-17 14:43:37.010   440  2878 D CCodec  :   int32_t sample-rate = 48000
07-17 14:43:37.010   440  2878 D CCodec  : } and output: AMessage(what = 0x00000000) = {
07-17 14:43:37.010   440  2878 D CCodec  :   int32_t channel-count = 1
07-17 14:43:37.010   440  2878 D CCodec  :   string mime = "audio/raw"
07-17 14:43:37.010   440  2878 D CCodec  :   int32_t sample-rate = 48000
07-17 14:43:37.010   440  2878 D CCodec  :   int32_t channel-mask = 1
07-17 14:43:37.010   440  2878 D CCodec  : }
07-17 14:43:37.030   440  2878 I MediaCodec: MediaCodec will operate in async mode
07-17 14:43:37.058   440  2878 W Codec2Client: query -- param skipped: index = 1342179345.
07-17 14:43:37.058   440  2878 W Codec2Client: query -- param skipped: index = 2415921170.
07-17 14:43:37.127   440  2878 E FMQ     : grantorIdx must be less than 3
07-17 14:43:37.136   440  2878 E FMQ     : grantorIdx must be less than 3
07-17 14:43:37.149   440  2878 D CCodecBufferChannel: [c2.android.vorbis.decoder#468] Created input block pool with allocatorID 16 => poolID 17 - OK (0)
07-17 14:43:37.177   450  1129 E FMQ     : grantorIdx must be less than 3
07-17 14:43:37.203   450  1129 E FMQ     : grantorIdx must be less than 3
07-17 14:43:37.220   737  1115 D BufferPoolAccessor2.0: bufferpool2 0x7cafd9805e78 : 0(0 size) total buffers - 0(0 size) used buffers - 1/9 (recycle/alloc) - 8/38 (fetch/transfer)
07-17 14:43:37.243   737  1115 D BufferPoolAccessor2.0: Destruction - bufferpool2 0x7cafd9805e78 cached: 0/0M, 0/0% in use; allocs: 9, 11% recycled; transfers: 38, 79% unfetched
07-17 14:43:37.244   737  1115 D BufferPoolAccessor2.0: bufferpool2 0x7cafd980f968 : 0(0 size) total buffers - 0(0 size) used buffers - 1/9 (recycle/alloc) - 8/36 (fetch/transfer)
07-17 14:43:37.248   737  1115 D BufferPoolAccessor2.0: Destruction - bufferpool2 0x7cafd980f968 cached: 0/0M, 0/0% in use; allocs: 9, 11% recycled; transfers: 36, 78% unfetched
07-17 14:43:37.259   737  1115 D BufferPoolAccessor2.0: bufferpool2 0x7cafd9810748 : 0(0 size) total buffers - 0(0 size) used buffers - 3/9 (recycle/alloc) - 6/18 (fetch/transfer)
07-17 14:43:37.259   737  1115 D BufferPoolAccessor2.0: Destruction - bufferpool2 0x7cafd9810748 cached: 0/0M, 0/0% in use; allocs: 9, 33% recycled; transfers: 18, 67% unfetched
07-17 14:43:37.263   440  2878 I CCodecBufferChannel: [c2.android.vorbis.decoder#468] Created output block pool with allocatorID 16 => poolID 22 - OK
07-17 14:43:37.283   440  2878 D CCodecBufferChannel: [c2.android.vorbis.decoder#468] Configured output block pool ids 22 => OK
07-17 14:43:37.344   440  2878 E ion     : ioctl c0044901 failed with code -1: Inappropriate ioctl for device
07-17 14:43:37.391   305   305 D goldfish-address-space: claimShared: Ask to claim region [0x3f7d6f000 0x3f7d76000]
07-17 14:43:37.446   737  1909 D HostConnection: HostConnection::get() New Host Connection established 0x7caf897f39d0, tid 1909
07-17 14:43:37.463   450  2882 D SimpleC2Component: Using output block pool with poolID 22 => got 22 - 0
07-17 14:43:37.543   440  2878 E FMQ     : grantorIdx must be less than 3
07-17 14:43:37.555   450  1130 E FMQ     : grantorIdx must be less than 3
07-17 14:43:37.615  2837  2837 W ppiie.mooserus: Verification of java.util.List kotlin.collections.ArraysKt___ArraysKt.runningReduce(int[], kotlin.jvm.functions.Function2) took 110.108ms (726.55 bytecodes/s) (2976B approximate peak alloc)
07-17 14:43:37.693   552   588 D BufferPoolAccessor2.0: bufferpool2 0x7cafd9828288 : 0(0 size) total buffers - 0(0 size) used buffers - 3/9 (recycle/alloc) - 6/24 (fetch/transfer)
07-17 14:43:37.706   552   588 D BufferPoolAccessor2.0: Destruction - bufferpool2 0x7cafd9828288 cached: 0/0M, 0/0% in use; allocs: 9, 33% recycled; transfers: 24, 75% unfetched
07-17 14:43:37.707   552  1135 D BufferPoolAccessor2.0: bufferpool2 0x7cafd982a9d8 : 0(0 size) total buffers - 0(0 size) used buffers - 3/9 (recycle/alloc) - 6/18 (fetch/transfer)
07-17 14:43:37.707   552  1135 D BufferPoolAccessor2.0: Destruction - bufferpool2 0x7cafd982a9d8 cached: 0/0M, 0/0% in use; allocs: 9, 33% recycled; transfers: 18, 67% unfetched
07-17 14:43:37.733   305   305 D goldfish-address-space: claimShared: Ask to claim region [0x3f4000000 0x3f4427000]
07-17 14:43:37.781   450  2882 E FMQ     : grantorIdx must be less than 3
07-17 14:43:37.795   440   776 E FMQ     : grantorIdx must be less than 3
07-17 14:43:37.806   737  1909 D HostConnection: HostComposition ext ANDROID_EMU_CHECKSUM_HELPER_v1 ANDROID_EMU_native_sync_v2 ANDROID_EMU_dma_v1 ANDROID_EMU_direct_mem ANDROID_EMU_host_composition_v1 ANDROID_EMU_host_composition_v2 ANDROID_EMU_vulkan ANDROID_EMU_deferred_vulkan_commands ANDROID_EMU_vulkan_null_optional_strings ANDROID_EMU_vulkan_create_resources_with_requirements ANDROID_EMU_YUV_Cache ANDROID_EMU_vulkan_ignored_handles ANDROID_EMU_has_shared_slots_host_memory_allocator ANDROID_EMU_vulkan_free_memory_sync ANDROID_EMU_vulkan_shader_float16_int8 ANDROID_EMU_vulkan_async_queue_submit ANDROID_EMU_sync_buffer_data ANDROID_EMU_vulkan_async_qsri ANDROID_EMU_read_color_buffer_dma ANDROID_EMU_hwc_color_transform GL_OES_EGL_image_external_essl3 GL_OES_vertex_array_object GL_KHR_texture_compression_astc_ldr ANDROID_EMU_host_side_tracing ANDROID_EMU_gles_max_version_3_0
07-17 14:43:37.846   737  1909 D EGL_emulation: eglCreateContext: 0x7caf79812b20: maj 3 min 0 rcv 3
07-17 14:43:37.849   737  1909 D EGL_emulation: eglMakeCurrent: 0x7caf79812b20: ver 3 0 (tinfo 0x7caf1985df50) (first time)
07-17 14:43:37.927  2837  2837 I GodotPluginRegistry: Registering runtime plugin AndroidRuntime
07-17 14:43:37.963   552   566 I system_server: oneway function results will be dropped but finished with status OK and parcel size 4
07-17 14:43:37.964   552   566 I system_server: oneway function results will be dropped but finished with status OK and parcel size 4
07-17 14:43:37.975  2837  2837 I GodotPluginRegistry: Initializing Godot plugin YouRushBridge
07-17 14:43:37.985   305   305 D goldfish-address-space: claimShared: Ask to claim region [0x3f7d76000 0x3f7d7d000]
07-17 14:43:37.988  2837  2837 I GodotPluginRegistry: Completed initialization for Godot plugin YouRushBridge
07-17 14:43:37.994  2837  2837 V Godot   : InitEngine with params: [--xr_mode_regular, --xr-mode, off, --fullscreen, --background_color, #000000]
07-17 14:43:38.009   552  2261 I system_server: oneway function results will be dropped but finished with status OK and parcel size 4
07-17 14:43:38.012   552   566 I system_server: oneway function results will be dropped but finished with status OK and parcel size 4
07-17 14:43:38.037   305   305 D goldfish-address-space: claimShared: Ask to claim region [0x3f7d7d000 0x3f7d84000]
07-17 14:43:38.094   305   305 D goldfish-address-space: claimShared: Ask to claim region [0x3f7d84000 0x3f7d8b000]
07-17 14:43:38.146   305   305 D goldfish-address-space: claimShared: Ask to claim region [0x3f4427000 0x3f484e000]
07-17 14:43:38.180   305   305 D goldfish-address-space: claimShared: Ask to claim region [0x3f7d8b000 0x3f7e17000]
07-17 14:43:38.187   379   463 D AudioFlinger: Client defaulted notificationFrames to 12213 for frameCount 24426
07-17 14:43:38.202   737  1239 I OpenGLRenderer: Davey! duration=6816ms; Flags=1, IntendedVsync=394454201409, Vsync=395737534691, OldestInputEvent=9223372036854775807, NewestInputEvent=0, HandleInputStart=395746075764, AnimationStart=395746081976, PerformTraversalsStart=395784815660, DrawStart=399994548013, SyncQueued=401184785165, SyncStart=401187139232, IssueDrawCommandsStart=401187513737, SwapBuffers=401223060302, FrameCompleted=401273052277, DequeueBufferDuration=13872064, QueueBufferDuration=16265235, GpuCompleted=0,
07-17 14:43:38.220   552  1392 I OpenGLRenderer: Davey! duration=6630ms; Flags=1, IntendedVsync=394637534735, Vsync=395387534705, OldestInputEvent=9223372036854775807, NewestInputEvent=0, HandleInputStart=395392018558, AnimationStart=395392024930, PerformTraversalsStart=395392027465, DrawStart=400894905350, SyncQueued=400907011100, SyncStart=400929835149, IssueDrawCommandsStart=400930590252, SwapBuffers=401126201011, FrameCompleted=401290852057, DequeueBufferDuration=17328130, QueueBufferDuration=35853927, GpuCompleted=-4294967182,
07-17 14:43:38.242   379   463 D AF::TrackHandle: OpPlayAudio: track:55 usage:5 not muted
07-17 14:43:38.271   552   572 W Looper  : Slow dispatch took 5950ms android.ui h=android.view.Choreographer$FrameHandler c=android.view.Choreographer$FrameDisplayEventReceiver@f0e624a m=0
07-17 14:43:38.307   552   572 I Choreographer: Skipped 336 frames!  The application may be doing too much work on its main thread.
07-17 14:43:38.567   305   305 D goldfish-address-space: claimShared: Ask to claim region [0x3fa816000 0x3fac32000]
07-17 14:43:38.579  2837  2837 V Godot   : Godot native layer initialization completed: true
07-17 14:43:38.579  2837  2837 V Godot   : Setting up native layer with params: [--xr-mode, off, --fullscreen]
07-17 14:43:38.591   552  1392 I OpenGLRenderer: Davey! duration=5881ms; Flags=0, IntendedVsync=395770868023, Vsync=401370867799, OldestInputEvent=9223372036854775807, NewestInputEvent=0, HandleInputStart=401378803630, AnimationStart=401378808239, PerformTraversalsStart=401378810253, DrawStart=401421698834, SyncQueued=401422368997, SyncStart=401431991793, IssueDrawCommandsStart=401453460864, SwapBuffers=401481552589, FrameCompleted=401661617042, DequeueBufferDuration=23660275, QueueBufferDuration=129993418, GpuCompleted=3467824696600309808,
07-17 14:43:38.655   305   305 D goldfish-address-space: claimShared: Ask to claim region [0x3fac32000 0x3fb059000]
07-17 14:43:38.660   552  1675 I system_server: oneway function results will be dropped but finished with status OK and parcel size 4
07-17 14:43:38.679   552  1392 I OpenGLRenderer: Davey! duration=5941ms; Flags=0, IntendedVsync=395770868023, Vsync=401370867799, OldestInputEvent=9223372036854775807, NewestInputEvent=0, HandleInputStart=401378803630, AnimationStart=401378808239, PerformTraversalsStart=401378810253, DrawStart=401666304274, SyncQueued=401666865509, SyncStart=401690107662, IssueDrawCommandsStart=401691946972, SwapBuffers=401704005047, FrameCompleted=401736016426, DequeueBufferDuration=8846036, QueueBufferDuration=19440255, GpuCompleted=356482289136,
07-17 14:43:38.696   552   572 W Looper  : Slow dispatch took 389ms android.ui h=android.view.Choreographer$FrameHandler c=android.view.Choreographer$FrameDisplayEventReceiver@f0e624a m=0
07-17 14:43:38.699   293   293 E FMQ     : grantorIdx must be less than 3
07-17 14:43:38.704   293   293 E FMQ     : grantorIdx must be less than 3
07-17 14:43:38.784   379   476 E FMQ     : grantorIdx must be less than 3
07-17 14:43:38.823   552   572 W Looper  : Slow dispatch took 125ms android.ui h=android.view.ViewRootImpl$ViewRootHandler c=android.view.-$$Lambda$ViewRootImpl$DJd0VUYJgsebcnSohO6h8zc_ONI@7a94d96 m=0
07-17 14:43:38.799   379   476 E FMQ     : grantorIdx must be less than 3
07-17 14:43:38.856   737   737 I Choreographer: Skipped 369 frames!  The application may be doing too much work on its main thread.
07-17 14:43:38.952   305   305 D goldfish-address-space: claimShared: Ask to claim region [0x3fb059000 0x3fb480000]
07-17 14:43:39.020   379   476 W AudioFlinger: write blocked for 344 msecs, 1 delayed writes, thread 13
07-17 14:43:39.051   440  2876 D AudioTrack: getTimestamp_l(15): device stall time corrected using current time 402122010346
07-17 14:43:39.228   552  1392 I OpenGLRenderer: Davey! duration=6241ms; Flags=0, IntendedVsync=395770868023, Vsync=401370867799, OldestInputEvent=9223372036854775807, NewestInputEvent=0, HandleInputStart=401378803630, AnimationStart=401378808239, PerformTraversalsStart=401378810253, DrawStart=401691244252, SyncQueued=401691808216, SyncStart=401759178998, IssueDrawCommandsStart=401778982243, SwapBuffers=401874148917, FrameCompleted=402079954758, DequeueBufferDuration=40819500, QueueBufferDuration=147241131, GpuCompleted=28263425052536417,
07-17 14:43:39.243   305   305 D goldfish-address-space: claimShared: Ask to claim region [0x3f7e17000 0x3f7ec7000]
07-17 14:43:39.256   737  1239 I OpenGLRenderer: Davey! duration=6536ms; Flags=1, IntendedVsync=395770868023, Vsync=401920867777, OldestInputEvent=9223372036854775807, NewestInputEvent=0, HandleInputStart=401927034945, AnimationStart=401927040294, PerformTraversalsStart=401927219369, DrawStart=402251017026, SyncQueued=402251639187, SyncStart=402270413927, IssueDrawCommandsStart=402270745351, SwapBuffers=402303290937, FrameCompleted=402326422667, DequeueBufferDuration=14911482, QueueBufferDuration=3822993, GpuCompleted=0,
07-17 14:43:39.479   379   476 I AudioFlinger: BUFFER TIMEOUT: remove(55) from active list on thread 0x7fc1481f6040
07-17 14:43:39.524   305   305 D goldfish-address-space: claimShared: Ask to claim region [0x3f7ec7000 0x3f7f53000]
07-17 14:43:39.532   737  1239 I OpenGLRenderer: Davey! duration=6824ms; Flags=1, IntendedVsync=395770868023, Vsync=401920867777, OldestInputEvent=9223372036854775807, NewestInputEvent=0, HandleInputStart=401927034945, AnimationStart=401927040294, PerformTraversalsStart=401927219369, DrawStart=402482930007, SyncQueued=402484097021, SyncStart=402491936733, IssueDrawCommandsStart=402516726779, SwapBuffers=402518538336, FrameCompleted=402603100981, DequeueBufferDuration=56027073, QueueBufferDuration=26364780, GpuCompleted=0,
07-17 14:43:39.541   552  1675 I system_server: oneway function results will be dropped but finished with status OK and parcel size 4
07-17 14:43:39.556   440  2876 W AudioTrack: restartIfDisabled(15): releaseBuffer() track 0xeca86930 disabled due to previous underrun, restarting
07-17 14:43:39.580   737   737 V MediaRouter: Selecting route: RouteInfo{ name=Phone, description=null, status=null, category=RouteCategory{ name=System types=ROUTE_TYPE_LIVE_AUDIO ROUTE_TYPE_LIVE_VIDEO  groupable=false }, supportedTypes=ROUTE_TYPE_LIVE_AUDIO ROUTE_TYPE_LIVE_VIDEO , presentationDisplay=null }
07-17 14:43:39.587   552  1675 I system_server: oneway function results will be dropped but finished with status OK and parcel size 4
07-17 14:43:39.736   737   737 D InterruptionStateProvider: No bubble up: not allowed to bubble: -1|android|19|null|1000
07-17 14:43:39.747   552  1392 I OpenGLRenderer: Davey! duration=873ms; Flags=0, IntendedVsync=401920876732, Vsync=401937543398, OldestInputEvent=9223372036854775807, NewestInputEvent=0, HandleInputStart=401943819446, AnimationStart=401943825432, PerformTraversalsStart=401943827473, DrawStart=402591644106, SyncQueued=402591676840, SyncStart=402614901736, IssueDrawCommandsStart=402615290935, SwapBuffers=402767731814, FrameCompleted=402817593987, DequeueBufferDuration=22108123, QueueBufferDuration=7889611, GpuCompleted=30962664049999907,
07-17 14:43:39.748   552   572 W Looper  : Slow dispatch took 875ms android.ui h=android.view.Choreographer$FrameHandler c=android.view.Choreographer$FrameDisplayEventReceiver@f0e624a m=0
07-17 14:43:39.771   737   737 D InterruptionStateProvider: No heads up: unimportant notification: -1|android|19|null|1000
07-17 14:43:40.285   379   476 D AudioFlinger: mixer(0x7fc1481f6040) throttle end: throttle time(3)
07-17 14:43:40.396   552   572 W Looper  : Drained
07-17 14:43:40.706   379   476 D AudioFlinger: mixer(0x7fc1481f6040) throttle end: throttle time(1)
07-17 14:43:40.984   552   567 I system_server: oneway function results will be dropped but finished with status OK and parcel size 4
07-17 14:43:41.756   737  1239 I OpenGLRenderer: Davey! duration=804ms; Flags=0, IntendedVsync=403945867696, Vsync=403979201028, OldestInputEvent=9223372036854775807, NewestInputEvent=0, HandleInputStart=403989390767, AnimationStart=403989396585, PerformTraversalsStart=403990650476, DrawStart=403990853168, SyncQueued=403991312603, SyncStart=404067979307, IssueDrawCommandsStart=404092764159, SwapBuffers=404786926098, FrameCompleted=404826666334, DequeueBufferDuration=3895176, QueueBufferDuration=34575082, GpuCompleted=0,
07-17 14:43:41.807   737   737 I Choreographer: Skipped 46 frames!  The application may be doing too much work on its main thread.
07-17 14:43:42.051   379   476 D AudioFlinger: mixer(0x7fc1481f6040) throttle end: throttle time(4)
07-17 14:43:42.071   737  1239 I OpenGLRenderer: Davey! duration=903ms; Flags=0, IntendedVsync=404095867690, Vsync=404862534326, OldestInputEvent=9223372036854775807, NewestInputEvent=0, HandleInputStart=404878471197, AnimationStart=404878477840, PerformTraversalsStart=404879564031, DrawStart=404879801040, SyncQueued=404880211128, SyncStart=405022519583, IssueDrawCommandsStart=405028320742, SwapBuffers=405030402636, FrameCompleted=405141768047, DequeueBufferDuration=75214221, QueueBufferDuration=34896014, GpuCompleted=0,
07-17 14:43:42.110   440  2878 D BufferPoolAccessor2.0: bufferpool2 0xf06c0468 : 11(360448 size) total buffers - 8(262144 size) used buffers - 80/91 (recycle/alloc) - 13/178 (fetch/transfer)
07-17 14:43:42.158  2837  2837 V Godot   : Godot native layer setup completed
07-17 14:43:42.165   450  2882 D BufferPoolAccessor2.0: bufferpool2 0x7b0a27e72038 : 7(114688 size) total buffers - 1(16384 size) used buffers - 81/88 (recycle/alloc) - 7/86 (fetch/transfer)
07-17 14:43:42.175  2837  2837 V Godot   : OnInitRenderView: GodotFragment{7882fdb} (ebd9e12b-2ea7-42e7-b2d6-88f1affe8751 id=0x7f07002c)
07-17 14:43:42.268   737  1114 D BufferPoolAccessor2.0: evictor expired: 3, evicted: 0
07-17 14:43:42.449   440  2878 D CCodecBufferChannel: [c2.android.vorbis.decoder#468] buffers after EOS ignored (0 us)
07-17 14:43:42.546   440  2876 D AudioTrack: stop(15): called with 82980 frames delivered
07-17 14:43:42.646  2837  2837 D Godot   : Render view should be transparent: false
07-17 14:43:42.659  2837  2837 D Godot   : renderingDevice: opengl3 (ProjectSettings)
07-17 14:43:42.659  2837  2837 D Godot   : 			renderer: gl_compatibility (ProjectSettings)
07-17 14:43:42.733   552  1124 D BufferPoolAccessor2.0: evictor expired: 2, evicted: 0
07-17 14:43:42.807   552   571 W Looper  : Slow dispatch took 130ms android.fg h=android.os.Handler c=com.android.server.Watchdog$HandlerChecker@cb58246 m=0
07-17 14:43:42.841   552  1675 I MediaFocusControl: abandonAudioFocus() from uid/pid 10121/737 clientId=android.media.AudioManager@3759a6f
07-17 14:43:42.852   737  2870 V MediaPlayer: resetDrmState:  mDrmInfo=null mDrmProvisioningThread=null mPrepareDrmInProgress=false mActiveDrmScheme=false
07-17 14:43:42.853   737  2870 V MediaPlayer: cleanDrmObj: mDrmObj=null mDrmSessionId=null
07-17 14:43:42.870   440   978 D NuPlayerDriver: reset(0xf40c17b0) at state 6
07-17 14:43:43.012   440  2878 I hw-BpHwBinder: onLastStrongRef automatically unlinking death recipients
07-17 14:43:43.026   450  1129 I hw-BpHwBinder: onLastStrongRef automatically unlinking death recipients
07-17 14:43:43.083   450  1129 V C2Store : in ~ComponentModule
07-17 14:43:43.083   450  1129 V C2Store : unloading dll
07-17 14:43:42.997   552  1675 I system_server: oneway function results will be dropped but finished with status OK and parcel size 4
07-17 14:43:43.093   552   574 I system_server: Explicit concurrent copying GC freed 51549(2348KB) AllocSpace objects, 13(876KB) LOS objects, 49% free, 10MB/20MB, paused 163us total 2.168s
07-17 14:43:43.120   440  2872 D NuPlayerDriver: notifyResetComplete(0xf40c17b0)
07-17 14:43:43.141     0     0 I binder  : 552:563 DecRefs 0 refcount change on invalid ref 50 ret -22
07-17 14:43:43.150     0     0 I binder  : 552:563 DecRefs 0 refcount change on invalid ref 56 ret -22
07-17 14:43:43.152     0     0 I binder  : 552:563 DecRefs 0 refcount change on invalid ref 271 ret -22
07-17 14:43:43.152     0     0 I binder  : 552:563 DecRefs 0 refcount change on invalid ref 272 ret -22
07-17 14:43:43.152     0     0 I binder  : 552:563 DecRefs 0 refcount change on invalid ref 306 ret -22
07-17 14:43:43.152     0     0 I binder  : 552:563 DecRefs 0 refcount change on invalid ref 309 ret -22
07-17 14:43:43.153     0     0 I binder  : 552:563 DecRefs 0 refcount change on invalid ref 325 ret -22
07-17 14:43:43.153     0     0 I binder  : 552:563 DecRefs 0 refcount change on invalid ref 327 ret -22
07-17 14:43:43.162   440   978 W AMessage: failed to post message as target looper for handler 0 is gone.
07-17 14:43:43.368     0     0 D logd    : logdr: UID=2000 GID=2000 PID=2890 n tail=0 logMask=99 pid=0 start=0ns timeout=0ns
07-17 14:43:44.255  2837  2837 W ppiie.mooserus: Verification of void androidx.fragment.app.DefaultSpecialEffectsController.createTransitionEffect(java.util.List, boolean, androidx.fragment.app.SpecialEffectsController$Operation, androidx.fragment.app.SpecialEffectsController$Operation) took 102.887ms (11935.38 bytecodes/s) (25920B approximate peak alloc)
07-17 14:43:44.512  2837  2837 V Godot   : OnStart: GodotFragment{7882fdb} (ebd9e12b-2ea7-42e7-b2d6-88f1affe8751 id=0x7f07002c)
07-17 14:43:44.619  2837  2837 V Godot   : OnResume: GodotFragment{7882fdb} (ebd9e12b-2ea7-42e7-b2d6-88f1affe8751 id=0x7f07002c)
07-17 14:43:44.979  2837  2837 I Choreographer: Skipped 980 frames!  The application may be doing too much work on its main thread.
07-17 14:43:45.623   348   400 W ServiceManager: Permission failure: android.permission.ACCESS_SURFACE_FLINGER from uid=10131 pid=2837
07-17 14:43:45.624   348   400 D PermissionCache: checking android.permission.ACCESS_SURFACE_FLINGER for uid=10131 => denied (12491 us)
07-17 14:43:45.634  2837  2864 D HostConnection: HostConnection::get() New Host Connection established 0x7caf897dad10, tid 2864
07-17 14:43:45.790  2837  2864 D HostConnection: HostComposition ext ANDROID_EMU_CHECKSUM_HELPER_v1 ANDROID_EMU_native_sync_v2 ANDROID_EMU_dma_v1 ANDROID_EMU_direct_mem ANDROID_EMU_host_composition_v1 ANDROID_EMU_host_composition_v2 ANDROID_EMU_vulkan ANDROID_EMU_deferred_vulkan_commands ANDROID_EMU_vulkan_null_optional_strings ANDROID_EMU_vulkan_create_resources_with_requirements ANDROID_EMU_YUV_Cache ANDROID_EMU_vulkan_ignored_handles ANDROID_EMU_has_shared_slots_host_memory_allocator ANDROID_EMU_vulkan_free_memory_sync ANDROID_EMU_vulkan_shader_float16_int8 ANDROID_EMU_vulkan_async_queue_submit ANDROID_EMU_sync_buffer_data ANDROID_EMU_vulkan_async_qsri ANDROID_EMU_read_color_buffer_dma ANDROID_EMU_hwc_color_transform GL_OES_EGL_image_external_essl3 GL_OES_vertex_array_object GL_KHR_texture_compression_astc_ldr ANDROID_EMU_host_side_tracing ANDROID_EMU_gles_max_version_3_0
07-17 14:43:45.849   177   177 I hwservicemanager: getTransport: Cannot find entry android.hardware.configstore@1.0::ISurfaceFlingerConfigs/default in either framework or device manifest.
07-17 14:43:45.875  2837  2864 D EGL_emulation: eglCreateContext: 0x7caf7988f380: maj 3 min 0 rcv 3
07-17 14:43:45.887  2837  2864 D EGL_emulation: eglMakeCurrent: 0x7caf7988f380: ver 3 0 (tinfo 0x7caf19843910) (first time)
07-17 14:43:45.896  2837  2896 D HostConnection: HostConnection::get() New Host Connection established 0x7caf897dd110, tid 2896
07-17 14:43:46.079  2837  2896 D HostConnection: HostComposition ext ANDROID_EMU_CHECKSUM_HELPER_v1 ANDROID_EMU_native_sync_v2 ANDROID_EMU_dma_v1 ANDROID_EMU_direct_mem ANDROID_EMU_host_composition_v1 ANDROID_EMU_host_composition_v2 ANDROID_EMU_vulkan ANDROID_EMU_deferred_vulkan_commands ANDROID_EMU_vulkan_null_optional_strings ANDROID_EMU_vulkan_create_resources_with_requirements ANDROID_EMU_YUV_Cache ANDROID_EMU_vulkan_ignored_handles ANDROID_EMU_has_shared_slots_host_memory_allocator ANDROID_EMU_vulkan_free_memory_sync ANDROID_EMU_vulkan_shader_float16_int8 ANDROID_EMU_vulkan_async_queue_submit ANDROID_EMU_sync_buffer_data ANDROID_EMU_vulkan_async_qsri ANDROID_EMU_read_color_buffer_dma ANDROID_EMU_hwc_color_transform GL_OES_EGL_image_external_essl3 GL_OES_vertex_array_object GL_KHR_texture_compression_astc_ldr ANDROID_EMU_host_side_tracing ANDROID_EMU_gles_max_version_3_0
07-17 14:43:46.085  2837  2896 W RegularContextFactory: creating OpenGL ES 3.0 context :
07-17 14:43:46.100   305   305 D goldfish-address-space: claimShared: Ask to claim region [0x3f94e0000 0x3f9e84000]
07-17 14:43:46.108  2837  2896 D EGL_emulation: eglCreateContext: 0x7caf798923a0: maj 3 min 0 rcv 3
07-17 14:43:46.113  2837  2837 W ppiie.mooserus: Long monitor contention with owner GLThread 271 (2896) at void org.godotengine.godot.gl.GLSurfaceView$GLThread.guardedRun()(GLSurfaceView.java:1533) waiters=0 in void org.godotengine.godot.gl.GLSurfaceView$GLThread.requestRenderAndNotify(java.lang.Runnable) for 397ms
07-17 14:43:46.121   305   344 D goldfish-address-space: claimShared: Ask to claim region [0x3fc9a4000 0x3fd348000]
07-17 14:43:46.121   552   567 I system_server: oneway function results will be dropped but finished with status OK and parcel size 4
07-17 14:43:46.145   177   177 I hwservicemanager: getTransport: Cannot find entry android.hardware.graphics.mapper@4.0::IMapper/default in either framework or device manifest.
07-17 14:43:46.153  2837  2864 I Gralloc4: mapper 4.x is not supported
07-17 14:43:46.197  2837  2864 D HostConnection: createUnique: call
07-17 14:43:46.203  2837  2864 D HostConnection: HostConnection::get() New Host Connection established 0x7caf897dcb10, tid 2864
07-17 14:43:46.203  2837  2864 D goldfish-address-space: allocate: Ask for block of size 0x100
07-17 14:43:46.204  2837  2864 D goldfish-address-space: allocate: ioctl allocate returned offset 0x3f3ffe000 size 0x2000
07-17 14:43:46.322  2837  2864 D HostConnection: HostComposition ext ANDROID_EMU_CHECKSUM_HELPER_v1 ANDROID_EMU_native_sync_v2 ANDROID_EMU_dma_v1 ANDROID_EMU_direct_mem ANDROID_EMU_host_composition_v1 ANDROID_EMU_host_composition_v2 ANDROID_EMU_vulkan ANDROID_EMU_deferred_vulkan_commands ANDROID_EMU_vulkan_null_optional_strings ANDROID_EMU_vulkan_create_resources_with_requirements ANDROID_EMU_YUV_Cache ANDROID_EMU_vulkan_ignored_handles ANDROID_EMU_has_shared_slots_host_memory_allocator ANDROID_EMU_vulkan_free_memory_sync ANDROID_EMU_vulkan_shader_float16_int8 ANDROID_EMU_vulkan_async_queue_submit ANDROID_EMU_sync_buffer_data ANDROID_EMU_vulkan_async_qsri ANDROID_EMU_read_color_buffer_dma ANDROID_EMU_hwc_color_transform GL_OES_EGL_image_external_essl3 GL_OES_vertex_array_object GL_KHR_texture_compression_astc_ldr ANDROID_EMU_host_side_tracing ANDROID_EMU_gles_max_version_3_0
07-17 14:43:46.333  2837  2896 D EGL_emulation: eglMakeCurrent: 0x7caf798923a0: ver 3 0 (tinfo 0x7caf19844570) (first time)
07-17 14:43:46.361  2837  2896 I godot   : Godot Engine v4.7.1.stable.official.a13da4feb - https://godotengine.org
07-17 14:43:46.666   305   344 D goldfish-address-space: claimShared: Ask to claim region [0x3fd348000 0x3fdcec000]
07-17 14:43:46.700  2837  2864 I OpenGLRenderer: Davey! duration=18042ms; Flags=1, IntendedVsync=391704201519, Vsync=408037534199, OldestInputEvent=9223372036854775807, NewestInputEvent=0, HandleInputStart=408051189543, AnimationStart=408051215499, PerformTraversalsStart=408067526536, DrawStart=409437082399, SyncQueued=409476178130, SyncStart=409499640287, IssueDrawCommandsStart=409518397057, SwapBuffers=409563091573, FrameCompleted=409770038725, DequeueBufferDuration=23437348, QueueBufferDuration=68712512, GpuCompleted=12,
07-17 14:43:46.748  2837  2837 I Choreographer: Skipped 102 frames!  The application may be doing too much work on its main thread.
07-17 14:43:47.002   305   344 D goldfish-address-space: claimShared: Ask to claim region [0x3fd348000 0x3fdcec000]
07-17 14:43:47.096   552   567 D WifiNl80211Manager: Scan result ready event
07-17 14:43:47.097   552   567 D WifiNative: Scan result ready event
07-17 14:43:47.118   305   344 D goldfish-address-space: claimShared: Ask to claim region [0x3fdcec000 0x3fe690000]
07-17 14:43:47.158  2837  2864 I OpenGLRenderer: Davey! duration=2052ms; Flags=1, IntendedVsync=408104200863, Vsync=409804200795, OldestInputEvent=9223372036854775807, NewestInputEvent=0, HandleInputStart=409819859042, AnimationStart=409819873847, PerformTraversalsStart=409819883022, DrawStart=410105208118, SyncQueued=410106541306, SyncStart=410149898697, IssueDrawCommandsStart=410150455208, SwapBuffers=410161109929, FrameCompleted=410199879901, DequeueBufferDuration=11161479, QueueBufferDuration=13176576, GpuCompleted=32772522036388713,
07-17 14:43:47.212   440  2881 D BufferPoolAccessor2.0: bufferpool2 0xf06c0468 : 0(0 size) total buffers - 0(0 size) used buffers - 91/102 (recycle/alloc) - 13/198 (fetch/transfer)
07-17 14:43:47.217   440  2881 D BufferPoolAccessor2.0: evictor expired: 1, evicted: 1
07-17 14:43:48.284   450   946 D BufferPoolAccessor2.0: bufferpool2 0x7b0a27e72038 : 0(0 size) total buffers - 0(0 size) used buffers - 90/97 (recycle/alloc) - 7/96 (fetch/transfer)
07-17 14:43:48.285   450   946 D BufferPoolAccessor2.0: evictor expired: 1, evicted: 1
07-17 14:43:50.092     0     0 D logd    : logdr: UID=2000 GID=2000 PID=2903 n tail=0 logMask=99 pid=0 start=0ns timeout=0ns
07-17 14:43:50.421  2837  2896 I godot   : 1:
07-17 14:43:50.428  2837  2896 E godot   : ERROR: SceneShaderGLES3: Program linking failed:
07-17 14:43:50.428  2837  2896 E godot   : Fragment shader active uniforms exceed GL_MAX_FRAGMENT_UNIFORM_VECTORS (261)
07-17 14:43:50.428  2837  2896 E godot   :
07-17 14:43:50.428  2837  2896 E godot   :    at: _display_error_with_code (drivers/gles3/shader_gles3.cpp:262)
07-17 14:43:50.429  2837  2896 E godot   : ERROR: Method/function failed.
07-17 14:43:50.429  2837  2896 E godot   :    at: _compile_specialization (drivers/gles3/shader_gles3.cpp:464)
07-17 14:43:50.452  2837  2906 D ProfileInstaller: Installing profile for com.jtripppiie.mooserush
07-17 14:43:50.469  2837  2896 E godot   : ERROR: Condition "p_size < 0" is true. Returning: ERR_INVALID_PARAMETER
07-17 14:43:50.479  2837  2896 E godot   :    at: resize (./core/templates/cowdata.h:404)
07-17 14:43:50.481  2837  2896 E godot   : WARNING: shader failed to compile, unable to bind shader.
07-17 14:43:50.485  2837  2896 E godot   :    at: _version_bind_shader (./drivers/gles3/shader_gles3.h:215)
07-17 14:43:50.638  2837  2896 I godot   : OpenGL API OpenGL ES 3.0 (OpenGL ES 3.0 SwiftShader 4.0.0.1) - Compatibility - Using Device: Google (Google Inc.) - Android Emulator OpenGL ES Translator (Google SwiftShader)
07-17 14:43:50.683  2837  2896 D ppiie.mooserus: PlayerBase::PlayerBase()
07-17 14:43:50.692   552   567 I system_server: oneway function results will be dropped but finished with status OK and parcel size 4
07-17 14:43:50.697  2837  2896 D ppiie.mooserus: TrackPlayerBase::TrackPlayerBase()
07-17 14:43:50.698  2837  2896 I libOpenSLES: Emulating old channel mask behavior (ignoring positional mask 0x3, using default mask 0x3 based on channel count of 2)
07-17 14:43:50.708   552   567 I system_server: oneway function results will be dropped but finished with status OK and parcel size 4
07-17 14:43:50.738   552  2261 I system_server: oneway function results will be dropped but finished with status OK and parcel size 4
07-17 14:43:50.739   552   567 I system_server: oneway function results will be dropped but finished with status OK and parcel size 4
07-17 14:43:50.775   379  2042 W AudioFlinger: createTrack_l(): mismatch between requested flags (00000104) and output flags (00000002)
07-17 14:43:50.778   379  2042 D AudioFlinger: Client defaulted notificationFrames to 882 for frameCount 1956
07-17 14:43:50.800   379  2042 D AF::TrackHandle: OpPlayAudio: track:56 usage:1 not muted
07-17 14:43:50.842  2837  2896 D AudioTrack: createTrack_l(0): AUDIO_OUTPUT_FLAG_FAST denied by server; frameCount 0 -> 1956
07-17 14:43:50.929   379  2042 W APM::AudioPolicyEngine: getDevicesForStrategy() unknown strategy: -1
07-17 14:43:50.931   379  2042 W APM::AudioPolicyEngine: getDevicesForStrategy() unknown strategy: -1
07-17 14:43:50.952  2837  2896 I godot   :
07-17 14:43:50.968   552  2261 I system_server: oneway function results will be dropped but finished with status OK and parcel size 4
07-17 14:43:51.195   379   476 D AudioFlinger: mixer(0x7fc1481f6040) throttle end: throttle time(20)
07-17 14:43:51.310   379   476 D AudioFlinger: mixer(0x7fc1481f6040) throttle end: throttle time(2)
07-17 14:43:51.381   379   476 D AudioFlinger: mixer(0x7fc1481f6040) throttle end: throttle time(1)
07-17 14:43:51.422   379   476 D AudioFlinger: mixer(0x7fc1481f6040) throttle end: throttle time(5)
07-17 14:43:51.446   293  2887 W android.hardware.audio.service.ranchu: TinyalsaSink::write:125 pcm_write was late reading frames, dropping 22131 us of audio
07-17 14:43:51.460   293  2887 W android.hardware.audio.service.ranchu: TinyalsaSink::write:125 pcm_write was late reading frames, dropping 22131 us of audio
07-17 14:43:51.508   379   476 D AudioFlinger: mixer(0x7fc1481f6040) throttle end: throttle time(20)
07-17 14:43:51.521   293  2887 W android.hardware.audio.service.ranchu: TinyalsaSink::write:125 pcm_write was late reading frames, dropping 22131 us of audio
07-17 14:43:51.541   293  2887 I chatty  : uid=1041(audioserver) audio.service.r identical 1 line
07-17 14:43:51.561   293  2887 W android.hardware.audio.service.ranchu: TinyalsaSink::write:125 pcm_write was late reading frames, dropping 22131 us of audio
07-17 14:43:51.612   379   476 D AudioFlinger: mixer(0x7fc1481f6040) throttle end: throttle time(3)
07-17 14:43:51.626   293  2887 W android.hardware.audio.service.ranchu: TinyalsaSink::write:125 pcm_write was late reading frames, dropping 22131 us of audio
07-17 14:43:51.637   293  2887 I chatty  : uid=1041(audioserver) audio.service.r identical 1 line
07-17 14:43:51.657   293  2887 W android.hardware.audio.service.ranchu: TinyalsaSink::write:125 pcm_write was late reading frames, dropping 22131 us of audio
07-17 14:43:51.659   379   476 D AudioFlinger: mixer(0x7fc1481f6040) throttle end: throttle time(1)
07-17 14:43:51.709   293  2887 W android.hardware.audio.service.ranchu: TinyalsaSink::write:125 pcm_write was late reading frames, dropping 22131 us of audio
07-17 14:43:51.755   293  2887 W android.hardware.audio.service.ranchu: TinyalsaSink::write:125 pcm_write was late reading frames, dropping 22131 us of audio
07-17 14:43:51.952   379   476 D AudioFlinger: mixer(0x7fc1481f6040) throttle end: throttle time(17)
07-17 14:43:52.063   293  2887 W android.hardware.audio.service.ranchu: TinyalsaSink::write:125 pcm_write was late reading frames, dropping 22131 us of audio
07-17 14:43:52.285   379   476 D AudioFlinger: mixer(0x7fc1481f6040) throttle end: throttle time(6)
07-17 14:43:52.393   293  2887 W android.hardware.audio.service.ranchu: TinyalsaSink::write:125 pcm_write was late reading frames, dropping 22131 us of audio
07-17 14:43:52.549   293  2887 I chatty  : uid=1041(audioserver) audio.service.r identical 2 lines
07-17 14:43:52.646   293  2887 W android.hardware.audio.service.ranchu: TinyalsaSink::write:125 pcm_write was late reading frames, dropping 22131 us of audio
07-17 14:43:52.982   379   476 D AudioFlinger: mixer(0x7fc1481f6040) throttle end: throttle time(7)
07-17 14:43:53.288   552   573 I DropBoxManagerService: add tag=system_server_strictmode isTagEnabled=true flags=0x2
07-17 14:43:53.312   379   476 D AudioFlinger: mixer(0x7fc1481f6040) throttle end: throttle time(15)
07-17 14:43:53.368   379   476 D AudioFlinger: mixer(0x7fc1481f6040) throttle end: throttle time(11)
07-17 14:43:53.512   379   476 D AudioFlinger: mixer(0x7fc1481f6040) throttle end: throttle time(7)
07-17 14:43:53.543   379   476 D AudioFlinger: mixer(0x7fc1481f6040) throttle end: throttle time(2)
07-17 14:43:53.611   379   476 D AudioFlinger: mixer(0x7fc1481f6040) throttle end: throttle time(4)
07-17 14:43:53.705   552  1675 I system_server: oneway function results will be dropped but finished with status OK and parcel size 4
07-17 14:43:53.906   293  2887 W android.hardware.audio.service.ranchu: TinyalsaSink::write:125 pcm_write was late reading frames, dropping 22131 us of audio
07-17 14:43:53.910   379   476 D AudioFlinger: mixer(0x7fc1481f6040) throttle end: throttle time(2)
07-17 14:43:54.604   379   476 D AudioFlinger: mixer(0x7fc1481f6040) throttle end: throttle time(5)
07-17 14:43:54.684   379   476 D AudioFlinger: mixer(0x7fc1481f6040) throttle end: throttle time(9)
07-17 14:43:54.705  1935  2812 I Dialer  : OmtpVvmCarrierCfgHlpr - OmtpEvent:CONFIG_STATUS_SMS_TIME_OUT
07-17 14:43:54.719  1935  1935 I Dialer  : RetryPolicy - discarding deferred status: configuration_state=4
07-17 14:43:54.753  1935  1935 I Dialer  : VvmTaskExecutor - no more tasks, stopping service if no task are added in 5000 millis
07-17 14:43:54.831  1935  1935 I Dialer  : VvmTaskReceiver - task received
07-17 14:43:54.832  1935  1935 I Dialer  : VvmTaskReceiver - TaskExecutor already running
07-17 14:43:54.847  1935  1935 I Dialer  : Task.createTask - create task:com.android.voicemail.impl.ActivationTask
07-17 14:43:54.849  1935  1935 I Dialer  : RetryPolicy - retry #1 for com.android.voicemail.impl.ActivationTask@7882fdb queued, executing in 5000
07-17 14:43:54.855  1935  1935 I Dialer  : VvmTaskExecutor - com.android.voicemail.impl.ActivationTask@7882fdb added
07-17 14:43:54.856  1935  1935 I Dialer  : VvmTaskExecutor - minimal wait time:4994
07-17 14:43:54.862  1935  1935 I Dialer  : VvmTaskExecutor - sleep for 4994 millis
07-17 14:43:55.358   379   476 D AudioFlinger: mixer(0x7fc1481f6040) throttle end: throttle time(5)
07-17 14:43:55.491   379   476 D AudioFlinger: mixer(0x7fc1481f6040) throttle end: throttle time(20)
07-17 14:43:55.706   379   476 D AudioFlinger: mixer(0x7fc1481f6040) throttle end: throttle time(2)
07-17 14:43:55.950   379   476 D AudioFlinger: mixer(0x7fc1481f6040) throttle end: throttle time(3)
07-17 14:43:56.416     0     0 D logd    : logdr: UID=2000 GID=2000 PID=2909 n tail=0 logMask=99 pid=0 start=0ns timeout=0ns
07-17 14:43:56.426   379   476 D AudioFlinger: mixer(0x7fc1481f6040) throttle end: throttle time(1)
07-17 14:43:56.559   379   476 D AudioFlinger: mixer(0x7fc1481f6040) throttle end: throttle time(3)
07-17 14:43:56.682   379   476 D AudioFlinger: mixer(0x7fc1481f6040) throttle end: throttle time(1)
07-17 14:43:57.200   379   476 D AudioFlinger: mixer(0x7fc1481f6040) throttle end: throttle time(8)
07-17 14:43:57.372   293  2887 W android.hardware.audio.service.ranchu: TinyalsaSink::write:125 pcm_write was late reading frames, dropping 22131 us of audio
07-17 14:43:57.492   379   476 D AudioFlinger: mixer(0x7fc1481f6040) throttle end: throttle time(4)
07-17 14:43:57.645   379   476 D AudioFlinger: mixer(0x7fc1481f6040) throttle end: throttle time(2)
07-17 14:43:57.709   379   476 D AudioFlinger: mixer(0x7fc1481f6040) throttle end: throttle time(5)
07-17 14:43:58.190   305   344 D goldfish-address-space: claimShared: Ask to claim region [0x3f94e0000 0x3f9e84000]
07-17 14:43:58.305   379   476 D AudioFlinger: mixer(0x7fc1481f6040) throttle end: throttle time(5)
07-17 14:43:58.714   293  2887 W android.hardware.audio.service.ranchu: TinyalsaSink::write:125 pcm_write was late reading frames, dropping 22131 us of audio
07-17 14:43:58.743   305   344 D goldfish-address-space: claimShared: Ask to claim region [0x3fe690000 0x3ff034000]
07-17 14:43:58.769   552  2261 W system_server: Long monitor contention with owner android.anim (575) at void com.android.server.wm.WindowSurfacePlacer$Traverser.run()(WindowSurfacePlacer.java:59) waiters=1 in void com.android.server.wm.WindowManagerService.setTransparentRegionWindow(com.android.server.wm.Session, android.view.IWindow, android.graphics.Region) for 112ms
07-17 14:43:58.856   305   344 D goldfish-address-space: claimShared: Ask to claim region [0x3ff034000 0x3ff9d8000]
07-17 14:43:59.118   379   476 D AudioFlinger: mixer(0x7fc1481f6040) throttle end: throttle time(4)
07-17 14:43:59.294   379   476 D AudioFlinger: mixer(0x7fc1481f6040) throttle end: throttle time(14)
07-17 14:43:59.343   379   476 D AudioFlinger: mixer(0x7fc1481f6040) throttle end: throttle time(10)
07-17 14:43:59.454   379   476 D AudioFlinger: mixer(0x7fc1481f6040) throttle end: throttle time(20)
07-17 14:43:59.587   379   476 D AudioFlinger: mixer(0x7fc1481f6040) throttle end: throttle time(56)
07-17 14:43:59.622   379   476 D AudioFlinger: mixer(0x7fc1481f6040) throttle end: throttle time(10)
07-17 14:43:59.652   379   476 D AudioFlinger: mixer(0x7fc1481f6040) throttle end: throttle time(1)
07-17 14:43:59.749   379   476 D AudioFlinger: mixer(0x7fc1481f6040) throttle end: throttle time(4)
07-17 14:43:59.811   379   476 D AudioFlinger: mixer(0x7fc1481f6040) throttle end: throttle time(10)
07-17 14:43:59.868   379   476 D AudioFlinger: mixer(0x7fc1481f6040) throttle end: throttle time(11)
07-17 14:43:59.898   379   476 D AudioFlinger: mixer(0x7fc1481f6040) throttle end: throttle time(2)
07-17 14:43:59.911  1935  2812 I Dialer  : VvmTaskExecutor - executing task com.android.voicemail.impl.ActivationTask@7882fdb
07-17 14:43:59.936  1935  2812 I Dialer  : PreOMigrationHandler - ComponentInfo{com.android.phone/com.android.services.telephony.TelephonyConnectionService}, ***, UserHandle{0} already migrated
07-17 14:44:00.115   737   737 D KeyguardClockSwitch: Updating clock: 244
07-17 14:44:00.238   379   476 D AudioFlinger: mixer(0x7fc1481f6040) throttle end: throttle time(3)
07-17 14:44:00.572   379   476 D AudioFlinger: mixer(0x7fc1481f6040) throttle end: throttle time(2)
07-17 14:44:00.577  2010  2032 I VoicemailNotifier: receivers for android.intent.action.PROVIDER_CHANGED :[]
07-17 14:44:00.618  1935  2812 I Dialer  : VvmActivationTask - VVM content provider configured - vvm_type_cvvm
07-17 14:44:00.619  1935  2812 I Dialer  : OmtpVvmCarrierCfgHlpr - OmtpEvent:CONFIG_ACTIVATING
07-17 14:44:00.784  2010  2032 I VoicemailNotifier: receivers for android.intent.action.PROVIDER_CHANGED :[]
07-17 14:44:01.031  2439  2724 D SmsNumberUtils: enter filterDestAddr. destAddr="[BajqU4K5_YhSYbs-7QUn0dOwcmI]"
07-17 14:44:01.049  2439  2724 D SmsNumberUtils: destAddr is not formatted.
07-17 14:44:01.051  2439  2724 D SmsNumberUtils: leave filterDestAddr, new destAddr="[BajqU4K5_YhSYbs-7QUn0dOwcmI]"
07-17 14:44:01.290   379   476 D AudioFlinger: mixer(0x7fc1481f6040) throttle end: throttle time(11)
