07-17 14:45:01.428  1935  1935 I Dialer  : VvmTaskExecutor - no more tasks, stopping service if no task are added in 5000 millis
07-17 14:45:01.519   379   476 D AudioFlinger: mixer(0x7fc1481f6040) throttle end: throttle time(1)
07-17 14:45:01.551  1935  1935 I Dialer  : VvmTaskReceiver - task received
07-17 14:45:01.555  1935  1935 I Dialer  : VvmTaskReceiver - TaskExecutor already running
07-17 14:45:01.561  1935  1935 I Dialer  : Task.createTask - create task:com.android.voicemail.impl.ActivationTask
07-17 14:45:01.563  1935  1935 I Dialer  : RetryPolicy - retry #2 for com.android.voicemail.impl.ActivationTask@f0d158d queued, executing in 5000
07-17 14:45:01.564  1935  1935 I Dialer  : VvmTaskExecutor - com.android.voicemail.impl.ActivationTask@f0d158d added
07-17 14:45:01.568  1935  1935 I Dialer  : VvmTaskExecutor - minimal wait time:4999
07-17 14:45:01.569  1935  1935 I Dialer  : VvmTaskExecutor - sleep for 4999 millis
07-17 14:45:01.674   379   476 D AudioFlinger: mixer(0x7fc1481f6040) throttle end: throttle time(3)
07-17 14:45:01.971   379   476 D AudioFlinger: mixer(0x7fc1481f6040) throttle end: throttle time(11)
07-17 14:45:02.017   379   476 D AudioFlinger: mixer(0x7fc1481f6040) throttle end: throttle time(8)
07-17 14:45:02.337   379   476 D AudioFlinger: mixer(0x7fc1481f6040) throttle end: throttle time(32)
07-17 14:45:02.446   379   476 D AudioFlinger: mixer(0x7fc1481f6040) throttle end: throttle time(3)
07-17 14:45:02.514   379   476 D AudioFlinger: mixer(0x7fc1481f6040) throttle end: throttle time(5)
07-17 14:45:02.666   379   476 D AudioFlinger: mixer(0x7fc1481f6040) throttle end: throttle time(43)
07-17 14:45:02.747   379   476 D AudioFlinger: mixer(0x7fc1481f6040) throttle end: throttle time(3)
07-17 14:45:02.886   379   476 D AudioFlinger: mixer(0x7fc1481f6040) throttle end: throttle time(35)
07-17 14:45:03.050   379   476 D AudioFlinger: mixer(0x7fc1481f6040) throttle end: throttle time(4)
07-17 14:45:03.711   379   476 D AudioFlinger: mixer(0x7fc1481f6040) throttle end: throttle time(2)
07-17 14:45:03.762   379   476 D AudioFlinger: mixer(0x7fc1481f6040) throttle end: throttle time(5)
07-17 14:45:03.814   379   476 D AudioFlinger: mixer(0x7fc1481f6040) throttle end: throttle time(8)
07-17 14:45:03.912   379   476 D AudioFlinger: mixer(0x7fc1481f6040) throttle end: throttle time(5)
07-17 14:45:03.970   379   476 D AudioFlinger: mixer(0x7fc1481f6040) throttle end: throttle time(7)
07-17 14:45:04.173   379   476 D AudioFlinger: mixer(0x7fc1481f6040) throttle end: throttle time(7)
07-17 14:45:04.244   379   476 D AudioFlinger: mixer(0x7fc1481f6040) throttle end: throttle time(5)
07-17 14:45:04.638   379   476 D AudioFlinger: mixer(0x7fc1481f6040) throttle end: throttle time(10)
07-17 14:45:04.952   379   476 D AudioFlinger: mixer(0x7fc1481f6040) throttle end: throttle time(2)
07-17 14:45:05.127   379   476 D AudioFlinger: mixer(0x7fc1481f6040) throttle end: throttle time(1)
07-17 14:45:05.362   379   476 D AudioFlinger: mixer(0x7fc1481f6040) throttle end: throttle time(1)
07-17 14:45:05.450   379   476 D AudioFlinger: mixer(0x7fc1481f6040) throttle end: throttle time(4)
07-17 14:45:05.583   379   476 D AudioFlinger: mixer(0x7fc1481f6040) throttle end: throttle time(5)
07-17 14:45:05.844   379   476 D AudioFlinger: mixer(0x7fc1481f6040) throttle end: throttle time(1)
07-17 14:45:06.091   379   476 D AudioFlinger: mixer(0x7fc1481f6040) throttle end: throttle time(2)
07-17 14:45:06.165   379   476 D AudioFlinger: mixer(0x7fc1481f6040) throttle end: throttle time(2)
07-17 14:45:06.259   379   476 D AudioFlinger: mixer(0x7fc1481f6040) throttle end: throttle time(3)
07-17 14:45:06.367   379   476 D AudioFlinger: mixer(0x7fc1481f6040) throttle end: throttle time(1)
07-17 14:45:06.410   379   476 D AudioFlinger: mixer(0x7fc1481f6040) throttle end: throttle time(7)
07-17 14:45:06.474   379   476 D AudioFlinger: mixer(0x7fc1481f6040) throttle end: throttle time(5)
07-17 14:45:06.553   379   476 D AudioFlinger: mixer(0x7fc1481f6040) throttle end: throttle time(3)
07-17 14:45:06.617  1935  2812 I Dialer  : VvmTaskExecutor - executing task com.android.voicemail.impl.ActivationTask@f0d158d
07-17 14:45:06.651  1935  2812 I Dialer  : PreOMigrationHandler - ComponentInfo{com.android.phone/com.android.services.telephony.TelephonyConnectionService}, ***, UserHandle{0} already migrated
07-17 14:45:06.742   379   476 D AudioFlinger: mixer(0x7fc1481f6040) throttle end: throttle time(2)
07-17 14:45:06.810   379   476 D AudioFlinger: mixer(0x7fc1481f6040) throttle end: throttle time(9)
07-17 14:45:07.191   379   476 D AudioFlinger: mixer(0x7fc1481f6040) throttle end: throttle time(4)
07-17 14:45:07.248   528   528 E netmgr  : qemu_pipe_open_ns:62: Could not connect to the 'pipe:qemud:network' service: Invalid argument
07-17 14:45:07.249   528   528 E netmgr  : Failed to open QEMU pipe 'qemud:network': Invalid argument
07-17 14:45:07.323   379   476 D AudioFlinger: mixer(0x7fc1481f6040) throttle end: throttle time(6)
07-17 14:45:07.598  2010  2032 I VoicemailNotifier: receivers for android.intent.action.PROVIDER_CHANGED :[]
07-17 14:45:07.653  1935  2812 I Dialer  : VvmActivationTask - VVM content provider configured - vvm_type_cvvm
07-17 14:45:07.676   379   476 D AudioFlinger: mixer(0x7fc1481f6040) throttle end: throttle time(3)
07-17 14:45:07.720  1935  2812 I Dialer  : OmtpVvmCarrierCfgHlpr - OmtpEvent:CONFIG_ACTIVATING
07-17 14:45:07.829   379   476 D AudioFlinger: mixer(0x7fc1481f6040) throttle end: throttle time(2)
07-17 14:45:07.962   379   476 D AudioFlinger: mixer(0x7fc1481f6040) throttle end: throttle time(7)
07-17 14:45:08.048   530   530 E wifi_forwarder: qemu_pipe_open_ns:62: Could not connect to the 'pipe:qemud:wififorward' service: Invalid argument
07-17 14:45:08.049   530   530 E wifi_forwarder: RemoteConnection failed to initialize: RemoteConnection failed to open pipe
07-17 14:45:08.084  2010  2032 I VoicemailNotifier: receivers for android.intent.action.PROVIDER_CHANGED :[]
07-17 14:45:08.423   379   476 D AudioFlinger: mixer(0x7fc1481f6040) throttle end: throttle time(6)
07-17 14:45:08.599   379   476 D AF::Track: interceptBuffer: took 4219us to intercept 0 tracks
07-17 14:45:08.644  2439  2794 D SmsNumberUtils: enter filterDestAddr. destAddr="[BajqU4K5_YhSYbs-7QUn0dOwcmI]"
07-17 14:45:08.745  2439  2794 D SmsNumberUtils: destAddr is not formatted.
07-17 14:45:08.750  2439  2794 D SmsNumberUtils: leave filterDestAddr, new destAddr="[BajqU4K5_YhSYbs-7QUn0dOwcmI]"
07-17 14:45:09.229   379   476 D AudioFlinger: mixer(0x7fc1481f6040) throttle end: throttle time(1)
07-17 14:45:09.515   379   476 D AudioFlinger: mixer(0x7fc1481f6040) throttle end: throttle time(7)
07-17 14:45:09.663   379   476 D AudioFlinger: mixer(0x7fc1481f6040) throttle end: throttle time(13)
07-17 14:45:09.752   379   476 D AudioFlinger: mixer(0x7fc1481f6040) throttle end: throttle time(5)
07-17 14:45:09.942   379   476 D AudioFlinger: mixer(0x7fc1481f6040) throttle end: throttle time(8)
07-17 14:45:10.064   379   476 D AudioFlinger: mixer(0x7fc1481f6040) throttle end: throttle time(12)
07-17 14:45:10.132   379   476 D AudioFlinger: mixer(0x7fc1481f6040) throttle end: throttle time(2)
07-17 14:45:10.203   379   476 D AudioFlinger: mixer(0x7fc1481f6040) throttle end: throttle time(1)
07-17 14:45:10.268   379   476 D AudioFlinger: mixer(0x7fc1481f6040) throttle end: throttle time(3)
07-17 14:45:10.340   379   476 D AudioFlinger: mixer(0x7fc1481f6040) throttle end: throttle time(6)
07-17 14:45:10.477   379   476 D AudioFlinger: mixer(0x7fc1481f6040) throttle end: throttle time(4)
07-17 14:45:10.677   379   476 D AudioFlinger: mixer(0x7fc1481f6040) throttle end: throttle time(4)
07-17 14:45:11.044   379   476 D AudioFlinger: mixer(0x7fc1481f6040) throttle end: throttle time(11)
07-17 14:45:11.792   379   476 D AudioFlinger: mixer(0x7fc1481f6040) throttle end: throttle time(11)
07-17 14:45:11.932   379   476 D AudioFlinger: mixer(0x7fc1481f6040) throttle end: throttle time(5)
07-17 14:45:11.958   379   476 D AudioFlinger: mixer(0x7fc1481f6040) throttle end: throttle time(2)
07-17 14:45:12.219   379   476 D AudioFlinger: mixer(0x7fc1481f6040) throttle end: throttle time(13)
07-17 14:45:12.379   379   476 D AudioFlinger: mixer(0x7fc1481f6040) throttle end: throttle time(6)
07-17 14:45:12.426   379   476 D AudioFlinger: mixer(0x7fc1481f6040) throttle end: throttle time(4)
07-17 14:45:12.618   379   476 D AudioFlinger: mixer(0x7fc1481f6040) throttle end: throttle time(4)
07-17 14:45:13.272   379   476 D AudioFlinger: mixer(0x7fc1481f6040) throttle end: throttle time(13)
07-17 14:45:13.352   176   176 I servicemanager: Since 'apexservice' could not be found, trying to start it as a lazy AIDL service
07-17 14:45:13.474     0     0 I init    : starting service 'apexd'...
07-17 14:45:13.648     0     0 I init    : Control message: Processed ctl.interface_start for 'aidl/apexservice' from pid: 176 (/system/bin/servicemanager)
07-17 14:45:14.420   176   176 I servicemanager: Since 'apexservice' could not be found, trying to start it as a lazy AIDL service
07-17 14:45:14.450   552  2261 W ServiceManager: Waited one second for apexservice
07-17 14:45:14.603   379   476 D AudioFlinger: mixer(0x7fc1481f6040) throttle end: throttle time(3)
07-17 14:45:15.472   176   176 I servicemanager: Since 'apexservice' could not be found, trying to start it as a lazy AIDL service
07-17 14:45:14.470     0     0 I init    : Control message: Processed ctl.interface_start for 'aidl/apexservice' from pid: 176 (/system/bin/servicemanager)
07-17 14:45:15.517     0     0 I apexd   : Scanning /system/apex for preinstalled data
07-17 14:45:15.535     0     0 I init    : Control message: Processed ctl.interface_start for 'aidl/apexservice' from pid: 176 (/system/bin/servicemanager)
07-17 14:45:15.484   552  2261 W ServiceManager: Waited one second for apexservice
07-17 14:45:15.951     0     0 I apexd   : Scanning /system_ext/apex for preinstalled data
07-17 14:45:15.952     0     0 I apexd   : ... does not exist. Skipping
07-17 14:45:15.952     0     0 I apexd   : Scanning /product/apex for preinstalled data
07-17 14:45:15.952     0     0 I apexd   : ... does not exist. Skipping
07-17 14:45:15.953     0     0 I apexd   : Scanning /vendor/apex for preinstalled data
07-17 14:45:15.953     0     0 I apexd   : ... does not exist. Skipping
07-17 14:45:15.953     0     0 I apexd   : Populating APEX database from mounts...
07-17 14:45:16.070     0     0 I apexd   : Found "/apex/com.android.neuralnetworks@300000000" backed by file /system/apex/com.android.neuralnetworks.apex
07-17 14:45:16.077     0     0 I apexd   : Found "/apex/com.android.runtime@1" backed by file /system/apex/com.android.runtime.apex
07-17 14:45:16.107     0     0 I apexd   : Found "/apex/com.android.resolv@300000000" backed by file /system/apex/com.android.resolv.apex
07-17 14:45:16.109     0     0 I apexd   : Found "/apex/com.android.extservices@300000000" backed by file /system/apex/com.android.extservices.apex
07-17 14:45:16.167     0     0 I apexd   : Found "/apex/com.android.tethering@300000000" backed by file /system/apex/com.android.tethering.apex
07-17 14:45:16.168     0     0 I apexd   : Found "/apex/com.android.cellbroadcast@300000000" backed by file /system/apex/com.android.cellbroadcast.apex
07-17 14:45:16.172     0     0 I apexd   : Found "/apex/com.android.vndk.v30@1" backed by file /system/apex/com.android.vndk.current.apex
07-17 14:45:16.290   379   476 D AudioFlinger: mixer(0x7fc1481f6040) throttle end: throttle time(23)
07-17 14:45:16.197     0     0 I apexd   : Found "/apex/com.android.art@1" backed by file /system/apex/com.android.art.debug.apex
07-17 14:45:16.273     0     0 I apexd   : Found "/apex/com.android.conscrypt@300000000" backed by file /system/apex/com.android.conscrypt.apex
07-17 14:45:16.293     0     0 I apexd   : Found "/apex/com.android.apex.cts.shim@1" backed by file /system/apex/com.android.apex.cts.shim.apex
07-17 14:45:16.297     0     0 I apexd   : Found "/apex/com.android.i18n@1" backed by file /system/apex/com.android.i18n.apex
07-17 14:45:16.320     0     0 I apexd   : Found "/apex/com.android.permission@300000000" backed by file /system/apex/com.android.permission.apex
07-17 14:45:16.349     0     0 I apexd   : Found "/apex/com.android.media@300000000" backed by file /system/apex/com.android.media.apex
07-17 14:45:16.373     0     0 I apexd   : Found "/apex/com.android.adbd@300000000" backed by file /system/apex/com.android.adbd.apex
07-17 14:45:16.379     0     0 I apexd   : Found "/apex/com.android.mediaprovider@300000000" backed by file /system/apex/com.android.mediaprovider.apex
07-17 14:45:16.433     0     0 I apexd   : Found "/apex/com.android.ipsec@300000000" backed by file /system/apex/com.android.ipsec.apex
07-17 14:45:16.456     0     0 I apexd   : Found "/apex/com.android.tzdata@300000000" backed by file /system/apex/com.android.tzdata.apex
07-17 14:45:16.457     0     0 I apexd   : Found "/apex/com.android.media.swcodec@300000000" backed by file /system/apex/com.android.media.swcodec.apex
07-17 14:45:16.475     0     0 I apexd   : Found "/apex/com.android.os.statsd@300000000" backed by file /system/apex/com.android.os.statsd.apex
07-17 14:45:16.478     0     0 I apexd   : Found "/apex/com.android.wifi@300000000" backed by file /system/apex/com.android.wifi.apex
07-17 14:45:16.479     0     0 I apexd   : Found "/apex/com.android.sdkext@300000000" backed by file /system/apex/com.android.sdkext.apex
07-17 14:45:16.500     0     0 I apexd   : 21 packages restored.
07-17 14:45:16.520     0     0 I init    : Control message: Processed ctl.interface_start for 'aidl/apexservice' from pid: 176 (/system/bin/servicemanager)
07-17 14:45:16.493   379   476 D AudioFlinger: mixer(0x7fc1481f6040) throttle end: throttle time(1)
07-17 14:45:16.498   176   176 I servicemanager: Since 'apexservice' could not be found, trying to start it as a lazy AIDL service
07-17 14:45:16.500   552  2261 W ServiceManager: Waited one second for apexservice
07-17 14:45:16.527     0     0 I AidlLazyServiceRegistrar: Registering service apexservice
07-17 14:45:16.561     0     0 I AidlLazyServiceRegistrar: Trying to shut down the service. No clients in use for any service in process.
07-17 14:45:16.574     0     0 I AidlLazyServiceRegistrar: Failed to unregister service apexservice
07-17 14:45:16.540   176   176 I BpBinder: onLastStrongRef automatically unlinking death recipients: <uncached descriptor>
07-17 14:45:16.557   176   176 I servicemanager: Tried to unregister apexservice, but there is about to be a client.
07-17 14:45:16.948   379   476 D AudioFlinger: mixer(0x7fc1481f6040) throttle end: throttle time(2)
07-17 14:45:17.056   176   176 I servicemanager: Notifying apexservice they have clients: 1
07-17 14:45:17.099   379   476 D AudioFlinger: mixer(0x7fc1481f6040) throttle end: throttle time(4)
07-17 14:45:17.156     0     0 I AidlLazyServiceRegistrar: Process has 1 (of 1 available) client(s) in use after notification android.apex.IApexService has clients: 1
07-17 14:45:18.388   379   476 D AudioFlinger: mixer(0x7fc1481f6040) throttle end: throttle time(2)
07-17 14:45:18.631   379   476 D AudioFlinger: mixer(0x7fc1481f6040) throttle end: throttle time(4)
07-17 14:45:18.842   379   476 D AudioFlinger: mixer(0x7fc1481f6040) throttle end: throttle time(63)
07-17 14:45:18.907   379   476 D AudioFlinger: mixer(0x7fc1481f6040) throttle end: throttle time(9)
07-17 14:45:18.976   379   476 D AudioFlinger: mixer(0x7fc1481f6040) throttle end: throttle time(20)
07-17 14:45:19.040   379   476 D AudioFlinger: mixer(0x7fc1481f6040) throttle end: throttle time(10)
07-17 14:45:19.148   379   476 D AudioFlinger: mixer(0x7fc1481f6040) throttle end: throttle time(14)
07-17 14:45:21.133   305   344 D goldfish-address-space: claimShared: Ask to claim region [0x3f5b88000 0x3f652c000]
07-17 14:45:21.516   177   177 I hwservicemanager: getTransport: Cannot find entry android.hardware.graphics.mapper@4.0::IMapper/default in either framework or device manifest.
07-17 14:45:21.590  2939  2939 I Gralloc4: mapper 4.x is not supported
07-17 14:45:21.685   379   476 D AudioFlinger: mixer(0x7fc1481f6040) throttle end: throttle time(7)
07-17 14:45:21.835   379   476 D AudioFlinger: mixer(0x7fc1481f6040) throttle end: throttle time(1)
07-17 14:45:21.910  2939  2939 D HostConnection: createUnique: call
07-17 14:45:21.913  2939  2939 D HostConnection: HostConnection::get() New Host Connection established 0x7968fb19c4d0, tid 2939
07-17 14:45:21.966  2939  2939 D goldfish-address-space: allocate: Ask for block of size 0x100
07-17 14:45:21.967  2939  2939 D goldfish-address-space: allocate: ioctl allocate returned offset 0x3f3ffe000 size 0x2000
07-17 14:45:22.011   379   476 D AudioFlinger: mixer(0x7fc1481f6040) throttle end: throttle time(10)
07-17 14:45:22.093   379   476 D AudioFlinger: mixer(0x7fc1481f6040) throttle end: throttle time(10)
07-17 14:45:22.176  2939  2939 D HostConnection: HostComposition ext ANDROID_EMU_CHECKSUM_HELPER_v1 ANDROID_EMU_native_sync_v2 ANDROID_EMU_dma_v1 ANDROID_EMU_direct_mem ANDROID_EMU_host_composition_v1 ANDROID_EMU_host_composition_v2 ANDROID_EMU_vulkan ANDROID_EMU_deferred_vulkan_commands ANDROID_EMU_vulkan_null_optional_strings ANDROID_EMU_vulkan_create_resources_with_requirements ANDROID_EMU_YUV_Cache ANDROID_EMU_vulkan_ignored_handles ANDROID_EMU_has_shared_slots_host_memory_allocator ANDROID_EMU_vulkan_free_memory_sync ANDROID_EMU_vulkan_shader_float16_int8 ANDROID_EMU_vulkan_async_queue_submit ANDROID_EMU_sync_buffer_data ANDROID_EMU_vulkan_async_qsri ANDROID_EMU_read_color_buffer_dma ANDROID_EMU_hwc_color_transform GL_OES_EGL_image_external_essl3 GL_OES_vertex_array_object GL_KHR_texture_compression_astc_ldr ANDROID_EMU_host_side_tracing ANDROID_EMU_gles_max_version_3_0
07-17 14:45:23.549   379   476 D AudioFlinger: mixer(0x7fc1481f6040) throttle end: throttle time(17)
07-17 14:45:23.999   379   476 D AudioFlinger: mixer(0x7fc1481f6040) throttle end: throttle time(2)
07-17 14:45:24.596   379   476 D AudioFlinger: mixer(0x7fc1481f6040) throttle end: throttle time(19)
07-17 14:45:24.826   379   476 D AudioFlinger: mixer(0x7fc1481f6040) throttle end: throttle time(13)
07-17 14:45:25.069   461   461 E livelock: sample 10.825s
07-17 14:45:25.178   379   476 D AudioFlinger: mixer(0x7fc1481f6040) throttle end: throttle time(1)
07-17 14:45:25.559   379   476 D AudioFlinger: mixer(0x7fc1481f6040) throttle end: throttle time(3)
07-17 14:45:25.999   379   476 D AudioFlinger: mixer(0x7fc1481f6040) throttle end: throttle time(29)
07-17 14:45:26.471   379   476 D AudioFlinger: mixer(0x7fc1481f6040) throttle end: throttle time(4)
07-17 14:45:26.790   379   476 D AudioFlinger: mixer(0x7fc1481f6040) throttle end: throttle time(2)
07-17 14:45:26.901   379   476 D AudioFlinger: mixer(0x7fc1481f6040) throttle end: throttle time(7)
07-17 14:45:27.226   379   476 D AudioFlinger: mixer(0x7fc1481f6040) throttle end: throttle time(3)
07-17 14:45:27.382   379   476 D AudioFlinger: mixer(0x7fc1481f6040) throttle end: throttle time(6)
07-17 14:45:27.426   379   476 D AudioFlinger: mixer(0x7fc1481f6040) throttle end: throttle time(4)
07-17 14:45:27.679   379   476 D AudioFlinger: mixer(0x7fc1481f6040) throttle end: throttle time(11)
07-17 14:45:27.766   379   476 D AudioFlinger: mixer(0x7fc1481f6040) throttle end: throttle time(17)
07-17 14:45:27.906   379   476 D AudioFlinger: mixer(0x7fc1481f6040) throttle end: throttle time(6)
07-17 14:45:28.082   379   476 D AudioFlinger: mixer(0x7fc1481f6040) throttle end: throttle time(5)
07-17 14:45:28.130   379   476 D AudioFlinger: mixer(0x7fc1481f6040) throttle end: throttle time(1)
07-17 14:45:28.174   379   476 D AudioFlinger: mixer(0x7fc1481f6040) throttle end: throttle time(5)
07-17 14:45:28.492   379   476 D AudioFlinger: mixer(0x7fc1481f6040) throttle end: throttle time(6)
07-17 14:45:28.630   379   476 D AudioFlinger: mixer(0x7fc1481f6040) throttle end: throttle time(1)
07-17 14:45:28.876   379   476 D AudioFlinger: mixer(0x7fc1481f6040) throttle end: throttle time(13)
07-17 14:45:29.455   379   476 D AF::Track: interceptBuffer: took 13319us to intercept 0 tracks
07-17 14:45:29.862   379   476 D AudioFlinger: mixer(0x7fc1481f6040) throttle end: throttle time(2)
07-17 14:45:29.914   379   476 D AudioFlinger: mixer(0x7fc1481f6040) throttle end: throttle time(2)
07-17 14:45:30.211   379   476 D AudioFlinger: mixer(0x7fc1481f6040) throttle end: throttle time(29)
07-17 14:45:30.320   379   476 D AudioFlinger: mixer(0x7fc1481f6040) throttle end: throttle time(16)
07-17 14:45:31.623   379   476 D AudioFlinger: mixer(0x7fc1481f6040) throttle end: throttle time(4)
07-17 14:45:32.069   379   476 D AudioFlinger: mixer(0x7fc1481f6040) throttle end: throttle time(3)
07-17 14:45:32.264   379   476 D AudioFlinger: mixer(0x7fc1481f6040) throttle end: throttle time(10)
07-17 14:45:32.383   379   476 D AudioFlinger: mixer(0x7fc1481f6040) throttle end: throttle time(13)
07-17 14:45:32.636   379   476 D AudioFlinger: mixer(0x7fc1481f6040) throttle end: throttle time(18)
07-17 14:45:32.875   379   476 D AudioFlinger: mixer(0x7fc1481f6040) throttle end: throttle time(2)
07-17 14:45:33.149   379   476 D AudioFlinger: mixer(0x7fc1481f6040) throttle end: throttle time(2)
07-17 14:45:33.415   379   476 D AudioFlinger: mixer(0x7fc1481f6040) throttle end: throttle time(10)
07-17 14:45:33.678     0     0 D logd    : logdr: UID=2000 GID=2000 PID=2941 n tail=0 logMask=99 pid=0 start=0ns timeout=0ns
07-17 14:45:33.914   379   476 D AudioFlinger: mixer(0x7fc1481f6040) throttle end: throttle time(4)
07-17 14:45:33.990   379   476 D AudioFlinger: mixer(0x7fc1481f6040) throttle end: throttle time(1)
07-17 14:45:34.282   379   476 D AudioFlinger: mixer(0x7fc1481f6040) throttle end: throttle time(2)
07-17 14:45:34.374   379   476 D AudioFlinger: mixer(0x7fc1481f6040) throttle end: throttle time(6)
07-17 14:45:34.522   379   476 D AudioFlinger: mixer(0x7fc1481f6040) throttle end: throttle time(2)
07-17 14:45:34.599   379   476 D AudioFlinger: mixer(0x7fc1481f6040) throttle end: throttle time(23)
07-17 14:45:34.706   379   476 D AudioFlinger: mixer(0x7fc1481f6040) throttle end: throttle time(2)
