--------- beginning of main
07-17 14:43:15.885   461   461 W livelock: sample 1.648s
--------- beginning of system
07-17 14:43:22.654   552   566 I ActivityManager: Force stopping com.jtripppiie.mooserush appid=10131 user=0: from pid 2829
07-17 14:43:22.666   552   566 I ActivityManager: Killing 2204:com.android.dynsystem/1000 (adj 985): empty #17
07-17 14:43:22.771   288   288 I Zygote  : Process 2204 exited due to signal 9 (Killed)
07-17 14:43:22.788   552   583 I libprocessgroup: Successfully killed process cgroup uid 1000 pid 2204 in 113ms
07-17 14:43:22.795  2439  2439 D CarrierSvcBindHelper: No carrier app for: 0
07-17 14:43:23.164   552   616 I ActivityTaskManager: START u0 {flg=0x10000000 cmp=com.jtripppiie.mooserush/com.godot.game.GodotAppLauncher (has extras)} from uid 2000
07-17 14:43:23.179   552   574 D EventSequenceValidator: inc AccIntentStartedEvents to 1
07-17 14:43:23.179   552   574 D EventSequenceValidator: inc AccIntentStartedEvents to 2
07-17 14:43:23.193   425   634 W iorapd  : Overwriting transition from kActivityLaunched to kIntentStarted into kActivityLaunchCancelled
07-17 14:43:23.440  2834  2836 I cmd     : oneway function results will be dropped but finished with status OK and parcel size 4
07-17 14:43:23.602   552   574 D CompatibilityChangeReporter: Compat change id reported: 135634846; UID 10131; state: DISABLED
07-17 14:43:23.610   552   582 D CompatibilityChangeReporter: Compat change id reported: 143937733; UID 10131; state: ENABLED
07-17 14:43:23.627   425   634 W iorapd  : Rejecting transition from kActivityLaunchCancelled to kActivityLaunched
07-17 14:43:23.659   552   574 D EventSequenceValidator: dec AccIntentStartedEvents to 1
07-17 14:43:23.664   425   634 W iorapd  : Rejecting transition from kUninitialized to kActivityLaunchCancelled
07-17 14:43:23.820   288   288 D Zygote  : Forked child process 2837
07-17 14:43:23.903   552   582 W ActivityManager: Slow operation: 320ms so far, now at startProcess: returned from zygote!
07-17 14:43:23.904   552   582 W ActivityManager: Slow operation: 321ms so far, now at startProcess: done updating battery stats
07-17 14:43:23.922   552   582 W ActivityManager: Slow operation: 339ms so far, now at startProcess: building log message
07-17 14:43:23.923   552   582 I ActivityManager: Start proc 2837:com.jtripppiie.mooserush/u0a131 for pre-top-activity {com.jtripppiie.mooserush/com.godot.game.GodotAppLauncher}
07-17 14:43:23.923   552   582 W ActivityManager: Slow operation: 339ms so far, now at startProcess: starting to update pids map
07-17 14:43:23.925   552   582 W ActivityManager: Slow operation: 341ms so far, now at startProcess: done updating pids map
07-17 14:43:24.050  2837  2837 I ppiie.mooserus: Late-enabling -Xcheck:jni
07-17 14:43:24.243  2837  2837 I ppiie.mooserus: Unquickening 12 vdex files!
07-17 14:43:24.328   552   575 I Choreographer: Skipped 54 frames!  The application may be doing too much work on its main thread.
07-17 14:43:24.331  2837  2837 W ppiie.mooserus: Unexpected CPU variant for X86 using defaults: x86_64
07-17 14:43:24.629   305   305 D goldfish-address-space: claimShared: Ask to claim region [0x3f8000000 0x3f89a4000]
07-17 14:43:24.638   405   437 I adbd    : jdwp connection from 2837
07-17 14:43:24.987   552   618 W InputReader: Device virtio_input_multi_touch_7 is associated with display ADISPLAY_ID_NONE.
07-17 14:43:24.988   552   618 W InputReader: Device virtio_input_multi_touch_4 is associated with display ADISPLAY_ID_NONE.
07-17 14:43:24.988   552   618 W InputReader: Device virtio_input_multi_touch_5 is associated with display ADISPLAY_ID_NONE.
07-17 14:43:24.988   552   618 W InputReader: Device virtio_input_multi_touch_2 is associated with display ADISPLAY_ID_NONE.
07-17 14:43:24.988   552   618 W InputReader: Device virtio_input_multi_touch_8 is associated with display ADISPLAY_ID_NONE.
07-17 14:43:24.989   552   618 W InputReader: Device virtio_input_multi_touch_10 is associated with display ADISPLAY_ID_NONE.
07-17 14:43:24.989   552   618 W InputReader: Device virtio_input_multi_touch_9 is associated with display ADISPLAY_ID_NONE.
07-17 14:43:24.989   552   618 W InputReader: Device virtio_input_multi_touch_3 is associated with display ADISPLAY_ID_NONE.
07-17 14:43:25.020   552   618 W InputReader: Device virtio_input_multi_touch_6 is associated with display ADISPLAY_ID_NONE.
07-17 14:43:25.020   552   618 W InputReader: Device virtio_input_multi_touch_11 is associated with display ADISPLAY_ID_NONE.
07-17 14:43:25.104  1064  1139 D DefaultDisplay: Available size changed from [Point(1080, 1003), Point(2208, 2063)] to [Point(1080, 1014), Point(2208, 2142)]
07-17 14:43:25.116  1064  1064 D ConfigMonitor: Available size changed from [Point(1080, 1014), Point(2208, 2142)] to [Point(1080, 1003), Point(2208, 2063)]
07-17 14:43:25.214   552   618 W InputReader: Device virtio_input_multi_touch_7 is associated with display ADISPLAY_ID_NONE.
07-17 14:43:25.215   552   618 W InputReader: Device virtio_input_multi_touch_4 is associated with display ADISPLAY_ID_NONE.
07-17 14:43:25.215   552   618 W InputReader: Device virtio_input_multi_touch_5 is associated with display ADISPLAY_ID_NONE.
07-17 14:43:25.215   552   618 W InputReader: Device virtio_input_multi_touch_2 is associated with display ADISPLAY_ID_NONE.
07-17 14:43:25.215   552   618 W InputReader: Device virtio_input_multi_touch_8 is associated with display ADISPLAY_ID_NONE.
07-17 14:43:25.215   552   618 W InputReader: Device virtio_input_multi_touch_10 is associated with display ADISPLAY_ID_NONE.
07-17 14:43:25.216   552   618 W InputReader: Device virtio_input_multi_touch_9 is associated with display ADISPLAY_ID_NONE.
07-17 14:43:25.216   552   618 W InputReader: Device virtio_input_multi_touch_3 is associated with display ADISPLAY_ID_NONE.
07-17 14:43:25.216   552   618 W InputReader: Device virtio_input_multi_touch_6 is associated with display ADISPLAY_ID_NONE.
07-17 14:43:25.216   552   618 W InputReader: Device virtio_input_multi_touch_11 is associated with display ADISPLAY_ID_NONE.
07-17 14:43:25.224   552   618 W InputReader: Device virtio_input_multi_touch_7 is associated with display ADISPLAY_ID_NONE.
07-17 14:43:25.225   552   618 W InputReader: Device virtio_input_multi_touch_4 is associated with display ADISPLAY_ID_NONE.
07-17 14:43:25.225   552   618 W InputReader: Device virtio_input_multi_touch_5 is associated with display ADISPLAY_ID_NONE.
07-17 14:43:25.225   552   618 W InputReader: Device virtio_input_multi_touch_2 is associated with display ADISPLAY_ID_NONE.
07-17 14:43:25.262   552   618 W InputReader: Device virtio_input_multi_touch_8 is associated with display ADISPLAY_ID_NONE.
07-17 14:43:25.263   552   618 W InputReader: Device virtio_input_multi_touch_10 is associated with display ADISPLAY_ID_NONE.
07-17 14:43:25.263   552   618 W InputReader: Device virtio_input_multi_touch_9 is associated with display ADISPLAY_ID_NONE.
07-17 14:43:25.263   552   618 W InputReader: Device virtio_input_multi_touch_3 is associated with display ADISPLAY_ID_NONE.
07-17 14:43:25.263   552   618 W InputReader: Device virtio_input_multi_touch_6 is associated with display ADISPLAY_ID_NONE.
07-17 14:43:25.263   552   618 W InputReader: Device virtio_input_multi_touch_11 is associated with display ADISPLAY_ID_NONE.
07-17 14:43:25.289   552   618 W ActivityTaskManager: Current config: {1.0 310mcc260mnc [en_US] ldltr sw392dp w392dp h778dp 440dpi nrml long port finger qwerty/v/v -nav/h winConfig={ mBounds=Rect(0, 0 - 1080, 2340) mAppBounds=Rect(0, 0 - 1080, 2208) mWindowingMode=fullscreen mDisplayWindowingMode=fullscreen mActivityType=undefined mAlwaysOnTop=undefined mRotation=ROTATION_0} s.9} unchanged for IME proc com.android.inputmethod.latin
07-17 14:43:25.320   552   618 I ActivityTaskManager: Config changes=20000400 {1.0 310mcc260mnc [en_US] ldltr sw392dp w392dp h750dp 440dpi nrml long port finger qwerty/v/v -nav/h winConfig={ mBounds=Rect(0, 0 - 1080, 2340) mAppBounds=Rect(0, 136 - 1080, 2208) mWindowingMode=fullscreen mDisplayWindowingMode=fullscreen mActivityType=undefined mAlwaysOnTop=undefined mRotation=ROTATION_0} s.42}
07-17 14:43:25.388   305   305 D goldfish-address-space: claimShared: Ask to claim region [0x3fbfa9000 0x3fbfab000]
07-17 14:43:25.448  1064  1590 E FrameEvents: updateAcquireFence: Did not find frame.
07-17 14:43:25.450   305   305 D goldfish-address-space: claimShared: Ask to claim region [0x3fbfab000 0x3fbfad000]
07-17 14:43:25.594   552   618 W ActivityTaskManager: Current config: {1.0 310mcc260mnc [en_US] ldltr sw392dp w392dp h778dp 440dpi nrml long port finger qwerty/v/v -nav/h winConfig={ mBounds=Rect(0, 0 - 1080, 2340) mAppBounds=Rect(0, 0 - 1080, 2208) mWindowingMode=fullscreen mDisplayWindowingMode=fullscreen mActivityType=undefined mAlwaysOnTop=undefined mRotation=ROTATION_0} s.9} unchanged for IME proc com.android.inputmethod.latin
07-17 14:43:25.582   305   305 D goldfish-address-space: claimShared: Ask to claim region [0x3fbfab000 0x3fbfad000]
07-17 14:43:25.666  1064  1590 E FrameEvents: updateAcquireFence: Did not find frame.
07-17 14:43:25.667   305   305 D goldfish-address-space: claimShared: Ask to claim region [0x3fbfad000 0x3fbfaf000]
07-17 14:43:25.693   552   618 I WindowManager: Override config changes=20000400 {1.0 310mcc260mnc [en_US] ldltr sw392dp w392dp h750dp 440dpi nrml long port finger qwerty/v/v -nav/h winConfig={ mBounds=Rect(0, 0 - 1080, 2340) mAppBounds=Rect(0, 136 - 1080, 2208) mWindowingMode=fullscreen mDisplayWindowingMode=fullscreen mActivityType=undefined mAlwaysOnTop=undefined mRotation=ROTATION_0} s.42} for displayId=0
07-17 14:43:25.724   552   618 V ActivityTaskManager: Sending to IME proc com.android.inputmethod.latin new config {1.0 310mcc260mnc [en_US] ldltr sw392dp w392dp h750dp 440dpi nrml long port finger qwerty/v/v -nav/h winConfig={ mBounds=Rect(0, 0 - 1080, 2340) mAppBounds=Rect(0, 136 - 1080, 2208) mWindowingMode=fullscreen mDisplayWindowingMode=fullscreen mActivityType=undefined mAlwaysOnTop=undefined mRotation=ROTATION_0} s.42}
07-17 14:43:25.742   552   618 W ActivityTaskManager: Current config: {1.0 310mcc260mnc [en_US] ldltr sw392dp w392dp h750dp 440dpi nrml long port finger qwerty/v/v -nav/h winConfig={ mBounds=Rect(0, 0 - 1080, 2340) mAppBounds=Rect(0, 136 - 1080, 2208) mWindowingMode=fullscreen mDisplayWindowingMode=fullscreen mActivityType=undefined mAlwaysOnTop=undefined mRotation=ROTATION_0} s.42} unchanged for IME proc com.android.inputmethod.latin
07-17 14:43:25.879   552   618 V WindowManager: Orientation start waiting for draw, mDrawState=DRAW_PENDING in Window{b9f42f5 u0 Application Not Responding: system}, surfaceController Surface(name=Application Not Responding: system)/@0x7af009b
07-17 14:43:25.880   552   618 V WindowManager: Orientation start waiting for draw, mDrawState=DRAW_PENDING in Window{2f31925 u0 ScreenDecorOverlayBottom}, surfaceController Surface(name=ScreenDecorOverlayBottom)/@0xc6aca71
07-17 14:43:25.880   552   618 V WindowManager: Orientation start waiting for draw, mDrawState=DRAW_PENDING in Window{6b30bd8 u0 ScreenDecorOverlay}, surfaceController Surface(name=ScreenDecorOverlay)/@0x7a2b4e
07-17 14:43:25.880   552   618 V WindowManager: Orientation start waiting for draw, mDrawState=DRAW_PENDING in Window{3fcfc7b u0 NavigationBar0}, surfaceController Surface(name=NavigationBar0)/@0xfb24bcf
07-17 14:43:25.881   552   618 V WindowManager: Orientation start waiting for draw, mDrawState=DRAW_PENDING in Window{f0dafe2 u0 StatusBar}, surfaceController Surface(name=StatusBar)/@0x2a7df48
07-17 14:43:25.881   552   618 V WindowManager: Orientation start waiting for draw, mDrawState=DRAW_PENDING in Window{4e921be u0 Application Not Responding: com.android.launcher3}, surfaceController Surface(name=Application Not Responding: com.android.launcher3)/@0xa94ac38
07-17 14:43:25.890   552   618 V WindowManager: Orientation start waiting for draw, mDrawState=DRAW_PENDING in Window{364418f u0 Application Not Responding: com.android.systemui}, surfaceController Surface(name=Application Not Responding: com.android.systemui)/@0xabf0b1d
07-17 14:43:25.890   552   618 V WindowManager: Orientation start waiting for draw, mDrawState=DRAW_PENDING in Window{8d716ab u0 Splash Screen com.jtripppiie.mooserush}, surfaceController Surface(name=Splash Screen com.jtripppiie.mooserush)/@0x9169411
07-17 14:43:25.891   552   618 V WindowManager: Orientation start waiting for draw, mDrawState=DRAW_PENDING in Window{8b11a3b u0 com.android.systemui.ImageWallpaper}, surfaceController Surface(name=com.android.systemui.ImageWallpaper)/@0xc463c19
07-17 14:43:26.041   348   598 D PermissionCache: checking android.permission.READ_FRAME_BUFFER for uid=1000 => granted (874 us)
07-17 14:43:26.046   305   305 D goldfish-address-space: claimShared: Ask to claim region [0x3fd3d4000 0x3fdd78000]
07-17 14:43:26.204   552   618 W ImageReader_JNI: Unable to acquire a buffer item, very likely client tried to acquire more than maxImages buffers
07-17 14:43:26.365   552   618 W InputReader: Device virtio_input_multi_touch_7 is associated with display ADISPLAY_ID_NONE.
07-17 14:43:26.368   552   618 W InputReader: Device virtio_input_multi_touch_4 is associated with display ADISPLAY_ID_NONE.
07-17 14:43:26.368   552   618 W InputReader: Device virtio_input_multi_touch_5 is associated with display ADISPLAY_ID_NONE.
07-17 14:43:26.368   552   618 W InputReader: Device virtio_input_multi_touch_2 is associated with display ADISPLAY_ID_NONE.
07-17 14:43:26.368   552   618 W InputReader: Device virtio_input_multi_touch_8 is associated with display ADISPLAY_ID_NONE.
07-17 14:43:26.369   552   618 W InputReader: Device virtio_input_multi_touch_10 is associated with display ADISPLAY_ID_NONE.
07-17 14:43:26.369   552   618 W InputReader: Device virtio_input_multi_touch_9 is associated with display ADISPLAY_ID_NONE.
07-17 14:43:26.369   552   618 W InputReader: Device virtio_input_multi_touch_3 is associated with display ADISPLAY_ID_NONE.
07-17 14:43:26.381   552   618 W InputReader: Device virtio_input_multi_touch_6 is associated with display ADISPLAY_ID_NONE.
07-17 14:43:26.383   552   618 W InputReader: Device virtio_input_multi_touch_11 is associated with display ADISPLAY_ID_NONE.
07-17 14:43:26.432   552   618 W ActivityManager: Slow operation: 1495ms so far, now at attachApplicationLocked: after mServices.attachApplicationLocked
07-17 14:43:26.433   552   983 W system_server: Long monitor contention with owner Binder:552_7 (618) at void com.android.server.am.ActivityManagerService.attachApplication(android.app.IApplicationThread, long)(ActivityManagerService.java:5460) waiters=0 in void com.android.server.am.ActivityManagerService.unregisterReceiver(android.content.IIntentReceiver) for 622ms
07-17 14:43:26.442   552   572 W system_server: Long monitor contention with owner Binder:552_7 (618) at void com.android.server.wm.WindowManagerService.onAnimationFinished()(WindowManagerService.java:7999) waiters=0 in void com.android.server.wm.RootWindowContainer.onDisplayChanged(int) for 1.435s
07-17 14:43:26.444   552   572 W Looper  : Slow dispatch took 1444ms android.ui h=android.hardware.display.DisplayManagerGlobal$DisplayListenerDelegate c=null m=2
07-17 14:43:26.449   552   572 W Looper  : Slow delivery took 1451ms android.ui h=android.hardware.display.DisplayManagerGlobal$DisplayListenerDelegate c=null m=2
07-17 14:43:26.667   737   737 I Choreographer: Skipped 50 frames!  The application may be doing too much work on its main thread.
07-17 14:43:26.689   552   575 I Choreographer: Skipped 141 frames!  The application may be doing too much work on its main thread.
07-17 14:43:26.749   552   575 I Choreographer: Skipped 129 frames!  The application may be doing too much work on its main thread.
07-17 14:43:26.771   552   572 W Looper  : Slow dispatch took 301ms android.ui h=android.view.ViewRootImpl$ViewRootHandler c=null m=30
07-17 14:43:26.925   552   575 V WindowManager: Orientation start waiting for draw, mDrawState=DRAW_PENDING in Window{8d716ab u0 Splash Screen com.jtripppiie.mooserush}, surfaceController Surface(name=Splash Screen com.jtripppiie.mooserush)/@0x9169411
07-17 14:43:26.954   305   305 D goldfish-address-space: claimShared: Ask to claim region [0x3fdd78000 0x3fe71c000]
07-17 14:43:27.055  1064  1139 D DefaultDisplay: Available size changed from [Point(1080, 1003), Point(2072, 2063)] to [Point(1080, 1003), Point(2208, 2063)]
07-17 14:43:27.316   737  1262 I Choreographer: Skipped 40 frames!  The application may be doing too much work on its main thread.
07-17 14:43:27.631   552   575 I Choreographer: Skipped 46 frames!  The application may be doing too much work on its main thread.
07-17 14:43:27.665   305   305 D goldfish-address-space: claimShared: Ask to claim region [0x3f94e0000 0x3f981e000]
07-17 14:43:27.746   305   305 D goldfish-address-space: claimShared: Ask to claim region [0x3fe71c000 0x3ff0c0000]
07-17 14:43:27.890   552   574 W WindowManager: Window freeze timeout expired.
07-17 14:43:27.891   552   574 W WindowManager: Force clearing orientation change: Window{b9f42f5 u0 Application Not Responding: system}
07-17 14:43:27.891   552   574 W WindowManager: Force clearing orientation change: Window{3fcfc7b u0 NavigationBar0}
07-17 14:43:27.891   552   574 W WindowManager: Force clearing orientation change: Window{f0dafe2 u0 StatusBar}
07-17 14:43:27.891   552   574 W WindowManager: Force clearing orientation change: Window{4e921be u0 Application Not Responding: com.android.launcher3}
07-17 14:43:27.914   552   574 W WindowManager: Force clearing orientation change: Window{364418f u0 Application Not Responding: com.android.systemui}
07-17 14:43:27.914   552   574 W WindowManager: Force clearing orientation change: Window{8b11a3b u0 com.android.systemui.ImageWallpaper}
07-17 14:43:28.004  1064  1140 D LoaderTask: loadWorkspace: loading default favorites
07-17 14:43:28.116  2837  2837 D NetworkSecurityConfig: No Network Security Config specified, using platform default
07-17 14:43:28.120   552  1474 E TaskPersister: File error accessing recents directory (directory doesn't exist?).
07-17 14:43:28.133  2837  2837 D NetworkSecurityConfig: No Network Security Config specified, using platform default
07-17 14:43:28.416   305   305 D goldfish-address-space: claimShared: Ask to claim region [0x3f89a4000 0x3f8ce2000]
07-17 14:43:28.424   737   931 D EglHelper: createEglContext start
07-17 14:43:28.427   552   575 I Choreographer: Skipped 45 frames!  The application may be doing too much work on its main thread.
07-17 14:43:28.450   737   931 D EGL_emulation: eglCreateContext: 0x7caf7989c3d0: maj 3 min 0 rcv 3
07-17 14:43:28.481   737   931 D EglHelper: createEglContext done
07-17 14:43:28.504   552  1392 I OpenGLRenderer: Davey! duration=1996ms; Flags=1, IntendedVsync=389554215831, Vsync=389854215819, OldestInputEvent=9223372036854775807, NewestInputEvent=0, HandleInputStart=389867369879, AnimationStart=389867374429, PerformTraversalsStart=389867376701, DrawStart=390830359178, SyncQueued=390953482957, SyncStart=390977165365, IssueDrawCommandsStart=391064754211, SwapBuffers=391396058765, FrameCompleted=391574361111, DequeueBufferDuration=70415667, QueueBufferDuration=15653305, GpuCompleted=0,
07-17 14:43:28.530   737   931 D EglHelper: createEglSurface start
07-17 14:43:28.603   305   305 D goldfish-address-space: claimShared: Ask to claim region [0x3f8000000 0x3f84db000]
07-17 14:43:28.647   737   737 I Choreographer: Skipped 49 frames!  The application may be doing too much work on its main thread.
07-17 14:43:28.676   737   931 D EglHelper: createEglSurface done
07-17 14:43:28.719   552   574 I WindowManager: Screen frozen for +3s644ms due to Window{b9f42f5 u0 Application Not Responding: system}
07-17 14:43:28.730   305   305 D goldfish-address-space: claimShared: Ask to claim region [0x3ff0c0000 0x3ff94a000]
07-17 14:43:28.737   305   305 D goldfish-address-space: claimShared: Ask to claim region [0x3f9b6c000 0x3f9eb2000]
07-17 14:43:28.810   552  1392 I OpenGLRenderer: Davey! duration=2225ms; Flags=1, IntendedVsync=389554215831, Vsync=389854215819, OldestInputEvent=9223372036854775807, NewestInputEvent=0, HandleInputStart=389867369879, AnimationStart=389867374429, PerformTraversalsStart=389867376701, DrawStart=391639777416, SyncQueued=391667577631, SyncStart=391712072782, IssueDrawCommandsStart=391723082626, SwapBuffers=391782854872, FrameCompleted=391823979287, DequeueBufferDuration=6775189, QueueBufferDuration=6329755, GpuCompleted=42949672979,
07-17 14:43:28.801  1064  1064 D ConfigMonitor: Available size changed from [Point(1080, 1003), Point(2208, 2063)] to [Point(1080, 1003), Point(2072, 2063)]
07-17 14:43:28.827   552   574 W ImageReader_JNI: Unable to acquire a buffer item, very likely client tried to acquire more than maxImages buffers
07-17 14:43:29.002   305   305 D goldfish-address-space: claimShared: Ask to claim region [0x3fbfad000 0x3fbfaf000]
07-17 14:43:29.055   305   305 D goldfish-address-space: claimShared: Ask to claim region [0x3f84db000 0x3f8821000]
07-17 14:43:29.066  1064  1590 E FrameEvents: updateAcquireFence: Did not find frame.
07-17 14:43:29.075   305   305 D goldfish-address-space: claimShared: Ask to claim region [0x3fbfaf000 0x3fbfb1000]
07-17 14:43:29.224   552  1392 I OpenGLRenderer: Davey! duration=2721ms; Flags=1, IntendedVsync=389554215831, Vsync=389854215819, OldestInputEvent=9223372036854775807, NewestInputEvent=0, HandleInputStart=389867369879, AnimationStart=389867374429, PerformTraversalsStart=389867376701, DrawStart=391955199223, SyncQueued=391970224102, SyncStart=391989306237, IssueDrawCommandsStart=391989634941, SwapBuffers=392048680276, FrameCompleted=392294664191, DequeueBufferDuration=170709112, QueueBufferDuration=71081571, GpuCompleted=30962681237471342,
07-17 14:43:29.245   305   305 D goldfish-address-space: claimShared: Ask to claim region [0x3fbfaf000 0x3fbfb1000]
07-17 14:43:29.320   552   566 W system_server: Long monitor contention with owner android.display (574) at float com.android.server.wm.WindowManagerService.getCurrentAnimatorScale()(WindowManagerService.java:3202) waiters=1 in com.android.server.wm.WindowProcessController com.android.server.wm.ActivityTaskManagerService$LocalService.getTopApp() for 689ms
07-17 14:43:29.323  1064  1590 E FrameEvents: updateAcquireFence: Did not find frame.
07-17 14:43:29.324   305   305 D goldfish-address-space: claimShared: Ask to claim region [0x3fbfb1000 0x3fbfb3000]
07-17 14:43:29.326   552   575 W system_server: Long monitor contention with owner android.display (574) at float com.android.server.wm.WindowManagerService.getCurrentAnimatorScale()(WindowManagerService.java:3202) waiters=0 in void com.android.server.wm.WindowAnimator.lambda$new$1$WindowAnimator(long) for 768ms
07-17 14:43:29.342   552   572 W Looper  : Slow dispatch took 2546ms android.ui h=android.view.Choreographer$FrameHandler c=android.view.Choreographer$FrameDisplayEventReceiver@f0e624a m=0
07-17 14:43:29.358   552   617 W system_server: Long monitor contention with owner android.display (574) at float com.android.server.wm.WindowManagerService.getCurrentAnimatorScale()(WindowManagerService.java:3202) waiters=2 in int com.android.server.wm.WindowManagerService.relayoutWindow(com.android.server.wm.Session, android.view.IWindow, int, android.view.WindowManager$LayoutParams, int, int, int, int, long, android.graphics.Rect, android.graphics.Rect, android.graphics.Rect, android.graphics.Rect, android.graphics.Rect, android.view.DisplayCutout$ParcelableWrapper, android.util.MergedConfiguration, android.view.SurfaceControl, android.view.InsetsState, android.view.InsetsSourceControl[], android.graphics.Point, android.view.SurfaceControl) for 657ms
07-17 14:43:29.639   737  1239 I OpenGLRenderer: Davey! duration=1814ms; Flags=1, IntendedVsync=390887534885, Vsync=391704201519, OldestInputEvent=9223372036854775807, NewestInputEvent=0, HandleInputStart=391718884682, AnimationStart=391718890314, PerformTraversalsStart=391718892747, DrawStart=392649732907, SyncQueued=392651967813, SyncStart=392659452859, IssueDrawCommandsStart=392659933632, SwapBuffers=392676888951, FrameCompleted=392709876731, DequeueBufferDuration=909494, QueueBufferDuration=30567433, GpuCompleted=0,
07-17 14:43:29.711  2837  2865 D libEGL  : loaded /vendor/lib64/egl/libEGL_emulation.so
07-17 14:43:29.745  2837  2865 D libEGL  : loaded /vendor/lib64/egl/libGLESv1_CM_emulation.so
07-17 14:43:29.780  1064  1064 I Choreographer: Skipped 149 frames!  The application may be doing too much work on its main thread.
07-17 14:43:29.824  2837  2865 D libEGL  : loaded /vendor/lib64/egl/libGLESv2_emulation.so
07-17 14:43:29.856   305   305 D goldfish-address-space: claimShared: Ask to claim region [0x3ff9e6000 0x3ffec1000]
07-17 14:43:29.919   305   305 D goldfish-address-space: claimShared: Ask to claim region [0x3f4000000 0x3f49a4000]
07-17 14:43:29.996   552   575 W ImageReader_JNI: Unable to acquire a buffer item, very likely client tried to acquire more than maxImages buffers
07-17 14:43:30.031  1064  1140 D LoaderTask: loadWorkspace: loading default favorites
07-17 14:43:30.312  1064  1064 I Choreographer: Skipped 30 frames!  The application may be doing too much work on its main thread.
07-17 14:43:30.383  1064  1590 I OpenGLRenderer: Davey! duration=3080ms; Flags=0, IntendedVsync=390354201573, Vsync=392837534807, OldestInputEvent=9223372036854775807, NewestInputEvent=0, HandleInputStart=392851490206, AnimationStart=392851496472, PerformTraversalsStart=392871614294, DrawStart=393345294346, SyncQueued=393361965238, SyncStart=393381102119, IssueDrawCommandsStart=393388707931, SwapBuffers=393421848981, FrameCompleted=393453854227, DequeueBufferDuration=912525, QueueBufferDuration=29038428, GpuCompleted=3977576991887472440,
07-17 14:43:30.421   552   575 I Choreographer: Skipped 49 frames!  The application may be doing too much work on its main thread.
07-17 14:43:30.443   552   572 W Looper  : Slow dispatch took 1067ms android.ui h=android.hardware.display.DisplayManagerGlobal$DisplayListenerDelegate c=null m=2
07-17 14:43:30.677   737  1239 I OpenGLRenderer: Davey! duration=2833ms; Flags=1, IntendedVsync=390887534885, Vsync=391704201519, OldestInputEvent=9223372036854775807, NewestInputEvent=0, HandleInputStart=391718884682, AnimationStart=391718890314, PerformTraversalsStart=391718892747, DrawStart=393603076476, SyncQueued=393668985132, SyncStart=393694949225, IssueDrawCommandsStart=393695649948, SwapBuffers=393731918783, FrameCompleted=393747481304, DequeueBufferDuration=801410, QueueBufferDuration=5527491, GpuCompleted=0,
07-17 14:43:30.838   552   574 W InputReader: Device virtio_input_multi_touch_7 is associated with display ADISPLAY_ID_NONE.
07-17 14:43:30.838   552   574 W InputReader: Device virtio_input_multi_touch_4 is associated with display ADISPLAY_ID_NONE.
07-17 14:43:30.838   552   574 W InputReader: Device virtio_input_multi_touch_5 is associated with display ADISPLAY_ID_NONE.
07-17 14:43:30.839   552   574 W InputReader: Device virtio_input_multi_touch_2 is associated with display ADISPLAY_ID_NONE.
07-17 14:43:30.839   552   574 W InputReader: Device virtio_input_multi_touch_8 is associated with display ADISPLAY_ID_NONE.
07-17 14:43:30.839   552   574 W InputReader: Device virtio_input_multi_touch_10 is associated with display ADISPLAY_ID_NONE.
07-17 14:43:30.839   552   574 W InputReader: Device virtio_input_multi_touch_9 is associated with display ADISPLAY_ID_NONE.
07-17 14:43:30.839   552   574 W InputReader: Device virtio_input_multi_touch_3 is associated with display ADISPLAY_ID_NONE.
07-17 14:43:30.839   552   574 W InputReader: Device virtio_input_multi_touch_6 is associated with display ADISPLAY_ID_NONE.
07-17 14:43:30.840   552   574 W InputReader: Device virtio_input_multi_touch_11 is associated with display ADISPLAY_ID_NONE.
07-17 14:43:30.858   552   574 W ActivityTaskManager: Current config: {1.0 310mcc260mnc [en_US] ldltr sw392dp w392dp h750dp 440dpi nrml long port finger qwerty/v/v -nav/h winConfig={ mBounds=Rect(0, 0 - 1080, 2340) mAppBounds=Rect(0, 136 - 1080, 2208) mWindowingMode=fullscreen mDisplayWindowingMode=fullscreen mActivityType=undefined mAlwaysOnTop=undefined mRotation=ROTATION_0} s.42} unchanged for IME proc com.android.inputmethod.latin
07-17 14:43:30.897   552   574 I ActivityTaskManager: Config changes=20000480 {1.0 310mcc260mnc [en_US] ldltr sw392dp w753dp h364dp 440dpi nrml long land finger qwerty/v/v -nav/h winConfig={ mBounds=Rect(0, 0 - 2340, 1080) mAppBounds=Rect(136, 0 - 2208, 1080) mWindowingMode=fullscreen mDisplayWindowingMode=fullscreen mActivityType=undefined mAlwaysOnTop=undefined mRotation=ROTATION_90} s.57}
07-17 14:43:31.046   552   574 W ActivityTaskManager: Current config: {1.0 310mcc260mnc [en_US] ldltr sw392dp w392dp h750dp 440dpi nrml long port finger qwerty/v/v -nav/h winConfig={ mBounds=Rect(0, 0 - 1080, 2340) mAppBounds=Rect(0, 136 - 1080, 2208) mWindowingMode=fullscreen mDisplayWindowingMode=fullscreen mActivityType=undefined mAlwaysOnTop=undefined mRotation=ROTATION_0} s.42} unchanged for IME proc com.android.inputmethod.latin
07-17 14:43:31.079   552   574 I WindowManager: Override config changes=20000480 {1.0 310mcc260mnc [en_US] ldltr sw392dp w753dp h364dp 440dpi nrml long land finger qwerty/v/v -nav/h winConfig={ mBounds=Rect(0, 0 - 2340, 1080) mAppBounds=Rect(136, 0 - 2208, 1080) mWindowingMode=fullscreen mDisplayWindowingMode=fullscreen mActivityType=undefined mAlwaysOnTop=undefined mRotation=ROTATION_90} s.57} for displayId=0
07-17 14:43:31.108   552   574 V ActivityTaskManager: Sending to IME proc com.android.inputmethod.latin new config {1.0 310mcc260mnc [en_US] ldltr sw392dp w753dp h364dp 440dpi nrml long land finger qwerty/v/v -nav/h winConfig={ mBounds=Rect(0, 0 - 2340, 1080) mAppBounds=Rect(136, 0 - 2208, 1080) mWindowingMode=fullscreen mDisplayWindowingMode=fullscreen mActivityType=undefined mAlwaysOnTop=undefined mRotation=ROTATION_90} s.57}
07-17 14:43:31.109   552   574 W ActivityTaskManager: Current config: {1.0 310mcc260mnc [en_US] ldltr sw392dp w753dp h364dp 440dpi nrml long land finger qwerty/v/v -nav/h winConfig={ mBounds=Rect(0, 0 - 2340, 1080) mAppBounds=Rect(136, 0 - 2208, 1080) mWindowingMode=fullscreen mDisplayWindowingMode=fullscreen mActivityType=undefined mAlwaysOnTop=undefined mRotation=ROTATION_90} s.57} unchanged for IME proc com.android.inputmethod.latin
07-17 14:43:31.292   552   574 V WindowManager: Orientation start waiting for draw, mDrawState=DRAW_PENDING in Window{b9f42f5 u0 Application Not Responding: system}, surfaceController Surface(name=Application Not Responding: system)/@0x7af009b
07-17 14:43:31.303   552   574 V WindowManager: Orientation start waiting for draw, mDrawState=DRAW_PENDING in Window{2f31925 u0 ScreenDecorOverlayBottom}, surfaceController Surface(name=ScreenDecorOverlayBottom)/@0xc6aca71
07-17 14:43:31.304   552   574 V WindowManager: Orientation start waiting for draw, mDrawState=DRAW_PENDING in Window{6b30bd8 u0 ScreenDecorOverlay}, surfaceController Surface(name=ScreenDecorOverlay)/@0x7a2b4e
07-17 14:43:31.318   552   574 V WindowManager: Orientation start waiting for draw, mDrawState=DRAW_PENDING in Window{3fcfc7b u0 NavigationBar0}, surfaceController Surface(name=NavigationBar0)/@0xfb24bcf
07-17 14:43:31.319   552   574 V WindowManager: Orientation start waiting for draw, mDrawState=DRAW_PENDING in Window{f0dafe2 u0 StatusBar}, surfaceController Surface(name=StatusBar)/@0x2a7df48
07-17 14:43:31.320   552   574 V WindowManager: Orientation start waiting for draw, mDrawState=DRAW_PENDING in Window{4e921be u0 Application Not Responding: com.android.launcher3}, surfaceController Surface(name=Application Not Responding: com.android.launcher3)/@0xa94ac38
07-17 14:43:31.320   552   574 V WindowManager: Orientation start waiting for draw, mDrawState=DRAW_PENDING in Window{364418f u0 Application Not Responding: com.android.systemui}, surfaceController Surface(name=Application Not Responding: com.android.systemui)/@0xabf0b1d
07-17 14:43:31.321   552   574 V WindowManager: Orientation start waiting for draw, mDrawState=DRAW_PENDING in Window{8d716ab u0 Splash Screen com.jtripppiie.mooserush}, surfaceController Surface(name=Splash Screen com.jtripppiie.mooserush)/@0x9169411
07-17 14:43:31.374   737   737 D StatusBar: disable<e i a s b h r c s > disable2<q i n >
07-17 14:43:31.470   552   618 W system_server: Long monitor contention with owner android.display (574) at void com.android.server.wm.DisplayRotation.continueRotation(int, android.window.WindowContainerTransaction)(DisplayRotation.java:545) waiters=0 in int com.android.server.wm.ActivityTaskManagerService.getLastResumedActivityUserId() for 626ms
07-17 14:43:31.484   552   575 W system_server: Long monitor contention with owner android.display (574) at void com.android.server.wm.DisplayRotation.continueRotation(int, android.window.WindowContainerTransaction)(DisplayRotation.java:545) waiters=1 in void com.android.server.wm.WindowAnimator.lambda$new$1$WindowAnimator(long) for 595ms
07-17 14:43:31.532   552   572 W system_server: Long monitor contention with owner android.display (574) at void com.android.server.wm.DisplayRotation.continueRotation(int, android.window.WindowContainerTransaction)(DisplayRotation.java:545) waiters=2 in void com.android.server.wm.DisplayPolicy.lambda$updateSystemUiVisibilityLw$14$DisplayPolicy(int, java.lang.String, android.util.Pair, int, com.android.internal.view.AppearanceRegion[], boolean, boolean, boolean) for 251ms
07-17 14:43:31.533   552   572 W Looper  : Slow dispatch took 277ms android.ui h=com.android.server.wm.DisplayPolicy$PolicyHandler c=com.android.server.wm.-$$Lambda$DisplayPolicy$HbdRZfPpJ53Wnk7_Ueb0ycyz_AQ@acd30e5 m=0
07-17 14:43:31.610   552   617 V WindowManager: Orientation start waiting for draw, mDrawState=DRAW_PENDING in Window{2f31925 u0 ScreenDecorOverlayBottom}, surfaceController Surface(name=ScreenDecorOverlayBottom)/@0xc6aca71
07-17 14:43:31.644   552  2261 W ActivityManager: Slow operation: 296ms so far, now at getContentProviderImpl: after updateLruProcess
07-17 14:43:31.644   552  2261 W ActivityManager: Slow operation: 296ms so far, now at getContentProviderImpl: before updateOomAdj
07-17 14:43:31.645   552  2261 W ActivityManager: Slow operation: 296ms so far, now at getContentProviderImpl: after updateOomAdj
07-17 14:43:31.661   552   572 W Looper  : Slow dispatch took 102ms android.ui h=android.view.ViewRootImpl$ViewRootHandler c=null m=30
07-17 14:43:31.668   552  2261 W ActivityManager: Slow operation: 320ms so far, now at getContentProviderImpl: done!
07-17 14:43:31.747   305   305 D goldfish-address-space: claimShared: Ask to claim region [0x3f49a4000 0x3f49a7000]
07-17 14:43:31.884   552   575 V WindowManager: Orientation start waiting for draw, mDrawState=DRAW_PENDING in Window{8d716ab u0 Splash Screen com.jtripppiie.mooserush}, surfaceController Surface(name=Splash Screen com.jtripppiie.mooserush)/@0x9169411
07-17 14:43:31.926   305   305 D goldfish-address-space: claimShared: Ask to claim region [0x3f49a7000 0x3f534b000]
07-17 14:43:31.978   552   574 I InputManager-JNI: Viewport [0] to add: local:8141241408256768, isActive: true
07-17 14:43:32.060   552   566 V WindowManager: Orientation start waiting for draw, mDrawState=DRAW_PENDING in Window{6b30bd8 u0 ScreenDecorOverlay}, surfaceController Surface(name=ScreenDecorOverlay)/@0x7a2b4e
07-17 14:43:32.068   552   572 W Looper  : Slow dispatch took 138ms android.ui h=android.view.ViewRootImpl$ViewRootHandler c=null m=31
07-17 14:43:32.176   552   574 W WindowManager: Window freeze timeout expired.
07-17 14:43:32.176   552   574 W WindowManager: Force clearing orientation change: Window{b9f42f5 u0 Application Not Responding: system}
07-17 14:43:32.177   552   574 W WindowManager: Force clearing orientation change: Window{2f31925 u0 ScreenDecorOverlayBottom}
07-17 14:43:32.177   552   574 W WindowManager: Force clearing orientation change: Window{6b30bd8 u0 ScreenDecorOverlay}
07-17 14:43:32.194   552   574 W WindowManager: Force clearing orientation change: Window{3fcfc7b u0 NavigationBar0}
07-17 14:43:32.195   552   574 W WindowManager: Force clearing orientation change: Window{f0dafe2 u0 StatusBar}
07-17 14:43:32.195   552   574 W WindowManager: Force clearing orientation change: Window{4e921be u0 Application Not Responding: com.android.launcher3}
07-17 14:43:32.195   552   574 W WindowManager: Force clearing orientation change: Window{364418f u0 Application Not Responding: com.android.systemui}
07-17 14:43:32.196   552   574 W WindowManager: Force clearing orientation change: Window{8d716ab u0 Splash Screen com.jtripppiie.mooserush}
07-17 14:43:32.210   552   644 I InputReader: Reconfiguring input devices, changes=DISPLAY_INFO |
07-17 14:43:32.211   552   644 I InputReader: Touch device 'virtio_input_multi_touch_7' could not query the properties of its associated display.  The device will be inoperable until the display size becomes available.
07-17 14:43:32.211   552   644 I InputReader: Touch device 'virtio_input_multi_touch_4' could not query the properties of its associated display.  The device will be inoperable until the display size becomes available.
07-17 14:43:32.212   552   644 I InputReader: Touch device 'virtio_input_multi_touch_5' could not query the properties of its associated display.  The device will be inoperable until the display size becomes available.
07-17 14:43:32.212   552   644 I InputReader: Touch device 'virtio_input_multi_touch_2' could not query the properties of its associated display.  The device will be inoperable until the display size becomes available.
07-17 14:43:32.212   552   644 I InputReader: Device reconfigured: id=8, name='virtio_input_multi_touch_1', size 1080x2340, orientation 1, mode 1, display id 0
07-17 14:43:32.226   552   644 I InputReader: Touch device 'virtio_input_multi_touch_8' could not query the properties of its associated display.  The device will be inoperable until the display size becomes available.
07-17 14:43:32.226   552   644 I InputReader: Touch device 'virtio_input_multi_touch_10' could not query the properties of its associated display.  The device will be inoperable until the display size becomes available.
07-17 14:43:32.226   552   644 I InputReader: Touch device 'virtio_input_multi_touch_9' could not query the properties of its associated display.  The device will be inoperable until the display size becomes available.
07-17 14:43:32.226   552   644 I InputReader: Touch device 'virtio_input_multi_touch_3' could not query the properties of its associated display.  The device will be inoperable until the display size becomes available.
07-17 14:43:32.227   552   644 I InputReader: Touch device 'virtio_input_multi_touch_6' could not query the properties of its associated display.  The device will be inoperable until the display size becomes available.
07-17 14:43:32.227   552   644 I InputReader: Touch device 'virtio_input_multi_touch_11' could not query the properties of its associated display.  The device will be inoperable until the display size becomes available.
07-17 14:43:32.241   737  1262 I Choreographer: Skipped 33 frames!  The application may be doing too much work on its main thread.
07-17 14:43:32.319   552   572 W Looper  : Slow dispatch took 217ms android.ui h=android.hardware.display.DisplayManagerGlobal$DisplayListenerDelegate c=null m=2
07-17 14:43:32.321   552   572 I Choreographer: Skipped 45 frames!  The application may be doing too much work on its main thread.
07-17 14:43:32.402   305   305 D goldfish-address-space: claimShared: Ask to claim region [0x3f534b000 0x3f534e000]
07-17 14:43:32.675   737   737 I Choreographer: Skipped 77 frames!  The application may be doing too much work on its main thread.
07-17 14:43:32.913   552   552 W NotificationHistory: Attempted to add notif for locked/gone/disabled user 0
07-17 14:43:32.923   552   552 W Looper  : Slow dispatch took 241ms main h=com.android.server.notification.NotificationManagerService$WorkerHandler c=com.android.server.notification.NotificationManagerService$PostNotificationRunnable@a24405b m=0
07-17 14:43:33.005  2837  2861 I ppiie.mooserus: Waiting for a blocking GC ProfileSaver
07-17 14:43:33.016   305   305 D goldfish-address-space: claimShared: Ask to claim region [0x3f534e000 0x3f576a000]
07-17 14:43:33.021  2837  2861 I ppiie.mooserus: WaitForGcToComplete blocked ProfileSaver on RunEmptyCheckpoint for 15.741ms
07-17 14:43:33.074   552   574 W system_server: Long monitor contention with owner Binder:552_8 (983) at android.content.res.Configuration com.android.server.wm.ActivityTaskManagerService.getGlobalConfigurationForPid(int)(ActivityTaskManagerService.java:976) waiters=0 in void com.android.server.wm.WindowManagerService$H.handleMessage(android.os.Message) for 376ms
07-17 14:43:33.076   552   566 W system_server: Long monitor contention with owner Binder:552_8 (983) at android.content.res.Configuration com.android.server.wm.ActivityTaskManagerService.getGlobalConfigurationForPid(int)(ActivityTaskManagerService.java:976) waiters=1 in int com.android.server.wm.WindowManagerService.relayoutWindow(com.android.server.wm.Session, android.view.IWindow, int, android.view.WindowManager$LayoutParams, int, int, int, int, long, android.graphics.Rect, android.graphics.Rect, android.graphics.Rect, android.graphics.Rect, android.graphics.Rect, android.view.DisplayCutout$ParcelableWrapper, android.util.MergedConfiguration, android.view.SurfaceControl, android.view.InsetsState, android.view.InsetsSourceControl[], android.graphics.Point, android.view.SurfaceControl) for 345ms
07-17 14:43:33.127  2837  2837 W ppiie.mooserus: Verification of void androidx.activity.EdgeToEdgeApi29.setUp(androidx.activity.SystemBarStyle, androidx.activity.SystemBarStyle, android.view.Window, android.view.View, boolean, boolean) took 101.669ms (708.17 bytecodes/s) (2408B approximate peak alloc)
07-17 14:43:33.136   305   305 D goldfish-address-space: claimShared: Ask to claim region [0x3f576a000 0x3f576c000]
07-17 14:43:33.146   552   617 W system_server: Long monitor contention with owner PackageManager (600) at void com.android.server.pm.PackageManagerService$PackageHandler.doHandleMessage(android.os.Message)(PackageManagerService.java:1808) waiters=0 in android.content.pm.ApplicationInfo com.android.server.pm.PackageManagerService.getApplicationInfoInternal(java.lang.String, int, int, int) for 294ms
07-17 14:43:33.158   552   580 W system_server: Long monitor contention with owner PackageManager (600) at void com.android.server.pm.PackageManagerService$PackageHandler.doHandleMessage(android.os.Message)(PackageManagerService.java:1808) waiters=1 in boolean com.android.server.pm.PackageManagerService$PackageManagerInternalImpl.isPackageEphemeral(int, java.lang.String) for 256ms
07-17 14:43:33.186   552   575 I Choreographer: Skipped 85 frames!  The application may be doing too much work on its main thread.
07-17 14:43:33.281   552   575 I Choreographer: Skipped 81 frames!  The application may be doing too much work on its main thread.
07-17 14:43:33.288   737  1262 I Choreographer: Skipped 43 frames!  The application may be doing too much work on its main thread.
07-17 14:43:33.334   305   305 D goldfish-address-space: claimShared: Ask to claim region [0x3f576c000 0x3f5b88000]
07-17 14:43:33.364   305   305 D goldfish-address-space: claimShared: Ask to claim region [0x3f5b88000 0x3f652c000]
07-17 14:43:33.371   552   574 W ActivityTaskManager: Launch timeout has expired, giving up wake lock!
07-17 14:43:33.387   552   566 I system_server: oneway function results will be dropped but finished with status OK and parcel size 4
07-17 14:43:33.433  2837  2837 D GodotActivity: Project command line parameters: [--xr_mode_regular, --xr-mode, off, --fullscreen, --background_color, #000000]
07-17 14:43:33.440   552   617 I system_server: oneway function results will be dropped but finished with status OK and parcel size 4
07-17 14:43:33.496   552   566 I WindowManager: Screen frozen for +3s836ms due to Window{b9f42f5 u0 Application Not Responding: system}
07-17 14:43:33.527  2837  2837 D GodotActivity: Launch intent Intent { flg=0x10000000 cmp=com.jtripppiie.mooserush/com.godot.game.GodotAppLauncher (has extras) } with parameters []
07-17 14:43:33.554   305   305 D goldfish-address-space: claimShared: Ask to claim region [0x3f652c000 0x3f6db6000]
07-17 14:43:33.657   552   566 W ImageReader_JNI: Unable to acquire a buffer item, very likely client tried to acquire more than maxImages buffers
07-17 14:43:33.694   552  2531 I system_server: oneway function results will be dropped but finished with status OK and parcel size 4
07-17 14:43:33.696   552   618 I system_server: oneway function results will be dropped but finished with status OK and parcel size 4
07-17 14:43:33.755   552  1392 I OpenGLRenderer: Davey! duration=2134ms; Flags=1, IntendedVsync=394637534735, Vsync=395387534705, OldestInputEvent=9223372036854775807, NewestInputEvent=0, HandleInputStart=395392018558, AnimationStart=395392024930, PerformTraversalsStart=395392027465, DrawStart=396221825573, SyncQueued=396237508187, SyncStart=396290230542, IssueDrawCommandsStart=396290861489, SwapBuffers=396363253735, FrameCompleted=396825207162, DequeueBufferDuration=401106495, QueueBufferDuration=14456968, GpuCompleted=3546412315156938752,
07-17 14:43:33.831   440   978 D NuPlayerDriver: NuPlayerDriver(0xf40c17b0) created, clientPid(737)
07-17 14:43:34.288   440  2873 D GenericSource: FileSource remote
07-17 14:43:34.293   737   737 D StatusBar: disable<e i a s b h r c s > disable2<q i n >
07-17 14:43:34.378  2837  2837 V GodotActivity: Creating new Godot fragment instance.
07-17 14:43:34.577   552   574 W system_server: Long monitor contention with owner Binder:552_1 (566) at float com.android.server.wm.WindowManagerService.getCurrentAnimatorScale()(WindowManagerService.java:3202) waiters=0 in void com.android.server.wm.WindowManagerService$H.handleMessage(android.os.Message) for 1.126s
--------- beginning of kernel
07-17 14:43:34.562     0     0 D logd    : logdr: UID=2000 GID=2000 PID=2867 n tail=0 logMask=99 pid=0 start=0ns timeout=0ns
07-17 14:43:34.682   552   572 W system_server: Long monitor contention with owner Binder:552_1 (566) at float com.android.server.wm.WindowManagerService.getCurrentAnimatorScale()(WindowManagerService.java:3202) waiters=1 in int com.android.server.wm.WindowManagerService.relayoutWindow(com.android.server.wm.Session, android.view.IWindow, int, android.view.WindowManager$LayoutParams, int, int, int, int, long, android.graphics.Rect, android.graphics.Rect, android.graphics.Rect, android.graphics.Rect, android.graphics.Rect, android.view.DisplayCutout$ParcelableWrapper, android.util.MergedConfiguration, android.view.SurfaceControl, android.view.InsetsState, android.view.InsetsSourceControl[], android.graphics.Point, android.view.SurfaceControl) for 899ms
07-17 14:43:34.751   306   306 W EmuHWC2 : validate: layer 20 CompositionType 1, fallback
07-17 14:43:34.770   305   305 D goldfish-address-space: claimShared: Ask to claim region [0x3f6db6000 0x3f775a000]
07-17 14:43:34.841   306   306 W EmuHWC2 : No layers, exit, buffer 0x7ec37e11d650
07-17 14:43:34.847   305   305 D goldfish-address-space: claimShared: Ask to claim region [0x3f775a000 0x3f775c000]
07-17 14:43:34.874   306   306 W EmuHWC2 : validate: layer 20 CompositionType 1, fallback
07-17 14:43:34.890   305   305 D goldfish-address-space: claimShared: Ask to claim region [0x3fb542000 0x3fbee6000]
07-17 14:43:34.918   306   306 W EmuHWC2 : No layers, exit, buffer 0x7ec37e11d0b0
07-17 14:43:34.943   552   575 I Choreographer: Skipped 103 frames!  The application may be doing too much work on its main thread.
07-17 14:43:35.002   306   306 W EmuHWC2 : validate: layer 26 CompositionType 1, fallback
07-17 14:43:35.042   306   306 W EmuHWC2 : No layers, exit, buffer 0x7ec37e11d650
07-17 14:43:35.037   552   566 I MediaFocusControl: requestAudioFocus() from uid/pid 10121/737 clientId=android.media.AudioManager@3759a6f callingPack=com.android.systemui req=3 flags=0x0 sdk=30
07-17 14:43:35.102   552   574 W system_server: Long monitor contention with owner Binder:552_2 (567) at android.content.res.Configuration com.android.server.wm.ActivityTaskManagerService.getGlobalConfigurationForPid(int)(ActivityTaskManagerService.java:976) waiters=0 in void com.android.server.wm.WindowManagerService$H.handleMessage(android.os.Message) for 138ms
07-17 14:43:35.361   305   305 D goldfish-address-space: claimShared: Ask to claim region [0x3f775c000 0x3f7b83000]
07-17 14:43:35.389   552   562 I system_server: Background young concurrent copying GC freed 183123(8333KB) AllocSpace objects, 27(1140KB) LOS objects, 41% free, 12MB/21MB, paused 190us total 2.515s
07-17 14:43:35.462   305   305 D goldfish-address-space: claimShared: Ask to claim region [0x3f7b83000 0x3f7c33000]
07-17 14:43:35.482   552  2531 W system_server: Long monitor contention with owner android.anim (575) at void com.android.server.wm.WindowManagerService.updateRotationUnchecked(boolean, boolean)(WindowManagerService.java:3847) waiters=1 in int com.android.server.wm.WindowManagerService.relayoutWindow(com.android.server.wm.Session, android.view.IWindow, int, android.view.WindowManager$LayoutParams, int, int, int, int, long, android.graphics.Rect, android.graphics.Rect, android.graphics.Rect, android.graphics.Rect, android.graphics.Rect, android.view.DisplayCutout$ParcelableWrapper, android.util.MergedConfiguration, android.view.SurfaceControl, android.view.InsetsState, android.view.InsetsSourceControl[], android.graphics.Point, android.view.SurfaceControl) for 339ms
