07-17 14:44:01.305  2837  2851 I ppiie.mooserus: Background young concurrent copying GC freed 7472(609KB) AllocSpace objects, 0(0B) LOS objects, 47% free, 2378KB/4563KB, paused 389us total 190.916ms
07-17 14:44:01.351   379   476 D AudioFlinger: mixer(0x7fc1481f6040) throttle end: throttle time(4)
07-17 14:44:01.414   379   476 D AudioFlinger: mixer(0x7fc1481f6040) throttle end: throttle time(15)
07-17 14:44:01.450   379   476 D AudioFlinger: mixer(0x7fc1481f6040) throttle end: throttle time(7)
07-17 14:44:01.494   379   476 D AudioFlinger: mixer(0x7fc1481f6040) throttle end: throttle time(6)
07-17 14:44:01.626   379   476 D AudioFlinger: mixer(0x7fc1481f6040) throttle end: throttle time(1)
07-17 14:44:01.846   379   476 D AudioFlinger: mixer(0x7fc1481f6040) throttle end: throttle time(4)
07-17 14:44:01.908   379   476 D AudioFlinger: mixer(0x7fc1481f6040) throttle end: throttle time(3)
07-17 14:44:02.538     0     0 D logd    : logdr: UID=2000 GID=2000 PID=2913 n tail=0 logMask=99 pid=0 start=0ns timeout=0ns
07-17 14:44:02.603   293  2887 W android.hardware.audio.service.ranchu: TinyalsaSink::write:125 pcm_write was late reading frames, dropping 22131 us of audio
07-17 14:44:05.716   293  2887 W android.hardware.audio.service.ranchu: TinyalsaSink::write:125 pcm_write was late reading frames, dropping 22131 us of audio
07-17 14:44:07.175   528   528 E netmgr  : qemu_pipe_open_ns:62: Could not connect to the 'pipe:qemud:network' service: Invalid argument
07-17 14:44:07.176   528   528 E netmgr  : Failed to open QEMU pipe 'qemud:network': Invalid argument
07-17 14:44:08.007   530   530 E wifi_forwarder: qemu_pipe_open_ns:62: Could not connect to the 'pipe:qemud:wififorward' service: Invalid argument
07-17 14:44:08.008   530   530 E wifi_forwarder: RemoteConnection failed to initialize: RemoteConnection failed to open pipe
07-17 14:44:08.084   379   476 D AudioFlinger: mixer(0x7fc1481f6040) throttle end: throttle time(5)
07-17 14:44:08.122   379   476 D AudioFlinger: mixer(0x7fc1481f6040) throttle end: throttle time(2)
07-17 14:44:08.245     0     0 D logd    : logdr: UID=2000 GID=2000 PID=2916 n tail=0 logMask=99 pid=0 start=0ns timeout=0ns
07-17 14:44:08.641   379   476 D AudioFlinger: mixer(0x7fc1481f6040) throttle end: throttle time(9)
07-17 14:44:08.915  2837  2896 V Godot   : OnGodotSetupCompleted
07-17 14:44:09.214   379   476 D AF::Track: interceptBuffer: took 1478us to intercept 0 tracks
07-17 14:44:09.294  2837  2896 V Godot   : OnGodotMainLoopStarted
07-17 14:44:09.466   379   476 D AudioFlinger: mixer(0x7fc1481f6040) throttle end: throttle time(5)
07-17 14:44:09.576  2837  2896 I godot   : 1:
07-17 14:44:09.577  2837  2896 E godot   : ERROR: CanvasShaderGLES3: Program linking failed:
07-17 14:44:09.577  2837  2896 E godot   : Fragment shader active uniforms exceed GL_MAX_FRAGMENT_UNIFORM_VECTORS (261)
07-17 14:44:09.577  2837  2896 E godot   :
07-17 14:44:09.577  2837  2896 E godot   :    at: _display_error_with_code (drivers/gles3/shader_gles3.cpp:262)
07-17 14:44:09.579  2837  2896 E godot   : ERROR: Method/function failed.
07-17 14:44:09.579  2837  2896 E godot   :    at: _compile_specialization (drivers/gles3/shader_gles3.cpp:464)
07-17 14:44:09.581  2837  2896 E godot   : ERROR: Condition "p_size < 0" is true. Returning: ERR_INVALID_PARAMETER
07-17 14:44:09.581  2837  2896 E godot   :    at: resize (./core/templates/cowdata.h:404)
07-17 14:44:09.874   379   476 D AudioFlinger: mixer(0x7fc1481f6040) throttle end: throttle time(8)
07-17 14:44:09.917   379   476 D AudioFlinger: mixer(0x7fc1481f6040) throttle end: throttle time(4)
07-17 14:44:10.060   379   476 D AudioFlinger: mixer(0x7fc1481f6040) throttle end: throttle time(1)
07-17 14:44:10.163   379   476 D AudioFlinger: mixer(0x7fc1481f6040) throttle end: throttle time(4)
07-17 14:44:10.312   379   476 D AudioFlinger: mixer(0x7fc1481f6040) throttle end: throttle time(6)
07-17 14:44:10.358   379   476 D AudioFlinger: mixer(0x7fc1481f6040) throttle end: throttle time(3)
07-17 14:44:10.412   379   476 D AudioFlinger: mixer(0x7fc1481f6040) throttle end: throttle time(4)
07-17 14:44:10.654   379   476 D AudioFlinger: mixer(0x7fc1481f6040) throttle end: throttle time(2)
07-17 14:44:11.854   379   476 D AudioFlinger: mixer(0x7fc1481f6040) throttle end: throttle time(1)
07-17 14:44:12.013   379   476 D AudioFlinger: mixer(0x7fc1481f6040) throttle end: throttle time(1)
07-17 14:44:12.763   379   476 D AudioFlinger: mixer(0x7fc1481f6040) throttle end: throttle time(3)
07-17 14:44:12.998   379   476 D AudioFlinger: mixer(0x7fc1481f6040) throttle end: throttle time(2)
07-17 14:44:13.217   379   476 D AudioFlinger: mixer(0x7fc1481f6040) throttle end: throttle time(1)
07-17 14:44:13.430   379   476 D AudioFlinger: mixer(0x7fc1481f6040) throttle end: throttle time(4)
07-17 14:44:13.481   379   476 D AudioFlinger: mixer(0x7fc1481f6040) throttle end: throttle time(4)
07-17 14:44:13.650   379   476 D AudioFlinger: mixer(0x7fc1481f6040) throttle end: throttle time(5)
07-17 14:44:13.696   379   476 D AudioFlinger: mixer(0x7fc1481f6040) throttle end: throttle time(2)
07-17 14:44:13.842   379   476 D AudioFlinger: mixer(0x7fc1481f6040) throttle end: throttle time(5)
07-17 14:44:14.430  2837  2896 I godot   : 1:
07-17 14:44:14.430  2837  2896 E godot   : ERROR: CanvasShaderGLES3: Program linking failed:
07-17 14:44:14.430  2837  2896 E godot   : Fragment shader active uniforms exceed GL_MAX_FRAGMENT_UNIFORM_VECTORS (261)
07-17 14:44:14.430  2837  2896 E godot   :
07-17 14:44:14.430  2837  2896 E godot   :    at: _display_error_with_code (drivers/gles3/shader_gles3.cpp:262)
07-17 14:44:14.430  2837  2896 E godot   : ERROR: Method/function failed.
07-17 14:44:14.431  2837  2896 E godot   :    at: _compile_specialization (drivers/gles3/shader_gles3.cpp:464)
07-17 14:44:14.432  2837  2896 E godot   : ERROR: Condition "p_size < 0" is true. Returning: ERR_INVALID_PARAMETER
07-17 14:44:14.434  2837  2896 E godot   :    at: resize (./core/templates/cowdata.h:404)
07-17 14:44:14.435  2837  2896 E godot   : ERROR: Condition "p_size < 0" is true. Returning: ERR_INVALID_PARAMETER
07-17 14:44:14.435  2837  2896 E godot   :    at: resize (./core/templates/cowdata.h:404)
07-17 14:44:14.628   379   476 D AudioFlinger: mixer(0x7fc1481f6040) throttle end: throttle time(3)
07-17 14:44:14.662   379   476 D AudioFlinger: mixer(0x7fc1481f6040) throttle end: throttle time(6)
07-17 14:44:15.062   379   476 D AudioFlinger: mixer(0x7fc1481f6040) throttle end: throttle time(3)
07-17 14:44:15.746   379   476 D AudioFlinger: mixer(0x7fc1481f6040) throttle end: throttle time(10)
07-17 14:44:16.128   379   476 D AudioFlinger: mixer(0x7fc1481f6040) throttle end: throttle time(13)
07-17 14:44:16.199   379   476 D AudioFlinger: mixer(0x7fc1481f6040) throttle end: throttle time(3)
07-17 14:44:16.344   379   476 D AudioFlinger: mixer(0x7fc1481f6040) throttle end: throttle time(25)
07-17 14:44:16.788   379   476 D AudioFlinger: mixer(0x7fc1481f6040) throttle end: throttle time(1)
07-17 14:44:16.923   379   476 D AudioFlinger: mixer(0x7fc1481f6040) throttle end: throttle time(2)
07-17 14:44:16.957   379   476 D AudioFlinger: mixer(0x7fc1481f6040) throttle end: throttle time(2)
07-17 14:44:17.037   379   476 D AudioFlinger: mixer(0x7fc1481f6040) throttle end: throttle time(1)
07-17 14:44:17.230   379   476 D AudioFlinger: mixer(0x7fc1481f6040) throttle end: throttle time(5)
07-17 14:44:17.407   379   476 D AudioFlinger: mixer(0x7fc1481f6040) throttle end: throttle time(2)
07-17 14:44:17.510   379   476 D AudioFlinger: mixer(0x7fc1481f6040) throttle end: throttle time(10)
07-17 14:44:17.564   379   476 D AudioFlinger: mixer(0x7fc1481f6040) throttle end: throttle time(1)
07-17 14:44:17.590   379   476 D AudioFlinger: mixer(0x7fc1481f6040) throttle end: throttle time(2)
07-17 14:44:17.679   379   476 D AudioFlinger: mixer(0x7fc1481f6040) throttle end: throttle time(6)
07-17 14:44:17.813   379   476 D AudioFlinger: mixer(0x7fc1481f6040) throttle end: throttle time(52)
07-17 14:44:17.870   379   476 D AudioFlinger: mixer(0x7fc1481f6040) throttle end: throttle time(6)
07-17 14:44:18.362   379   476 D AudioFlinger: mixer(0x7fc1481f6040) throttle end: throttle time(20)
07-17 14:44:18.590   379   476 D AudioFlinger: mixer(0x7fc1481f6040) throttle end: throttle time(1)
07-17 14:44:18.727   379   476 D AudioFlinger: mixer(0x7fc1481f6040) throttle end: throttle time(3)
07-17 14:44:19.276   379   476 D AudioFlinger: mixer(0x7fc1481f6040) throttle end: throttle time(5)
07-17 14:44:19.383   379   476 D AudioFlinger: mixer(0x7fc1481f6040) throttle end: throttle time(7)
07-17 14:44:19.927   379   476 D AudioFlinger: mixer(0x7fc1481f6040) throttle end: throttle time(1)
07-17 14:44:20.014   379   476 D AudioFlinger: mixer(0x7fc1481f6040) throttle end: throttle time(5)
07-17 14:44:20.130   379   476 D AudioFlinger: mixer(0x7fc1481f6040) throttle end: throttle time(2)
07-17 14:44:20.750   379   476 D AudioFlinger: mixer(0x7fc1481f6040) throttle end: throttle time(10)
07-17 14:44:20.855   379   476 D AudioFlinger: mixer(0x7fc1481f6040) throttle end: throttle time(10)
07-17 14:44:21.115   379   476 D AudioFlinger: mixer(0x7fc1481f6040) throttle end: throttle time(6)
07-17 14:44:21.358   379   476 D AudioFlinger: mixer(0x7fc1481f6040) throttle end: throttle time(1)
07-17 14:44:21.418   379   476 D AudioFlinger: mixer(0x7fc1481f6040) throttle end: throttle time(10)
07-17 14:44:21.498   379   476 D AudioFlinger: mixer(0x7fc1481f6040) throttle end: throttle time(25)
07-17 14:44:21.860     0     0 D logd    : logdr: UID=2000 GID=2000 PID=2919 n tail=0 logMask=99 pid=0 start=0ns timeout=0ns
07-17 14:44:22.320   379   476 D AudioFlinger: mixer(0x7fc1481f6040) throttle end: throttle time(7)
07-17 14:44:22.711   379   476 D AudioFlinger: mixer(0x7fc1481f6040) throttle end: throttle time(1)
07-17 14:44:22.958   379   476 D AudioFlinger: mixer(0x7fc1481f6040) throttle end: throttle time(5)
07-17 14:44:23.011   379   476 D AudioFlinger: mixer(0x7fc1481f6040) throttle end: throttle time(2)
07-17 14:44:23.117   379   476 D AudioFlinger: mixer(0x7fc1481f6040) throttle end: throttle time(3)
07-17 14:44:23.269   379   476 D AudioFlinger: mixer(0x7fc1481f6040) throttle end: throttle time(3)
07-17 14:44:23.372   379   476 D AudioFlinger: mixer(0x7fc1481f6040) throttle end: throttle time(2)
07-17 14:44:23.684   379   476 D AudioFlinger: mixer(0x7fc1481f6040) throttle end: throttle time(34)
07-17 14:44:23.741   379   476 D AudioFlinger: mixer(0x7fc1481f6040) throttle end: throttle time(2)
07-17 14:44:23.777   379   476 D AudioFlinger: mixer(0x7fc1481f6040) throttle end: throttle time(6)
07-17 14:44:23.831   293  2887 W android.hardware.audio.service.ranchu: TinyalsaSink::write:125 pcm_write was late reading frames, dropping 22131 us of audio
07-17 14:44:23.835   379   476 D AudioFlinger: mixer(0x7fc1481f6040) throttle end: throttle time(4)
07-17 14:44:23.869   293  2887 W android.hardware.audio.service.ranchu: TinyalsaSink::write:125 pcm_write was late reading frames, dropping 22131 us of audio
07-17 14:44:23.902   379   476 D AudioFlinger: mixer(0x7fc1481f6040) throttle end: throttle time(6)
07-17 14:44:23.913   293  2887 W android.hardware.audio.service.ranchu: TinyalsaSink::write:125 pcm_write was late reading frames, dropping 22131 us of audio
07-17 14:44:23.956   379   476 D AudioFlinger: mixer(0x7fc1481f6040) throttle end: throttle time(3)
07-17 14:44:23.978   293  2887 W android.hardware.audio.service.ranchu: TinyalsaSink::write:125 pcm_write was late reading frames, dropping 22131 us of audio
07-17 14:44:24.017   293  2887 W android.hardware.audio.service.ranchu: TinyalsaSink::write:125 pcm_write was late reading frames, dropping 22131 us of audio
07-17 14:44:24.025   379   476 D AudioFlinger: mixer(0x7fc1481f6040) throttle end: throttle time(5)
07-17 14:44:24.052   293  2887 W android.hardware.audio.service.ranchu: TinyalsaSink::write:125 pcm_write was late reading frames, dropping 22131 us of audio
07-17 14:44:24.281   379   476 D AudioFlinger: mixer(0x7fc1481f6040) throttle end: throttle time(4)
07-17 14:44:24.379   379   476 D AudioFlinger: mixer(0x7fc1481f6040) throttle end: throttle time(4)
07-17 14:44:24.630   379   476 D AudioFlinger: mixer(0x7fc1481f6040) throttle end: throttle time(2)
07-17 14:44:24.887   379   476 D AudioFlinger: mixer(0x7fc1481f6040) throttle end: throttle time(16)
07-17 14:44:24.930   379   476 D AudioFlinger: mixer(0x7fc1481f6040) throttle end: throttle time(10)
07-17 14:44:25.018   379   476 D AudioFlinger: mixer(0x7fc1481f6040) throttle end: throttle time(9)
07-17 14:44:25.083   379   476 D AudioFlinger: mixer(0x7fc1481f6040) throttle end: throttle time(2)
07-17 14:44:25.153   379   476 D AudioFlinger: mixer(0x7fc1481f6040) throttle end: throttle time(2)
07-17 14:44:25.229   293  2887 W android.hardware.audio.service.ranchu: TinyalsaSink::write:125 pcm_write was late reading frames, dropping 22131 us of audio
07-17 14:44:25.249   379   476 D AudioFlinger: mixer(0x7fc1481f6040) throttle end: throttle time(15)
07-17 14:44:25.271   293  2887 W android.hardware.audio.service.ranchu: TinyalsaSink::write:125 pcm_write was late reading frames, dropping 22131 us of audio
07-17 14:44:25.316   293  2887 I chatty  : uid=1041(audioserver) audio.service.r identical 2 lines
07-17 14:44:25.334   293  2887 W android.hardware.audio.service.ranchu: TinyalsaSink::write:125 pcm_write was late reading frames, dropping 22131 us of audio
07-17 14:44:25.446   379   476 D AudioFlinger: mixer(0x7fc1481f6040) throttle end: throttle time(6)
07-17 14:44:25.473   293  2887 W android.hardware.audio.service.ranchu: TinyalsaSink::write:125 pcm_write was late reading frames, dropping 22131 us of audio
07-17 14:44:25.612   379   476 D AudioFlinger: mixer(0x7fc1481f6040) throttle end: throttle time(4)
07-17 14:44:25.816   379   476 D AudioFlinger: mixer(0x7fc1481f6040) throttle end: throttle time(21)
07-17 14:44:25.976   379   476 D AudioFlinger: mixer(0x7fc1481f6040) throttle end: throttle time(3)
07-17 14:44:26.026   379   476 D AudioFlinger: mixer(0x7fc1481f6040) throttle end: throttle time(2)
07-17 14:44:26.217   379   476 D AudioFlinger: mixer(0x7fc1481f6040) throttle end: throttle time(24)
07-17 14:44:26.357   379   476 D AudioFlinger: mixer(0x7fc1481f6040) throttle end: throttle time(15)
07-17 14:44:26.442   379   476 D AudioFlinger: mixer(0x7fc1481f6040) throttle end: throttle time(19)
07-17 14:44:26.508   379   476 D AudioFlinger: mixer(0x7fc1481f6040) throttle end: throttle time(11)
07-17 14:44:26.526   293  2887 W android.hardware.audio.service.ranchu: TinyalsaSink::write:125 pcm_write was late reading frames, dropping 22131 us of audio
07-17 14:44:26.543   293  2887 W android.hardware.audio.service.ranchu: TinyalsaSink::write:125 pcm_write was late reading frames, dropping 22131 us of audio
07-17 14:44:26.779   379   476 D AudioFlinger: mixer(0x7fc1481f6040) throttle end: throttle time(4)
07-17 14:44:26.863   379   476 D AudioFlinger: mixer(0x7fc1481f6040) throttle end: throttle time(5)
07-17 14:44:26.911   379   476 D AudioFlinger: mixer(0x7fc1481f6040) throttle end: throttle time(4)
07-17 14:44:26.984   379   476 D AudioFlinger: mixer(0x7fc1481f6040) throttle end: throttle time(11)
07-17 14:44:27.081   293  2887 W android.hardware.audio.service.ranchu: TinyalsaSink::write:125 pcm_write was late reading frames, dropping 22131 us of audio
07-17 14:44:27.086   379   476 D AudioFlinger: mixer(0x7fc1481f6040) throttle end: throttle time(5)
07-17 14:44:27.130   293  2887 W android.hardware.audio.service.ranchu: TinyalsaSink::write:125 pcm_write was late reading frames, dropping 22131 us of audio
07-17 14:44:27.132   379   476 D AudioFlinger: mixer(0x7fc1481f6040) throttle end: throttle time(5)
07-17 14:44:27.150   293  2887 W android.hardware.audio.service.ranchu: TinyalsaSink::write:125 pcm_write was late reading frames, dropping 22131 us of audio
07-17 14:44:27.165   293  2887 I chatty  : uid=1041(audioserver) audio.service.r identical 1 line
07-17 14:44:27.199   293  2887 W android.hardware.audio.service.ranchu: TinyalsaSink::write:125 pcm_write was late reading frames, dropping 22131 us of audio
07-17 14:44:27.236   379   476 D AudioFlinger: mixer(0x7fc1481f6040) throttle end: throttle time(2)
07-17 14:44:27.304   293  2887 W android.hardware.audio.service.ranchu: TinyalsaSink::write:125 pcm_write was late reading frames, dropping 22131 us of audio
07-17 14:44:27.364   293  2887 W android.hardware.audio.service.ranchu: TinyalsaSink::write:125 pcm_write was late reading frames, dropping 22131 us of audio
07-17 14:44:27.365   379   476 D AudioFlinger: mixer(0x7fc1481f6040) throttle end: throttle time(4)
07-17 14:44:27.509   379   476 D AudioFlinger: mixer(0x7fc1481f6040) throttle end: throttle time(2)
07-17 14:44:27.548   379   476 D AudioFlinger: mixer(0x7fc1481f6040) throttle end: throttle time(7)
07-17 14:44:27.571   379   476 D AudioFlinger: mixer(0x7fc1481f6040) throttle end: throttle time(2)
07-17 14:44:27.626   379   476 D AudioFlinger: mixer(0x7fc1481f6040) throttle end: throttle time(6)
07-17 14:44:27.677   293  2887 W android.hardware.audio.service.ranchu: TinyalsaSink::write:125 pcm_write was late reading frames, dropping 22131 us of audio
07-17 14:44:27.713   379   476 D AudioFlinger: mixer(0x7fc1481f6040) throttle end: throttle time(2)
07-17 14:44:27.917   379   476 D AudioFlinger: mixer(0x7fc1481f6040) throttle end: throttle time(13)
07-17 14:44:27.970   379   476 D AudioFlinger: mixer(0x7fc1481f6040) throttle end: throttle time(2)
07-17 14:44:28.011   379   476 D AudioFlinger: mixer(0x7fc1481f6040) throttle end: throttle time(4)
07-17 14:44:28.073   379   476 D AudioFlinger: mixer(0x7fc1481f6040) throttle end: throttle time(3)
07-17 14:44:28.157   379   476 D AudioFlinger: mixer(0x7fc1481f6040) throttle end: throttle time(17)
07-17 14:44:28.238   379   476 D AudioFlinger: mixer(0x7fc1481f6040) throttle end: throttle time(1)
07-17 14:44:28.289   379   476 D AudioFlinger: mixer(0x7fc1481f6040) throttle end: throttle time(6)
07-17 14:44:28.345   379   476 D AudioFlinger: mixer(0x7fc1481f6040) throttle end: throttle time(19)
07-17 14:44:28.410   293  2887 W android.hardware.audio.service.ranchu: TinyalsaSink::write:125 pcm_write was late reading frames, dropping 22131 us of audio
07-17 14:44:28.442   379   476 D AudioFlinger: mixer(0x7fc1481f6040) throttle end: throttle time(7)
07-17 14:44:28.465   293  2887 W android.hardware.audio.service.ranchu: TinyalsaSink::write:125 pcm_write was late reading frames, dropping 22131 us of audio
07-17 14:44:28.593   293  2887 W android.hardware.audio.service.ranchu: TinyalsaSink::write:125 pcm_write was late reading frames, dropping 22131 us of audio
07-17 14:44:28.761   379   476 D AudioFlinger: mixer(0x7fc1481f6040) throttle end: throttle time(2)
07-17 14:44:28.871   379   476 D AudioFlinger: mixer(0x7fc1481f6040) throttle end: throttle time(4)
07-17 14:44:29.011   293  2887 W android.hardware.audio.service.ranchu: TinyalsaSink::write:125 pcm_write was late reading frames, dropping 22131 us of audio
07-17 14:44:29.035   379   476 D AudioFlinger: mixer(0x7fc1481f6040) throttle end: throttle time(11)
07-17 14:44:29.082   379   476 D AudioFlinger: mixer(0x7fc1481f6040) throttle end: throttle time(2)
07-17 14:44:29.149   293  2887 W android.hardware.audio.service.ranchu: TinyalsaSink::write:125 pcm_write was late reading frames, dropping 22131 us of audio
07-17 14:44:29.155   379   476 D AudioFlinger: mixer(0x7fc1481f6040) throttle end: throttle time(10)
07-17 14:44:29.161   293  2887 W android.hardware.audio.service.ranchu: TinyalsaSink::write:125 pcm_write was late reading frames, dropping 22131 us of audio
07-17 14:44:29.217   293  2887 W android.hardware.audio.service.ranchu: TinyalsaSink::write:125 pcm_write was late reading frames, dropping 22131 us of audio
07-17 14:44:29.219   379   476 D AudioFlinger: mixer(0x7fc1481f6040) throttle end: throttle time(9)
07-17 14:44:29.280   379   476 D AudioFlinger: mixer(0x7fc1481f6040) throttle end: throttle time(8)
07-17 14:44:29.366   379   476 D AudioFlinger: mixer(0x7fc1481f6040) throttle end: throttle time(5)
07-17 14:44:29.499   379   476 D AudioFlinger: mixer(0x7fc1481f6040) throttle end: throttle time(1)
07-17 14:44:29.614   379   476 D AudioFlinger: mixer(0x7fc1481f6040) throttle end: throttle time(18)
07-17 14:44:29.658   379   476 D AudioFlinger: mixer(0x7fc1481f6040) throttle end: throttle time(1)
07-17 14:44:29.674   293  2887 W android.hardware.audio.service.ranchu: TinyalsaSink::write:125 pcm_write was late reading frames, dropping 22131 us of audio
07-17 14:44:29.817   379   476 D AudioFlinger: mixer(0x7fc1481f6040) throttle end: throttle time(2)
07-17 14:44:29.883   293  2887 W android.hardware.audio.service.ranchu: TinyalsaSink::write:125 pcm_write was late reading frames, dropping 22131 us of audio
07-17 14:44:29.896   293  2887 W android.hardware.audio.service.ranchu: TinyalsaSink::write:125 pcm_write was late reading frames, dropping 22131 us of audio
07-17 14:44:29.972   379   476 D AudioFlinger: mixer(0x7fc1481f6040) throttle end: throttle time(7)
07-17 14:44:30.072   379   476 D AudioFlinger: mixer(0x7fc1481f6040) throttle end: throttle time(10)
07-17 14:44:30.211   379   476 D AudioFlinger: mixer(0x7fc1481f6040) throttle end: throttle time(1)
07-17 14:44:30.332   379   476 D AudioFlinger: mixer(0x7fc1481f6040) throttle end: throttle time(1)
07-17 14:44:30.418   379   476 D AudioFlinger: mixer(0x7fc1481f6040) throttle end: throttle time(5)
07-17 14:44:30.811   379   476 D AudioFlinger: mixer(0x7fc1481f6040) throttle end: throttle time(2)
07-17 14:44:31.571   379   476 D AudioFlinger: mixer(0x7fc1481f6040) throttle end: throttle time(6)
07-17 14:44:32.018   379   476 D AudioFlinger: mixer(0x7fc1481f6040) throttle end: throttle time(1)
07-17 14:44:32.110   379   476 D AudioFlinger: mixer(0x7fc1481f6040) throttle end: throttle time(6)
07-17 14:44:32.223   379   476 D AudioFlinger: mixer(0x7fc1481f6040) throttle end: throttle time(7)
07-17 14:44:32.380   379   476 D AudioFlinger: mixer(0x7fc1481f6040) throttle end: throttle time(22)
07-17 14:44:32.463   379   476 D AudioFlinger: mixer(0x7fc1481f6040) throttle end: throttle time(7)
07-17 14:44:32.495   379   476 D AudioFlinger: mixer(0x7fc1481f6040) throttle end: throttle time(4)
07-17 14:44:32.532   379   476 D AudioFlinger: mixer(0x7fc1481f6040) throttle end: throttle time(4)
07-17 14:44:32.588   379   476 D AudioFlinger: mixer(0x7fc1481f6040) throttle end: throttle time(1)
07-17 14:44:32.684   379   476 D AudioFlinger: mixer(0x7fc1481f6040) throttle end: throttle time(9)
07-17 14:44:32.774   379   476 D AudioFlinger: mixer(0x7fc1481f6040) throttle end: throttle time(2)
07-17 14:44:32.871   379   476 D AudioFlinger: mixer(0x7fc1481f6040) throttle end: throttle time(4)
07-17 14:44:32.905   379   476 D AudioFlinger: mixer(0x7fc1481f6040) throttle end: throttle time(6)
07-17 14:44:32.933   379   476 D AudioFlinger: mixer(0x7fc1481f6040) throttle end: throttle time(3)
07-17 14:44:33.003   379   476 D AudioFlinger: mixer(0x7fc1481f6040) throttle end: throttle time(5)
07-17 14:44:33.103   379   476 D AudioFlinger: mixer(0x7fc1481f6040) throttle end: throttle time(5)
07-17 14:44:33.202   379   476 D AudioFlinger: mixer(0x7fc1481f6040) throttle end: throttle time(15)
07-17 14:44:33.275   379   476 D AudioFlinger: mixer(0x7fc1481f6040) throttle end: throttle time(4)
07-17 14:44:33.380   379   476 D AudioFlinger: mixer(0x7fc1481f6040) throttle end: throttle time(13)
07-17 14:44:33.490   379   476 D AudioFlinger: mixer(0x7fc1481f6040) throttle end: throttle time(15)
07-17 14:44:33.540   379   476 D AudioFlinger: mixer(0x7fc1481f6040) throttle end: throttle time(4)
07-17 14:44:33.620   379   476 D AudioFlinger: mixer(0x7fc1481f6040) throttle end: throttle time(6)
07-17 14:44:33.680   379   476 D AudioFlinger: mixer(0x7fc1481f6040) throttle end: throttle time(7)
07-17 14:44:33.758   379   476 D AudioFlinger: mixer(0x7fc1481f6040) throttle end: throttle time(1)
07-17 14:44:33.856   379   476 D AudioFlinger: mixer(0x7fc1481f6040) throttle end: throttle time(6)
07-17 14:44:33.901   379   476 D AudioFlinger: mixer(0x7fc1481f6040) throttle end: throttle time(1)
07-17 14:44:33.981   379   476 D AudioFlinger: mixer(0x7fc1481f6040) throttle end: throttle time(4)
07-17 14:44:34.086   379   476 D AudioFlinger: mixer(0x7fc1481f6040) throttle end: throttle time(19)
07-17 14:44:34.158   379   476 D AudioFlinger: mixer(0x7fc1481f6040) throttle end: throttle time(10)
07-17 14:44:34.214   293  2887 W android.hardware.audio.service.ranchu: TinyalsaSink::write:125 pcm_write was late reading frames, dropping 22131 us of audio
07-17 14:44:34.353   293  2887 I chatty  : uid=1041(audioserver) audio.service.r identical 3 lines
07-17 14:44:34.369   293  2887 W android.hardware.audio.service.ranchu: TinyalsaSink::write:125 pcm_write was late reading frames, dropping 22131 us of audio
07-17 14:44:34.401   379   476 D AudioFlinger: mixer(0x7fc1481f6040) throttle end: throttle time(2)
07-17 14:44:34.413   293  2887 W android.hardware.audio.service.ranchu: TinyalsaSink::write:125 pcm_write was late reading frames, dropping 22131 us of audio
07-17 14:44:34.493   293  2887 W android.hardware.audio.service.ranchu: TinyalsaSink::write:125 pcm_write was late reading frames, dropping 22131 us of audio
07-17 14:44:34.498   379   476 D AudioFlinger: mixer(0x7fc1481f6040) throttle end: throttle time(2)
07-17 14:44:34.518   293  2887 W android.hardware.audio.service.ranchu: TinyalsaSink::write:125 pcm_write was late reading frames, dropping 22131 us of audio
07-17 14:44:34.581   293  2887 W android.hardware.audio.service.ranchu: TinyalsaSink::write:125 pcm_write was late reading frames, dropping 22131 us of audio
07-17 14:44:34.592   379   476 D AudioFlinger: mixer(0x7fc1481f6040) throttle end: throttle time(11)
07-17 14:44:34.611   293  2887 W android.hardware.audio.service.ranchu: TinyalsaSink::write:125 pcm_write was late reading frames, dropping 22131 us of audio
07-17 14:44:34.647   379   476 D AudioFlinger: mixer(0x7fc1481f6040) throttle end: throttle time(2)
07-17 14:44:34.660   293  2887 W android.hardware.audio.service.ranchu: TinyalsaSink::write:125 pcm_write was late reading frames, dropping 22131 us of audio
07-17 14:44:34.764   379   476 D AudioFlinger: mixer(0x7fc1481f6040) throttle end: throttle time(6)
07-17 14:44:34.879   293  2887 W android.hardware.audio.service.ranchu: TinyalsaSink::write:125 pcm_write was late reading frames, dropping 22131 us of audio
07-17 14:44:35.042   379   476 D AudioFlinger: mixer(0x7fc1481f6040) throttle end: throttle time(21)
07-17 14:44:35.095   379   476 D AudioFlinger: mixer(0x7fc1481f6040) throttle end: throttle time(18)
07-17 14:44:35.122   379   476 D AudioFlinger: mixer(0x7fc1481f6040) throttle end: throttle time(7)
07-17 14:44:35.156   293  2887 W android.hardware.audio.service.ranchu: TinyalsaSink::write:125 pcm_write was late reading frames, dropping 22131 us of audio
07-17 14:44:35.172   293  2887 W android.hardware.audio.service.ranchu: TinyalsaSink::write:125 pcm_write was late reading frames, dropping 22131 us of audio
07-17 14:44:35.272   379   476 D AudioFlinger: mixer(0x7fc1481f6040) throttle end: throttle time(5)
07-17 14:44:35.319   293  2887 W android.hardware.audio.service.ranchu: TinyalsaSink::write:125 pcm_write was late reading frames, dropping 22131 us of audio
07-17 14:44:35.320   379   476 D AudioFlinger: mixer(0x7fc1481f6040) throttle end: throttle time(4)
07-17 14:44:35.346   293  2887 W android.hardware.audio.service.ranchu: TinyalsaSink::write:125 pcm_write was late reading frames, dropping 22131 us of audio
07-17 14:44:35.459   293  2887 I chatty  : uid=1041(audioserver) audio.service.r identical 4 lines
07-17 14:44:35.594   293  2887 W android.hardware.audio.service.ranchu: TinyalsaSink::write:125 pcm_write was late reading frames, dropping 22131 us of audio
07-17 14:44:35.597   379   476 D AudioFlinger: mixer(0x7fc1481f6040) throttle end: throttle time(5)
07-17 14:44:35.673   379   476 D AudioFlinger: mixer(0x7fc1481f6040) throttle end: throttle time(7)
07-17 14:44:35.729   293  2887 W android.hardware.audio.service.ranchu: TinyalsaSink::write:125 pcm_write was late reading frames, dropping 22131 us of audio
07-17 14:44:35.733   379   476 D AudioFlinger: mixer(0x7fc1481f6040) throttle end: throttle time(2)
07-17 14:44:35.744   293  2887 W android.hardware.audio.service.ranchu: TinyalsaSink::write:125 pcm_write was late reading frames, dropping 22131 us of audio
07-17 14:44:35.794   379   476 D AudioFlinger: mixer(0x7fc1481f6040) throttle end: throttle time(2)
07-17 14:44:35.805     0     0 W healthd : battery l=100 v=5000 t=25.0 h=2 st=2 c=900000 fc=300000 cc=10 chg=a
07-17 14:44:35.974   379   476 D AudioFlinger: mixer(0x7fc1481f6040) throttle end: throttle time(8)
07-17 14:44:36.036   379   476 D AudioFlinger: mixer(0x7fc1481f6040) throttle end: throttle time(1)
07-17 14:44:36.128   379   476 D AudioFlinger: mixer(0x7fc1481f6040) throttle end: throttle time(17)
07-17 14:44:36.218   379   476 D AudioFlinger: mixer(0x7fc1481f6040) throttle end: throttle time(13)
07-17 14:44:36.293   379   476 D AudioFlinger: mixer(0x7fc1481f6040) throttle end: throttle time(4)
07-17 14:44:36.381   379   476 D AudioFlinger: mixer(0x7fc1481f6040) throttle end: throttle time(2)
07-17 14:44:36.439   379   476 D AudioFlinger: mixer(0x7fc1481f6040) throttle end: throttle time(12)
07-17 14:44:36.498   379   476 D AudioFlinger: mixer(0x7fc1481f6040) throttle end: throttle time(3)
07-17 14:44:36.549   379   476 D AudioFlinger: mixer(0x7fc1481f6040) throttle end: throttle time(2)
07-17 14:44:36.580   379   476 D AudioFlinger: mixer(0x7fc1481f6040) throttle end: throttle time(1)
07-17 14:44:36.758   379   476 D AudioFlinger: mixer(0x7fc1481f6040) throttle end: throttle time(8)
07-17 14:44:36.837   379   476 D AudioFlinger: mixer(0x7fc1481f6040) throttle end: throttle time(1)
07-17 14:44:36.947   379   476 D AudioFlinger: mixer(0x7fc1481f6040) throttle end: throttle time(14)
07-17 14:44:36.998   379   476 D AudioFlinger: mixer(0x7fc1481f6040) throttle end: throttle time(2)
07-17 14:44:37.242   379   476 D AudioFlinger: mixer(0x7fc1481f6040) throttle end: throttle time(2)
07-17 14:44:37.862   379   476 D AudioFlinger: mixer(0x7fc1481f6040) throttle end: throttle time(4)
07-17 14:44:38.911   379   476 D AudioFlinger: mixer(0x7fc1481f6040) throttle end: throttle time(6)
07-17 14:44:40.230   379   476 D AudioFlinger: mixer(0x7fc1481f6040) throttle end: throttle time(9)
07-17 14:44:40.316   379   476 D AudioFlinger: mixer(0x7fc1481f6040) throttle end: throttle time(6)
07-17 14:44:40.552   379   476 D AudioFlinger: mixer(0x7fc1481f6040) throttle end: throttle time(4)
07-17 14:44:40.662   379   476 D AudioFlinger: mixer(0x7fc1481f6040) throttle end: throttle time(2)
07-17 14:44:40.814   379   476 D AudioFlinger: mixer(0x7fc1481f6040) throttle end: throttle time(17)
07-17 14:44:40.893   379   476 D AudioFlinger: mixer(0x7fc1481f6040) throttle end: throttle time(4)
07-17 14:44:40.938   379   476 D AudioFlinger: mixer(0x7fc1481f6040) throttle end: throttle time(3)
07-17 14:44:41.050   379   476 D AudioFlinger: mixer(0x7fc1481f6040) throttle end: throttle time(2)
07-17 14:44:41.216   379   476 D AudioFlinger: mixer(0x7fc1481f6040) throttle end: throttle time(6)
07-17 14:44:41.279   379   476 D AudioFlinger: mixer(0x7fc1481f6040) throttle end: throttle time(13)
07-17 14:44:41.360   379   476 D AudioFlinger: mixer(0x7fc1481f6040) throttle end: throttle time(8)
07-17 14:44:41.450   379   476 D AudioFlinger: mixer(0x7fc1481f6040) throttle end: throttle time(10)
07-17 14:44:41.550   379   476 D AudioFlinger: mixer(0x7fc1481f6040) throttle end: throttle time(14)
07-17 14:44:41.631   379   476 D AudioFlinger: mixer(0x7fc1481f6040) throttle end: throttle time(8)
07-17 14:44:41.771   379   476 D AudioFlinger: mixer(0x7fc1481f6040) throttle end: throttle time(4)
07-17 14:44:41.904   379   476 D AudioFlinger: mixer(0x7fc1481f6040) throttle end: throttle time(6)
07-17 14:44:41.947   379   476 D AudioFlinger: mixer(0x7fc1481f6040) throttle end: throttle time(8)
07-17 14:44:42.064   379   476 D AudioFlinger: mixer(0x7fc1481f6040) throttle end: throttle time(1)
07-17 14:44:42.132   379   476 D AudioFlinger: mixer(0x7fc1481f6040) throttle end: throttle time(21)
07-17 14:44:42.162   379   476 D AudioFlinger: mixer(0x7fc1481f6040) throttle end: throttle time(2)
07-17 14:44:42.284   379   476 D AudioFlinger: mixer(0x7fc1481f6040) throttle end: throttle time(4)
07-17 14:44:42.348   379   476 D AudioFlinger: mixer(0x7fc1481f6040) throttle end: throttle time(3)
07-17 14:44:42.473   379   476 D AudioFlinger: mixer(0x7fc1481f6040) throttle end: throttle time(7)
07-17 14:44:42.555   379   476 D AudioFlinger: mixer(0x7fc1481f6040) throttle end: throttle time(4)
07-17 14:44:42.653   379   476 D AudioFlinger: mixer(0x7fc1481f6040) throttle end: throttle time(19)
07-17 14:44:42.716   379   476 D AudioFlinger: mixer(0x7fc1481f6040) throttle end: throttle time(9)
07-17 14:44:42.763   379   476 D AudioFlinger: mixer(0x7fc1481f6040) throttle end: throttle time(2)
07-17 14:44:42.806   379   476 D AudioFlinger: mixer(0x7fc1481f6040) throttle end: throttle time(3)
07-17 14:44:42.849   379   476 D AudioFlinger: mixer(0x7fc1481f6040) throttle end: throttle time(7)
07-17 14:44:42.936   379   476 D AudioFlinger: mixer(0x7fc1481f6040) throttle end: throttle time(4)
07-17 14:44:43.012   379   476 D AudioFlinger: mixer(0x7fc1481f6040) throttle end: throttle time(6)
07-17 14:44:43.042   379   476 D AudioFlinger: mixer(0x7fc1481f6040) throttle end: throttle time(1)
07-17 14:44:43.166   379   476 I chatty  : uid=1041(audioserver) AudioOut_D identical 1 line
07-17 14:44:43.393   379   476 D AudioFlinger: mixer(0x7fc1481f6040) throttle end: throttle time(1)
07-17 14:44:43.559   379   476 D AudioFlinger: mixer(0x7fc1481f6040) throttle end: throttle time(3)
07-17 14:44:43.700   379   476 D AudioFlinger: mixer(0x7fc1481f6040) throttle end: throttle time(7)
07-17 14:44:43.779   379   476 D AudioFlinger: mixer(0x7fc1481f6040) throttle end: throttle time(2)
07-17 14:44:44.059   379   476 D AudioFlinger: mixer(0x7fc1481f6040) throttle end: throttle time(1)
07-17 14:44:44.294   379   476 D AudioFlinger: mixer(0x7fc1481f6040) throttle end: throttle time(11)
07-17 14:44:44.463   379   476 D AudioFlinger: mixer(0x7fc1481f6040) throttle end: throttle time(6)
07-17 14:44:44.539   379   476 D AudioFlinger: mixer(0x7fc1481f6040) throttle end: throttle time(7)
07-17 14:44:44.858   379   476 D AudioFlinger: mixer(0x7fc1481f6040) throttle end: throttle time(2)
07-17 14:44:44.910   379   476 I chatty  : uid=1041(audioserver) AudioOut_D identical 1 line
07-17 14:44:45.336   379   476 D AudioFlinger: mixer(0x7fc1481f6040) throttle end: throttle time(2)
07-17 14:44:46.292   379   476 D AudioFlinger: mixer(0x7fc1481f6040) throttle end: throttle time(10)
07-17 14:44:46.472   379   476 D AudioFlinger: mixer(0x7fc1481f6040) throttle end: throttle time(3)
07-17 14:44:46.702   379   476 D AudioFlinger: mixer(0x7fc1481f6040) throttle end: throttle time(7)
07-17 14:44:46.838   379   476 D AudioFlinger: mixer(0x7fc1481f6040) throttle end: throttle time(4)
07-17 14:44:46.899   379   476 D AudioFlinger: mixer(0x7fc1481f6040) throttle end: throttle time(4)
07-17 14:44:47.024   379   476 D AudioFlinger: mixer(0x7fc1481f6040) throttle end: throttle time(3)
07-17 14:44:47.121   379   476 D AudioFlinger: mixer(0x7fc1481f6040) throttle end: throttle time(3)
07-17 14:44:47.191   379   476 D AudioFlinger: mixer(0x7fc1481f6040) throttle end: throttle time(1)
07-17 14:44:47.354   379   476 D AudioFlinger: mixer(0x7fc1481f6040) throttle end: throttle time(14)
07-17 14:44:47.450   379   476 D AudioFlinger: mixer(0x7fc1481f6040) throttle end: throttle time(10)
07-17 14:44:47.554   379   476 D AudioFlinger: mixer(0x7fc1481f6040) throttle end: throttle time(4)
07-17 14:44:47.633   379   476 D AudioFlinger: mixer(0x7fc1481f6040) throttle end: throttle time(3)
07-17 14:44:47.742   379   476 D AudioFlinger: mixer(0x7fc1481f6040) throttle end: throttle time(5)
07-17 14:44:47.939   379   476 D AudioFlinger: mixer(0x7fc1481f6040) throttle end: throttle time(22)
07-17 14:44:48.048   379   476 D AudioFlinger: mixer(0x7fc1481f6040) throttle end: throttle time(7)
07-17 14:44:48.165   379   476 D AudioFlinger: mixer(0x7fc1481f6040) throttle end: throttle time(14)
07-17 14:44:48.306   379   476 D AudioFlinger: mixer(0x7fc1481f6040) throttle end: throttle time(20)
07-17 14:44:48.335   379   476 D AudioFlinger: mixer(0x7fc1481f6040) throttle end: throttle time(3)
07-17 14:44:48.429   379   476 D AudioFlinger: mixer(0x7fc1481f6040) throttle end: throttle time(7)
07-17 14:44:48.534   379   476 D AudioFlinger: mixer(0x7fc1481f6040) throttle end: throttle time(4)
07-17 14:44:48.650   379   476 D AudioFlinger: mixer(0x7fc1481f6040) throttle end: throttle time(1)
07-17 14:44:48.686   379   476 D AudioFlinger: mixer(0x7fc1481f6040) throttle end: throttle time(12)
07-17 14:44:48.838   379   476 D AudioFlinger: mixer(0x7fc1481f6040) throttle end: throttle time(8)
07-17 14:44:48.920   379   476 D AudioFlinger: mixer(0x7fc1481f6040) throttle end: throttle time(2)
07-17 14:44:49.065   379   476 D AudioFlinger: mixer(0x7fc1481f6040) throttle end: throttle time(2)
07-17 14:44:49.218   379   476 D AudioFlinger: mixer(0x7fc1481f6040) throttle end: throttle time(1)
07-17 14:44:49.297   379   476 D AudioFlinger: mixer(0x7fc1481f6040) throttle end: throttle time(6)
07-17 14:44:49.370   379   476 D AudioFlinger: mixer(0x7fc1481f6040) throttle end: throttle time(1)
07-17 14:44:49.418   379   476 D AudioFlinger: mixer(0x7fc1481f6040) throttle end: throttle time(6)
07-17 14:44:49.495   379   476 D AudioFlinger: mixer(0x7fc1481f6040) throttle end: throttle time(9)
07-17 14:44:49.698   379   476 D AudioFlinger: mixer(0x7fc1481f6040) throttle end: throttle time(5)
07-17 14:44:49.810   379   476 D AudioFlinger: mixer(0x7fc1481f6040) throttle end: throttle time(3)
07-17 14:44:49.868   379   476 D AudioFlinger: mixer(0x7fc1481f6040) throttle end: throttle time(9)
07-17 14:44:49.966   379   476 D AudioFlinger: mixer(0x7fc1481f6040) throttle end: throttle time(12)
07-17 14:44:50.006   379   476 D AudioFlinger: mixer(0x7fc1481f6040) throttle end: throttle time(5)
07-17 14:44:50.089   379   476 D AudioFlinger: mixer(0x7fc1481f6040) throttle end: throttle time(22)
07-17 14:44:50.240   379   476 D AudioFlinger: mixer(0x7fc1481f6040) throttle end: throttle time(4)
07-17 14:44:50.345   379   476 D AudioFlinger: mixer(0x7fc1481f6040) throttle end: throttle time(1)
07-17 14:44:50.412   379   476 D AudioFlinger: mixer(0x7fc1481f6040) throttle end: throttle time(2)
07-17 14:44:50.722   379   476 D AudioFlinger: mixer(0x7fc1481f6040) throttle end: throttle time(2)
07-17 14:44:50.768   379   476 D AudioFlinger: mixer(0x7fc1481f6040) throttle end: throttle time(3)
07-17 14:44:50.808   379   476 D AudioFlinger: mixer(0x7fc1481f6040) throttle end: throttle time(2)
07-17 14:44:50.862   293  2887 W android.hardware.audio.service.ranchu: TinyalsaSink::write:125 pcm_write was late reading frames, dropping 22131 us of audio
07-17 14:44:50.865   379   476 D AudioFlinger: mixer(0x7fc1481f6040) throttle end: throttle time(10)
07-17 14:44:50.894   379   476 D AudioFlinger: mixer(0x7fc1481f6040) throttle end: throttle time(4)
07-17 14:44:50.965   293  2887 W android.hardware.audio.service.ranchu: TinyalsaSink::write:125 pcm_write was late reading frames, dropping 22131 us of audio
07-17 14:44:50.974   293  2887 W android.hardware.audio.service.ranchu: TinyalsaSink::write:125 pcm_write was late reading frames, dropping 22131 us of audio
07-17 14:44:51.028   379   476 D AudioFlinger: mixer(0x7fc1481f6040) throttle end: throttle time(4)
07-17 14:44:51.116   379   476 D AudioFlinger: mixer(0x7fc1481f6040) throttle end: throttle time(2)
07-17 14:44:51.203   379   476 D AudioFlinger: mixer(0x7fc1481f6040) throttle end: throttle time(4)
07-17 14:44:51.238   379   476 D AudioFlinger: mixer(0x7fc1481f6040) throttle end: throttle time(1)
07-17 14:44:51.453   379   476 D AudioFlinger: mixer(0x7fc1481f6040) throttle end: throttle time(8)
07-17 14:44:51.637   379   476 D AudioFlinger: mixer(0x7fc1481f6040) throttle end: throttle time(4)
07-17 14:44:51.744   379   476 D AudioFlinger: mixer(0x7fc1481f6040) throttle end: throttle time(6)
07-17 14:44:51.780   379   476 D AudioFlinger: mixer(0x7fc1481f6040) throttle end: throttle time(2)
07-17 14:44:51.846   293  2887 W android.hardware.audio.service.ranchu: TinyalsaSink::write:125 pcm_write was late reading frames, dropping 22131 us of audio
07-17 14:44:51.884   293  2887 W android.hardware.audio.service.ranchu: TinyalsaSink::write:125 pcm_write was late reading frames, dropping 22131 us of audio
07-17 14:44:51.885   379   476 D AudioFlinger: mixer(0x7fc1481f6040) throttle end: throttle time(28)
07-17 14:44:51.898   293  2887 W android.hardware.audio.service.ranchu: TinyalsaSink::write:125 pcm_write was late reading frames, dropping 22131 us of audio
07-17 14:44:52.001   293  2887 I chatty  : uid=1041(audioserver) audio.service.r identical 3 lines
07-17 14:44:52.015   293  2887 W android.hardware.audio.service.ranchu: TinyalsaSink::write:125 pcm_write was late reading frames, dropping 22131 us of audio
07-17 14:44:52.088   379   476 D AudioFlinger: mixer(0x7fc1481f6040) throttle end: throttle time(2)
07-17 14:44:52.210   379   476 D AudioFlinger: mixer(0x7fc1481f6040) throttle end: throttle time(1)
07-17 14:44:52.326   379   476 D AudioFlinger: mixer(0x7fc1481f6040) throttle end: throttle time(8)
07-17 14:44:52.468   379   476 D AudioFlinger: mixer(0x7fc1481f6040) throttle end: throttle time(11)
07-17 14:44:52.625   379   476 D AudioFlinger: mixer(0x7fc1481f6040) throttle end: throttle time(4)
07-17 14:44:52.757   293  2887 W android.hardware.audio.service.ranchu: TinyalsaSink::write:125 pcm_write was late reading frames, dropping 22131 us of audio
07-17 14:44:52.761   379   476 D AudioFlinger: mixer(0x7fc1481f6040) throttle end: throttle time(3)
07-17 14:44:52.809   293  2887 W android.hardware.audio.service.ranchu: TinyalsaSink::write:125 pcm_write was late reading frames, dropping 22131 us of audio
07-17 14:44:52.814   379   476 D AudioFlinger: mixer(0x7fc1481f6040) throttle end: throttle time(1)
07-17 14:44:52.918   379   476 D AudioFlinger: mixer(0x7fc1481f6040) throttle end: throttle time(4)
07-17 14:44:52.943   379   476 D AudioFlinger: mixer(0x7fc1481f6040) throttle end: throttle time(10)
07-17 14:44:52.999   379   476 D AudioFlinger: mixer(0x7fc1481f6040) throttle end: throttle time(1)
07-17 14:44:53.009   293  2887 W android.hardware.audio.service.ranchu: TinyalsaSink::write:125 pcm_write was late reading frames, dropping 22131 us of audio
07-17 14:44:53.202   293  2887 I chatty  : uid=1041(audioserver) audio.service.r identical 4 lines
07-17 14:44:53.208   293  2887 W android.hardware.audio.service.ranchu: TinyalsaSink::write:125 pcm_write was late reading frames, dropping 22131 us of audio
07-17 14:44:53.266   379   476 D AudioFlinger: mixer(0x7fc1481f6040) throttle end: throttle time(10)
07-17 14:44:53.321   379   476 D AudioFlinger: mixer(0x7fc1481f6040) throttle end: throttle time(4)
07-17 14:44:53.906   379   476 D AudioFlinger: mixer(0x7fc1481f6040) throttle end: throttle time(10)
07-17 14:44:53.935   379   476 D AudioFlinger: mixer(0x7fc1481f6040) throttle end: throttle time(2)
07-17 14:44:53.994   379   476 D AudioFlinger: mixer(0x7fc1481f6040) throttle end: throttle time(4)
07-17 14:44:54.103   379   476 D AudioFlinger: mixer(0x7fc1481f6040) throttle end: throttle time(13)
07-17 14:44:54.209   379   476 D AudioFlinger: mixer(0x7fc1481f6040) throttle end: throttle time(27)
07-17 14:44:54.321   293  2887 W android.hardware.audio.service.ranchu: TinyalsaSink::write:125 pcm_write was late reading frames, dropping 22131 us of audio
07-17 14:44:54.528   379   476 D AudioFlinger: mixer(0x7fc1481f6040) throttle end: throttle time(1)
07-17 14:44:54.665   379   476 D AudioFlinger: mixer(0x7fc1481f6040) throttle end: throttle time(7)
07-17 14:44:54.676   293  2887 W android.hardware.audio.service.ranchu: TinyalsaSink::write:125 pcm_write was late reading frames, dropping 22131 us of audio
07-17 14:44:54.723   379   476 D AudioFlinger: mixer(0x7fc1481f6040) throttle end: throttle time(2)
07-17 14:44:54.810   379   476 D AudioFlinger: mixer(0x7fc1481f6040) throttle end: throttle time(10)
07-17 14:44:54.829   293  2887 W android.hardware.audio.service.ranchu: TinyalsaSink::write:125 pcm_write was late reading frames, dropping 22131 us of audio
07-17 14:44:54.837   379   476 D AudioFlinger: mixer(0x7fc1481f6040) throttle end: throttle time(7)
07-17 14:44:54.845   293  2887 W android.hardware.audio.service.ranchu: TinyalsaSink::write:125 pcm_write was late reading frames, dropping 22131 us of audio
07-17 14:44:54.956   379   476 D AudioFlinger: mixer(0x7fc1481f6040) throttle end: throttle time(6)
07-17 14:44:54.992   379   476 D AudioFlinger: mixer(0x7fc1481f6040) throttle end: throttle time(2)
07-17 14:44:55.092   379   476 D AudioFlinger: mixer(0x7fc1481f6040) throttle end: throttle time(10)
07-17 14:44:55.150   379   476 D AudioFlinger: mixer(0x7fc1481f6040) throttle end: throttle time(4)
07-17 14:44:55.158   293  2887 W android.hardware.audio.service.ranchu: TinyalsaSink::write:125 pcm_write was late reading frames, dropping 22131 us of audio
07-17 14:44:55.212   379   476 D AudioFlinger: mixer(0x7fc1481f6040) throttle end: throttle time(4)
07-17 14:44:55.283   379   476 D AudioFlinger: mixer(0x7fc1481f6040) throttle end: throttle time(7)
07-17 14:44:55.306   293  2887 W android.hardware.audio.service.ranchu: TinyalsaSink::write:125 pcm_write was late reading frames, dropping 22131 us of audio
07-17 14:44:55.326   293  2887 W android.hardware.audio.service.ranchu: TinyalsaSink::write:125 pcm_write was late reading frames, dropping 22131 us of audio
07-17 14:44:55.361   379   476 D AudioFlinger: mixer(0x7fc1481f6040) throttle end: throttle time(13)
07-17 14:44:55.385   293  2887 W android.hardware.audio.service.ranchu: TinyalsaSink::write:125 pcm_write was late reading frames, dropping 22131 us of audio
07-17 14:44:55.432   379   476 D AudioFlinger: mixer(0x7fc1481f6040) throttle end: throttle time(5)
07-17 14:44:55.530   379   476 D AudioFlinger: mixer(0x7fc1481f6040) throttle end: throttle time(3)
07-17 14:44:55.701   379   476 D AudioFlinger: mixer(0x7fc1481f6040) throttle end: throttle time(2)
07-17 14:44:55.715   293  2887 W android.hardware.audio.service.ranchu: TinyalsaSink::write:125 pcm_write was late reading frames, dropping 22131 us of audio
07-17 14:44:55.948   379   476 D AudioFlinger: mixer(0x7fc1481f6040) throttle end: throttle time(2)
07-17 14:44:56.138   379   476 D AudioFlinger: mixer(0x7fc1481f6040) throttle end: throttle time(2)
07-17 14:44:56.215   379   476 D AudioFlinger: mixer(0x7fc1481f6040) throttle end: throttle time(34)
07-17 14:44:56.249   379   476 D AudioFlinger: mixer(0x7fc1481f6040) throttle end: throttle time(5)
07-17 14:44:56.345   379   476 D AudioFlinger: mixer(0x7fc1481f6040) throttle end: throttle time(4)
07-17 14:44:56.574   379   476 D AudioFlinger: mixer(0x7fc1481f6040) throttle end: throttle time(5)
07-17 14:44:56.824   379   476 D AudioFlinger: mixer(0x7fc1481f6040) throttle end: throttle time(2)
07-17 14:44:57.168   379   476 D AudioFlinger: mixer(0x7fc1481f6040) throttle end: throttle time(11)
07-17 14:44:57.934   379   476 D AudioFlinger: mixer(0x7fc1481f6040) throttle end: throttle time(3)
07-17 14:44:58.506   379   476 D AudioFlinger: mixer(0x7fc1481f6040) throttle end: throttle time(3)
07-17 14:44:58.853   379   476 D AudioFlinger: mixer(0x7fc1481f6040) throttle end: throttle time(4)
07-17 14:44:59.343   379   476 D AudioFlinger: mixer(0x7fc1481f6040) throttle end: throttle time(5)
07-17 14:44:59.398   379   476 D AudioFlinger: mixer(0x7fc1481f6040) throttle end: throttle time(10)
07-17 14:44:59.438   379   476 D AudioFlinger: mixer(0x7fc1481f6040) throttle end: throttle time(5)
07-17 14:44:59.627   379   476 D AudioFlinger: mixer(0x7fc1481f6040) throttle end: throttle time(10)
07-17 14:44:59.755   379   476 D AudioFlinger: mixer(0x7fc1481f6040) throttle end: throttle time(7)
07-17 14:44:59.807   379   476 D AudioFlinger: mixer(0x7fc1481f6040) throttle end: throttle time(5)
07-17 14:44:59.940   379   476 D AudioFlinger: mixer(0x7fc1481f6040) throttle end: throttle time(3)
07-17 14:44:59.994   379   476 D AudioFlinger: mixer(0x7fc1481f6040) throttle end: throttle time(5)
07-17 14:45:00.071   379   476 D AudioFlinger: mixer(0x7fc1481f6040) throttle end: throttle time(2)
07-17 14:45:00.134   379   476 D AudioFlinger: mixer(0x7fc1481f6040) throttle end: throttle time(2)
07-17 14:45:00.243   737   737 D KeyguardClockSwitch: Updating clock: 245
07-17 14:45:00.280   379   476 D AudioFlinger: mixer(0x7fc1481f6040) throttle end: throttle time(5)
07-17 14:45:00.458   379   476 D AudioFlinger: mixer(0x7fc1481f6040) throttle end: throttle time(1)
07-17 14:45:00.544   379   476 D AudioFlinger: mixer(0x7fc1481f6040) throttle end: throttle time(10)
07-17 14:45:00.726   379   476 D AudioFlinger: mixer(0x7fc1481f6040) throttle end: throttle time(2)
07-17 14:45:00.830   379   476 D AudioFlinger: mixer(0x7fc1481f6040) throttle end: throttle time(5)
07-17 14:45:01.057   379   476 D AudioFlinger: mixer(0x7fc1481f6040) throttle end: throttle time(3)
07-17 14:45:01.228   379   476 D AudioFlinger: mixer(0x7fc1481f6040) throttle end: throttle time(3)
07-17 14:45:01.266   379   476 D AudioFlinger: mixer(0x7fc1481f6040) throttle end: throttle time(6)
07-17 14:45:01.324  1935  2812 I Dialer  : OmtpVvmCarrierCfgHlpr - OmtpEvent:CONFIG_STATUS_SMS_TIME_OUT
07-17 14:45:01.368  1935  1935 I Dialer  : RetryPolicy - discarding deferred status: configuration_state=4
