07-17 02:42:52.463   401   471 D AudioFlinger: mixer(0x73e5baba1040) throttle end: throttle time(10)
07-17 02:42:52.743   401   471 D AudioFlinger: mixer(0x73e5baba1040) throttle end: throttle time(1)
07-17 02:42:52.832   401   471 D AudioFlinger: mixer(0x73e5baba1040) throttle end: throttle time(1)
07-17 02:42:52.935   401   471 D AudioFlinger: mixer(0x73e5baba1040) throttle end: throttle time(4)
07-17 02:42:53.009   401   471 D AudioFlinger: mixer(0x73e5baba1040) throttle end: throttle time(9)
07-17 02:42:54.129  3396  3396 W app_process: JNI RegisterNativeMethods: attempt to register 0 native methods for android.media.AudioAttributes
07-17 02:42:55.380   401   471 D AudioFlinger: mixer(0x73e5baba1040) throttle end: throttle time(2)
07-17 02:42:55.561  3396  3396 D AndroidRuntime: Calling main entry com.android.commands.input.Input
07-17 02:42:56.300   534   534 E wifi_forwarder: qemu_pipe_open_ns:62: Could not connect to the 'pipe:qemud:wififorward' service: Invalid argument
07-17 02:42:56.340   534   534 E wifi_forwarder: RemoteConnection failed to initialize: RemoteConnection failed to open pipe
07-17 02:42:57.177   541   541 W Looper  : Drained
07-17 02:42:57.178   541   541 W Looper  : Slow dispatch took 334ms main h=com.android.server.power.Notifier$NotifierHandler c=null m=1
07-17 02:42:57.528   532   532 E netmgr  : qemu_pipe_open_ns:62: Could not connect to the 'pipe:qemud:network' service: Invalid argument
07-17 02:42:57.529   532   532 E netmgr  : Failed to open QEMU pipe 'qemud:network': Invalid argument
07-17 02:42:57.598   401   471 D AudioFlinger: mixer(0x73e5baba1040) throttle end: throttle time(18)
07-17 02:42:57.805  3396  3396 D AndroidRuntime: Shutting down VM
07-17 02:42:58.123   541   559 W Looper  : Slow delivery took 355ms android.ui h=android.view.Choreographer$FrameHandler c=android.view.Choreographer$FrameDisplayEventReceiver@272a9a5 m=0
07-17 02:42:58.124   541   559 W Looper  : Slow dispatch took 408ms android.ui h=android.view.Choreographer$FrameHandler c=android.view.Choreographer$FrameDisplayEventReceiver@272a9a5 m=0
07-17 02:42:58.310   541   559 W Looper  : Slow dispatch took 148ms android.ui h=android.view.ViewRootImpl$ViewRootHandler c=android.view.View$PerformClick@fed35d8 m=0
07-17 02:42:58.386   541   559 I Choreographer: Skipped 38 frames!  The application may be doing too much work on its main thread.
07-17 02:42:59.022   401   471 D AudioFlinger: mixer(0x73e5baba1040) throttle end: throttle time(8)
07-17 02:42:59.383   401   471 D AudioFlinger: mixer(0x73e5baba1040) throttle end: throttle time(2)
07-17 02:43:00.322   741   741 D KeyguardClockSwitch: Updating clock: 243
07-17 02:43:00.375   541   541 W Looper  : Slow dispatch took 338ms main h=com.android.server.AlarmManagerService$AlarmHandler c=com.android.server.-$$Lambda$AlarmManagerService$3$jIkPWjqS66vG6aFVQoHxR2w4HPE@10e7f0 m=0
07-17 02:43:00.658   401   471 D AudioFlinger: mixer(0x73e5baba1040) throttle end: throttle time(2)
07-17 02:43:00.799   541  3414 D CCodec  : allocate(c2.android.vorbis.decoder)
07-17 02:43:00.821   541  3415 D CCodec  : allocate(c2.android.vorbis.decoder)
07-17 02:43:00.944   454  1140 V C2Store : in init
07-17 02:43:00.946   454  1140 V C2Store : loading dll
07-17 02:43:01.175   401   471 D AudioFlinger: mixer(0x73e5baba1040) throttle end: throttle time(3)
07-17 02:43:01.335   541  3415 I CCodec  : Created component [c2.android.vorbis.decoder]
07-17 02:43:01.356   541  3414 I CCodec  : Created component [c2.android.vorbis.decoder]
07-17 02:43:01.378   541  3415 D CCodecConfig: read media type: audio/vorbis
07-17 02:43:01.407   541  3414 D CCodecConfig: read media type: audio/vorbis
07-17 02:43:01.671   541  3414 D ReflectedParamUpdater: extent() != 1 for single value type: algo.buffers.max-count.values
07-17 02:43:01.719   541  3415 D ReflectedParamUpdater: extent() != 1 for single value type: algo.buffers.max-count.values
07-17 02:43:01.732   541  3414 D ReflectedParamUpdater: extent() != 1 for single value type: output.subscribed-indices.values
07-17 02:43:01.747   541  3414 D ReflectedParamUpdater: extent() != 1 for single value type: input.buffers.allocator-ids.values
07-17 02:43:01.759   541  3414 D ReflectedParamUpdater: extent() != 1 for single value type: output.buffers.allocator-ids.values
07-17 02:43:01.801   541  3414 D ReflectedParamUpdater: extent() != 1 for single value type: algo.buffers.allocator-ids.values
07-17 02:43:01.861   541  3414 D ReflectedParamUpdater: extent() != 1 for single value type: output.buffers.pool-ids.values
07-17 02:43:01.838   741  1250 I OpenGLRenderer: Davey! duration=1093ms; Flags=0, IntendedVsync=932993211748, Vsync=933009878414, OldestInputEvent=9223372036854775807, NewestInputEvent=0, HandleInputStart=933016741318, AnimationStart=933016750235, PerformTraversalsStart=933016755433, DrawStart=933160157103, SyncQueued=933255270642, SyncStart=933288152790, IssueDrawCommandsStart=933297944041, SwapBuffers=933982626209, FrameCompleted=934119490310, DequeueBufferDuration=2184122, QueueBufferDuration=59418929, GpuCompleted=0,
07-17 02:43:01.900   541  3414 D ReflectedParamUpdater: extent() != 1 for single value type: algo.buffers.pool-ids.values
07-17 02:43:01.917   541  3415 D ReflectedParamUpdater: extent() != 1 for single value type: output.subscribed-indices.values
07-17 02:43:01.944   541  3415 D ReflectedParamUpdater: extent() != 1 for single value type: input.buffers.allocator-ids.values
07-17 02:43:02.003   541  3415 D ReflectedParamUpdater: extent() != 1 for single value type: output.buffers.allocator-ids.values
07-17 02:43:02.019   541  3415 D ReflectedParamUpdater: extent() != 1 for single value type: algo.buffers.allocator-ids.values
07-17 02:43:02.031   541  3415 D ReflectedParamUpdater: extent() != 1 for single value type: output.buffers.pool-ids.values
07-17 02:43:02.055   541  3415 D ReflectedParamUpdater: extent() != 1 for single value type: algo.buffers.pool-ids.values
07-17 02:43:02.122   541  3414 I CCodecConfig: query failed after returning 7 values (BAD_INDEX)
07-17 02:43:02.154   541  3414 D CCodecConfig: c2 config diff is Dict {
07-17 02:43:02.154   541  3414 D CCodecConfig:   c2::u32 coded.bitrate.value = 64000
07-17 02:43:02.154   541  3414 D CCodecConfig:   c2::u32 input.buffers.max-size.value = 32768
07-17 02:43:02.154   541  3414 D CCodecConfig:   c2::u32 input.delay.value = 0
07-17 02:43:02.154   541  3414 D CCodecConfig:   string input.media-type.value = "audio/vorbis"
07-17 02:43:02.154   541  3414 D CCodecConfig:   string output.media-type.value = "audio/raw"
07-17 02:43:02.154   541  3414 D CCodecConfig:   c2::u32 raw.channel-count.value = 1
07-17 02:43:02.154   541  3414 D CCodecConfig:   c2::u32 raw.sample-rate.value = 48000
07-17 02:43:02.154   541  3414 D CCodecConfig: }
07-17 02:43:02.183   541  3415 I CCodecConfig: query failed after returning 7 values (BAD_INDEX)
07-17 02:43:02.184   541  3415 D CCodecConfig: c2 config diff is Dict {
07-17 02:43:02.184   541  3415 D CCodecConfig:   c2::u32 coded.bitrate.value = 64000
07-17 02:43:02.184   541  3415 D CCodecConfig:   c2::u32 input.buffers.max-size.value = 32768
07-17 02:43:02.184   541  3415 D CCodecConfig:   c2::u32 input.delay.value = 0
07-17 02:43:02.184   541  3415 D CCodecConfig:   string input.media-type.value = "audio/vorbis"
07-17 02:43:02.184   541  3415 D CCodecConfig:   string output.media-type.value = "audio/raw"
07-17 02:43:02.184   541  3415 D CCodecConfig:   c2::u32 raw.channel-count.value = 1
07-17 02:43:02.184   541  3415 D CCodecConfig:   c2::u32 raw.sample-rate.value = 48000
07-17 02:43:02.184   541  3415 D CCodecConfig: }
07-17 02:43:02.186   741   741 I Choreographer: Skipped 34 frames!  The application may be doing too much work on its main thread.
07-17 02:43:02.224   541  3414 D CCodec  : [c2.android.vorbis.decoder] buffers are bound to CCodec for this session
07-17 02:43:02.226   541  3414 D CCodecConfig: no c2 equivalents for durationUs
07-17 02:43:02.251   541  3414 D CCodecConfig: no c2 equivalents for track-id
07-17 02:43:02.252   541  3414 D CCodecConfig: no c2 equivalents for csd-1
07-17 02:43:02.253   541  3414 D CCodecConfig: no c2 equivalents for channel-mask
07-17 02:43:02.254   541  3414 D CCodecConfig: no c2 equivalents for flags
07-17 02:43:02.256   541  3415 D CCodec  : [c2.android.vorbis.decoder] buffers are bound to CCodec for this session
07-17 02:43:02.257   541  3415 D CCodecConfig: no c2 equivalents for durationUs
07-17 02:43:02.258   541  3415 D CCodecConfig: no c2 equivalents for track-id
07-17 02:43:02.258   541  3415 D CCodecConfig: no c2 equivalents for csd-1
07-17 02:43:02.290   541  3415 D CCodecConfig: no c2 equivalents for channel-mask
07-17 02:43:02.310   541  3415 D CCodecConfig: no c2 equivalents for flags
07-17 02:43:02.342   541  3414 D CCodecConfig: c2 config diff is   c2::u32 raw.channel-count.value = 2
07-17 02:43:02.376   541  3414 W Codec2Client: query -- param skipped: index = 1107298332.
07-17 02:43:02.381   541  3415 W Codec2Client: query -- param skipped: index = 1107298332.
07-17 02:43:02.393   541  3414 D CCodec  : setup formats input: AMessage(what = 0x00000000) = {
07-17 02:43:02.393   541  3414 D CCodec  :   int32_t channel-count = 2
07-17 02:43:02.393   541  3414 D CCodec  :   int32_t max-input-size = 32768
07-17 02:43:02.393   541  3414 D CCodec  :   string mime = "audio/vorbis"
07-17 02:43:02.393   541  3414 D CCodec  :   int32_t sample-rate = 48000
07-17 02:43:02.393   541  3414 D CCodec  : } and output: AMessage(what = 0x00000000) = {
07-17 02:43:02.393   541  3414 D CCodec  :   int32_t channel-count = 2
07-17 02:43:02.393   541  3414 D CCodec  :   string mime = "audio/raw"
07-17 02:43:02.393   541  3414 D CCodec  :   int32_t sample-rate = 48000
07-17 02:43:02.393   541  3414 D CCodec  :   int32_t channel-mask = 3
07-17 02:43:02.393   541  3414 D CCodec  : }
07-17 02:43:02.405   541  3415 D CCodec  : setup formats input: AMessage(what = 0x00000000) = {
07-17 02:43:02.405   541  3415 D CCodec  :   int32_t channel-count = 1
07-17 02:43:02.405   541  3415 D CCodec  :   int32_t max-input-size = 32768
07-17 02:43:02.405   541  3415 D CCodec  :   string mime = "audio/vorbis"
07-17 02:43:02.405   541  3415 D CCodec  :   int32_t sample-rate = 48000
07-17 02:43:02.405   541  3415 D CCodec  : } and output: AMessage(what = 0x00000000) = {
07-17 02:43:02.405   541  3415 D CCodec  :   int32_t channel-count = 1
07-17 02:43:02.405   541  3415 D CCodec  :   string mime = "audio/raw"
07-17 02:43:02.405   541  3415 D CCodec  :   int32_t sample-rate = 48000
07-17 02:43:02.405   541  3415 D CCodec  :   int32_t channel-mask = 1
07-17 02:43:02.405   541  3415 D CCodec  : }
07-17 02:43:02.488   541  3414 W Codec2Client: query -- param skipped: index = 1342179345.
07-17 02:43:02.489   541  3414 W Codec2Client: query -- param skipped: index = 2415921170.
07-17 02:43:02.505   541  3415 W Codec2Client: query -- param skipped: index = 1342179345.
07-17 02:43:02.506   541  3415 W Codec2Client: query -- param skipped: index = 2415921170.
07-17 02:43:02.615   541  3414 E FMQ     : grantorIdx must be less than 3
07-17 02:43:02.625   541  3414 E FMQ     : grantorIdx must be less than 3
07-17 02:43:02.646   541  3414 D CCodecBufferChannel: [c2.android.vorbis.decoder#78] Created input block pool with allocatorID 16 => poolID 19 - OK (0)
07-17 02:43:02.675   541  3415 E FMQ     : grantorIdx must be less than 3
07-17 02:43:02.677   541  3415 E FMQ     : grantorIdx must be less than 3
07-17 02:43:02.684   541  3415 D CCodecBufferChannel: [c2.android.vorbis.decoder#259] Created input block pool with allocatorID 16 => poolID 20 - OK (0)
07-17 02:43:02.718   454   524 D BufferPoolAccessor2.0: bufferpool2 0x776c7f801a38 : 0(0 size) total buffers - 0(0 size) used buffers - 5/7 (recycle/alloc) - 2/6 (fetch/transfer)
07-17 02:43:02.769   454   454 D BufferPoolAccessor2.0: Destruction - bufferpool2 0x776c7f801a38 cached: 0/0M, 0/0% in use; allocs: 7, 71% recycled; transfers: 6, 67% unfetched
07-17 02:43:02.985   454  1142 E FMQ     : grantorIdx must be less than 3
07-17 02:43:03.010   454  1142 E FMQ     : grantorIdx must be less than 3
07-17 02:43:03.046   454   454 D BufferPoolAccessor2.0: bufferpool2 0x776c7f8017e8 : 0(0 size) total buffers - 0(0 size) used buffers - 7/10 (recycle/alloc) - 3/9 (fetch/transfer)
07-17 02:43:03.157   454   454 D BufferPoolAccessor2.0: Destruction - bufferpool2 0x776c7f8017e8 cached: 0/0M, 0/0% in use; allocs: 10, 70% recycled; transfers: 9, 67% unfetched
07-17 02:43:03.184   541  3415 I CCodecBufferChannel: [c2.android.vorbis.decoder#259] Created output block pool with allocatorID 16 => poolID 29 - OK
07-17 02:43:03.200   541  3415 D CCodecBufferChannel: [c2.android.vorbis.decoder#259] Configured output block pool ids 29 => OK
07-17 02:43:03.292   454  1075 E FMQ     : grantorIdx must be less than 3
07-17 02:43:03.321   454  1075 E FMQ     : grantorIdx must be less than 3
07-17 02:43:03.349   541  3414 I CCodecBufferChannel: [c2.android.vorbis.decoder#78] Created output block pool with allocatorID 16 => poolID 30 - OK
07-17 02:43:03.372   541  3414 D CCodecBufferChannel: [c2.android.vorbis.decoder#78] Configured output block pool ids 30 => OK
07-17 02:43:03.468   454  3417 D SimpleC2Component: Using output block pool with poolID 30 => got 30 - 0
07-17 02:43:03.475   454  3416 D SimpleC2Component: Using output block pool with poolID 29 => got 29 - 0
07-17 02:43:04.104   541  1126 W CCodec  : previous call to start exceeded timeout
07-17 02:43:04.374   541  3414 E FMQ     : grantorIdx must be less than 3
07-17 02:43:04.425   454   454 E FMQ     : grantorIdx must be less than 3
07-17 02:43:04.494   541  3415 D CCodecBufferChannel: [c2.android.vorbis.decoder#259] No more buffers should be queued at current state.
07-17 02:43:04.504   541  3415 W MediaCodec: Log queueInputBuffer error: -38
07-17 02:43:04.505   541  3415 E MediaCodec: queueCSDInputBuffer failed w/ error -38
07-17 02:43:04.531   541  3415 D CCodecBufferChannel: [c2.android.vorbis.decoder#259] No more buffers should be queued at current state.
07-17 02:43:04.531   541  3415 W MediaCodec: Log queueInputBuffer error: -38
07-17 02:43:04.532   541  3415 E MediaCodec: queueCSDInputBuffer failed w/ error -38
07-17 02:43:04.592   541  3415 E MediaCodec: Codec reported err 0x80000000, actionCode 0, while in state 6
07-17 02:43:04.603   541  3412 W NdkMediaFormat: got NULL format
07-17 02:43:04.801   541  3415 D CCodecBufferChannel: [c2.android.vorbis.decoder#259] MediaCodec discarded an unknown buffer
07-17 02:43:04.850   541  3415 I chatty  : uid=1000(system) Binder:541_3 identical 2 lines
07-17 02:43:04.852   541  3415 D CCodecBufferChannel: [c2.android.vorbis.decoder#259] MediaCodec discarded an unknown buffer
07-17 02:43:04.869   541  3412 E NdkMediaCodec: sf error code: -38
07-17 02:43:04.911   541  3412 E NdkMediaCodec: sf error code: -38
07-17 02:43:05.096   541  3412 E SoundPool::Sound: decode: decode error: -10000
07-17 02:43:05.107   541  3415 I hw-BpHwBinder: onLastStrongRef automatically unlinking death recipients
07-17 02:43:05.164   541  3415 D BufferPoolAccessor2.0: Destruction - bufferpool2 0x7124117ca0e8 cached: 0/0M, 0/0% in use; allocs: 5, 0% recycled; transfers: 0, 0% unfetched
07-17 02:43:05.188   541  3412 E NdkMediaCodec: sf error code: -38
07-17 02:43:05.186   454   454 D BufferPoolAccessor2.0: Destruction - bufferpool2 0x776c7f7ff2e8 cached: 0/0M, 0/0% in use; allocs: 0, 0% recycled; transfers: 0, 0% unfetched
07-17 02:43:05.592   541  3412 E SoundPool::Sound: doLoad: unable to load sound
07-17 02:43:05.626   541   665 W AS.SfxHelper: onLoadSoundEffects(), Error -2147483648 while loading sample /product/media/audio/ui/KeypressStandard.ogg
07-17 02:43:05.751   454  3417 E FMQ     : grantorIdx must be less than 3
07-17 02:43:05.777   541   665 W AS.SfxHelper: onLoadSoundEffects(), Error while loading samples
07-17 02:43:05.786   541   644 E FMQ     : grantorIdx must be less than 3
07-17 02:43:06.730   541  3414 D CCodecBufferChannel: [c2.android.vorbis.decoder#78] MediaCodec discarded an unknown buffer
07-17 02:43:06.744   541  3414 I chatty  : uid=1000(system) Binder:541_3 identical 1 line
07-17 02:43:06.745   541  3414 D CCodecBufferChannel: [c2.android.vorbis.decoder#78] MediaCodec discarded an unknown buffer
07-17 02:43:06.852   541  3414 I hw-BpHwBinder: onLastStrongRef automatically unlinking death recipients
07-17 02:43:06.876   454  1142 I hw-BpHwBinder: onLastStrongRef automatically unlinking death recipients
07-17 02:43:06.904   454  1142 V C2Store : in ~ComponentModule
07-17 02:43:06.905   454  1142 V C2Store : unloading dll
07-17 02:43:06.960   541  3419 D CCodec  : allocate(c2.android.vorbis.decoder)
07-17 02:43:06.977   454  1142 V C2Store : in init
07-17 02:43:06.977   454  1142 V C2Store : loading dll
07-17 02:43:07.188   541  3419 I CCodec  : Created component [c2.android.vorbis.decoder]
07-17 02:43:07.259   541  3419 D CCodecConfig: read media type: audio/vorbis
07-17 02:43:07.382   541  1323 I OpenGLRenderer: Davey! duration=9979ms; Flags=0, IntendedVsync=929643211882, Vsync=929993211868, OldestInputEvent=9223372036854775807, NewestInputEvent=0, HandleInputStart=929998847696, AnimationStart=929999090331, PerformTraversalsStart=930010779636, DrawStart=930104481009, SyncQueued=930344793496, SyncStart=930366137813, IssueDrawCommandsStart=930396055975, SwapBuffers=938693843273, FrameCompleted=939643949729, DequeueBufferDuration=74561932, QueueBufferDuration=80617658, GpuCompleted=3472328296227680288,
07-17 02:43:07.561   541   559 W Looper  : Slow dispatch took 9175ms android.ui h=android.view.Choreographer$FrameHandler c=android.view.Choreographer$FrameDisplayEventReceiver@272a9a5 m=0
07-17 02:43:07.644   401   471 D AudioFlinger: mixer(0x73e5baba1040) throttle end: throttle time(4)
07-17 02:43:07.826   454   983 D BufferPoolAccessor2.0: evictor expired: 1, evicted: 0
07-17 02:43:07.846   541  3419 D ReflectedParamUpdater: extent() != 1 for single value type: algo.buffers.max-count.values
07-17 02:43:07.971   541  3419 D ReflectedParamUpdater: extent() != 1 for single value type: output.subscribed-indices.values
07-17 02:43:07.979   541  3419 D ReflectedParamUpdater: extent() != 1 for single value type: input.buffers.allocator-ids.values
07-17 02:43:07.985   541  3419 D ReflectedParamUpdater: extent() != 1 for single value type: output.buffers.allocator-ids.values
07-17 02:43:08.035   541  3419 D ReflectedParamUpdater: extent() != 1 for single value type: algo.buffers.allocator-ids.values
07-17 02:43:08.051   541  3419 D ReflectedParamUpdater: extent() != 1 for single value type: output.buffers.pool-ids.values
07-17 02:43:08.063   541  3419 D ReflectedParamUpdater: extent() != 1 for single value type: algo.buffers.pool-ids.values
07-17 02:43:08.114   950   970 I rkstack.proces: Background concurrent copying GC freed 5586(363KB) AllocSpace objects, 44(2320KB) LOS objects, 49% free, 2300KB/4600KB, paused 393.476ms total 6.644s
07-17 02:43:08.139   541  3419 I CCodecConfig: query failed after returning 7 values (BAD_INDEX)
07-17 02:43:08.140   541  3419 D CCodecConfig: c2 config diff is Dict {
07-17 02:43:08.140   541  3419 D CCodecConfig:   c2::u32 coded.bitrate.value = 64000
07-17 02:43:08.140   541  3419 D CCodecConfig:   c2::u32 input.buffers.max-size.value = 32768
07-17 02:43:08.140   541  3419 D CCodecConfig:   c2::u32 input.delay.value = 0
07-17 02:43:08.140   541  3419 D CCodecConfig:   string input.media-type.value = "audio/vorbis"
07-17 02:43:08.140   541  3419 D CCodecConfig:   string output.media-type.value = "audio/raw"
07-17 02:43:08.140   541  3419 D CCodecConfig:   c2::u32 raw.channel-count.value = 1
07-17 02:43:08.140   541  3419 D CCodecConfig:   c2::u32 raw.sample-rate.value = 48000
07-17 02:43:08.140   541  3419 D CCodecConfig: }
07-17 02:43:08.193   541  3419 D CCodec  : [c2.android.vorbis.decoder] buffers are bound to CCodec for this session
07-17 02:43:08.194   541  3419 D CCodecConfig: no c2 equivalents for durationUs
07-17 02:43:08.203   541  3419 D CCodecConfig: no c2 equivalents for track-id
07-17 02:43:08.221   541  3419 D CCodecConfig: no c2 equivalents for csd-1
07-17 02:43:08.222   541  3419 D CCodecConfig: no c2 equivalents for channel-mask
07-17 02:43:08.222   541  3419 D CCodecConfig: no c2 equivalents for flags
07-17 02:43:08.252   541  3419 W Codec2Client: query -- param skipped: index = 1107298332.
07-17 02:43:08.253   541  3419 D CCodec  : setup formats input: AMessage(what = 0x00000000) = {
07-17 02:43:08.253   541  3419 D CCodec  :   int32_t channel-count = 1
07-17 02:43:08.253   541  3419 D CCodec  :   int32_t max-input-size = 32768
07-17 02:43:08.253   541  3419 D CCodec  :   string mime = "audio/vorbis"
07-17 02:43:08.253   541  3419 D CCodec  :   int32_t sample-rate = 48000
07-17 02:43:08.253   541  3419 D CCodec  : } and output: AMessage(what = 0x00000000) = {
07-17 02:43:08.253   541  3419 D CCodec  :   int32_t channel-count = 1
07-17 02:43:08.253   541  3419 D CCodec  :   string mime = "audio/raw"
07-17 02:43:08.253   541  3419 D CCodec  :   int32_t sample-rate = 48000
07-17 02:43:08.253   541  3419 D CCodec  :   int32_t channel-mask = 1
07-17 02:43:08.253   541  3419 D CCodec  : }
07-17 02:43:08.308   541  3419 W Codec2Client: query -- param skipped: index = 1342179345.
07-17 02:43:08.309   541  3419 W Codec2Client: query -- param skipped: index = 2415921170.
07-17 02:43:08.401   541  3419 E FMQ     : grantorIdx must be less than 3
07-17 02:43:08.428   541  3419 E FMQ     : grantorIdx must be less than 3
07-17 02:43:08.430   541  3419 D CCodecBufferChannel: [c2.android.vorbis.decoder#133] Created input block pool with allocatorID 16 => poolID 21 - OK (0)
07-17 02:43:08.485   454   454 E FMQ     : grantorIdx must be less than 3
07-17 02:43:08.496   454   454 E FMQ     : grantorIdx must be less than 3
07-17 02:43:08.515   541  3419 I CCodecBufferChannel: [c2.android.vorbis.decoder#133] Created output block pool with allocatorID 16 => poolID 31 - OK
07-17 02:43:08.540   541  3419 D CCodecBufferChannel: [c2.android.vorbis.decoder#133] Configured output block pool ids 31 => OK
07-17 02:43:08.696   454  3421 D SimpleC2Component: Using output block pool with poolID 31 => got 31 - 0
07-17 02:43:08.712   541  1323 I OpenGLRenderer: Davey! duration=1769ms; Flags=0, IntendedVsync=930026545200, Vsync=930659878508, OldestInputEvent=9223372036854775807, NewestInputEvent=0, HandleInputStart=930710144680, AnimationStart=930710158824, PerformTraversalsStart=930712468958, DrawStart=930712856528, SyncQueued=930745019356, SyncStart=939766234609, IssueDrawCommandsStart=939877058107, SwapBuffers=940609675222, FrameCompleted=940817017622, DequeueBufferDuration=1682896, QueueBufferDuration=98191667, GpuCompleted=2314885530818453536,
07-17 02:43:08.748   541  3419 E FMQ     : grantorIdx must be less than 3
07-17 02:43:08.766   454  1108 E FMQ     : grantorIdx must be less than 3
07-17 02:43:08.956   454   983 D BufferPoolAccessor2.0: evictor expired: 1, evicted: 0
07-17 02:43:09.810   454  3421 E FMQ     : grantorIdx must be less than 3
07-17 02:43:09.831   541   576 E FMQ     : grantorIdx must be less than 3
07-17 02:43:10.074   541  1323 D OpenGLRenderer: endAllActiveAnimators on 0x7124317a7770 (RippleDrawable) with handle 0x7123517c87a0
07-17 02:43:10.728   541  1132 D BufferPoolAccessor2.0: evictor expired: 1, evicted: 0
07-17 02:43:10.895   401   471 D AudioFlinger: mixer(0x73e5baba1040) throttle end: throttle time(4)
07-17 02:43:10.981   454   983 D BufferPoolAccessor2.0: evictor expired: 1, evicted: 0
07-17 02:43:12.376   541  3419 D CCodecBufferChannel: [c2.android.vorbis.decoder#133] MediaCodec discarded an unknown buffer
07-17 02:43:12.439   541  3419 I chatty  : uid=1000(system) Binder:541_3 identical 1 line
07-17 02:43:12.511   541  3419 D CCodecBufferChannel: [c2.android.vorbis.decoder#133] MediaCodec discarded an unknown buffer
07-17 02:43:12.882   541  3419 I hw-BpHwBinder: onLastStrongRef automatically unlinking death recipients
07-17 02:43:12.957   541  1132 D BufferPoolAccessor2.0: bufferpool2 0x7124117d5548 : 0(0 size) total buffers - 0(0 size) used buffers - 1/9 (recycle/alloc) - 8/18 (fetch/transfer)
07-17 02:43:12.958   541  1132 D BufferPoolAccessor2.0: evictor expired: 1, evicted: 1
07-17 02:43:12.972   454  1075 I hw-BpHwBinder: onLastStrongRef automatically unlinking death recipients
07-17 02:43:13.004   454   983 D BufferPoolAccessor2.0: bufferpool2 0x776c7f801a38 : 0(0 size) total buffers - 0(0 size) used buffers - 4/7 (recycle/alloc) - 3/6 (fetch/transfer)
07-17 02:43:13.004   454   983 D BufferPoolAccessor2.0: evictor expired: 1, evicted: 1
07-17 02:43:13.012   454  1075 V C2Store : in ~ComponentModule
07-17 02:43:13.012   454  1075 V C2Store : unloading dll
07-17 02:43:13.392   541   636 W system_server: Long monitor contention with owner android.ui (559) at void com.android.server.wm.WindowManagerService.removeWindow(com.android.server.wm.Session, android.view.IWindow)(WindowManagerService.java:1895) waiters=0 in boolean com.android.server.wm.InputManagerCallback.notifyFocusChanged(android.os.IBinder, android.os.IBinder) for 2.498s
07-17 02:43:13.400   541   562 W system_server: Long monitor contention with owner android.ui (559) at void com.android.server.wm.WindowManagerService.removeWindow(com.android.server.wm.Session, android.view.IWindow)(WindowManagerService.java:1895) waiters=1 in void com.android.server.wm.WindowAnimator.lambda$new$1$WindowAnimator(long) for 2.023s
07-17 02:43:14.496     0     0 W healthd : battery l=100 v=5000 t=25.0 h=2 st=2 c=900000 fc=300000 cc=10 chg=a
07-17 02:43:13.410   541   561 W system_server: Long monitor contention with owner android.ui (559) at void com.android.server.wm.WindowManagerService.removeWindow(com.android.server.wm.Session, android.view.IWindow)(WindowManagerService.java:1895) waiters=2 in void com.android.server.wm.WindowManagerService$H.handleMessage(android.os.Message) for 1.874s
07-17 02:43:13.572   541   558 W system_server: Long monitor contention with owner android.ui (559) at void com.android.server.am.AppNotRespondingDialog$1.handleMessage(android.os.Message)(AppNotRespondingDialog.java:165) waiters=0 in void com.android.server.am.ActivityManagerService.monitor() for 1.191s
07-17 02:43:13.580   541   559 W Looper  : Slow dispatch took 5751ms android.ui h=com.android.server.am.AppNotRespondingDialog$1 c=null m=2
07-17 02:43:13.610   541   559 I Choreographer: Skipped 908 frames!  The application may be doing too much work on its main thread.
07-17 02:43:13.917   541   558 W Looper  : Slow dispatch took 1536ms android.fg h=android.os.Handler c=com.android.server.Watchdog$HandlerChecker@35c3191 m=0
07-17 02:43:14.069  3339  3339 W ppiie.mooserus: Verification of void androidx.core.view.WindowInsetsCompat$TypeImpl30.<init>() took 193.967ms (20.62 bytecodes/s) (1360B approximate peak alloc)
07-17 02:43:14.670   541   766 W system_server: Long monitor contention with owner android.anim (562) at void com.android.server.wm.WindowSurfacePlacer$Traverser.run()(WindowSurfacePlacer.java:59) waiters=0 in void com.android.server.wm.Session.insetsModified(android.view.IWindow, android.view.InsetsState) for 414ms
07-17 02:43:14.937   541   559 W Looper  : Slow dispatch took 120ms android.ui h=com.android.server.wm.DisplayPolicy$PolicyHandler c=com.android.server.wm.-$$Lambda$DisplayPolicy$HbdRZfPpJ53Wnk7_Ueb0ycyz_AQ@7e62d20 m=0
07-17 02:43:14.981  3339  3362 I OpenGLRenderer: Davey! duration=738ms; Flags=0, IntendedVsync=946509877874, Vsync=946593211204, OldestInputEvent=9223372036854775807, NewestInputEvent=0, HandleInputStart=946602560842, AnimationStart=946602588096, PerformTraversalsStart=946602603055, DrawStart=946944959484, SyncQueued=947052097309, SyncStart=947067257128, IssueDrawCommandsStart=947068474678, SwapBuffers=947200477473, FrameCompleted=947263592317, DequeueBufferDuration=7999914, QueueBufferDuration=24327306, GpuCompleted=0,
07-17 02:43:16.306  3339  3362 I OpenGLRenderer: Davey! duration=943ms; Flags=0, IntendedVsync=947626544496, Vsync=947976544482, OldestInputEvent=9223372036854775807, NewestInputEvent=0, HandleInputStart=947994082792, AnimationStart=947994123110, PerformTraversalsStart=948246149113, DrawStart=948438692361, SyncQueued=948463774775, SyncStart=948481988646, IssueDrawCommandsStart=948482401468, SwapBuffers=948533175560, FrameCompleted=948588151282, DequeueBufferDuration=1611677, QueueBufferDuration=2843474, GpuCompleted=0,
07-17 02:43:16.339     0     0 I binder  : 1420:1420 transaction failed 29189/-22, size 96-0 line 2692
07-17 02:43:17.106   306   360 D goldfish-address-space: claimShared: Ask to claim region [0x3f4000000 0x3f49a4000]
07-17 02:43:17.176   541   541 W Looper  : Slow dispatch took 403ms main h=android.os.Handler c=com.android.server.statusbar.-$$Lambda$StatusBarManagerService$dQguzfF4tEgBOj3Pr8MpGRN8HT0@d545795 m=0
07-17 02:43:17.649   306   360 D goldfish-address-space: claimShared: Ask to claim region [0x3f5d9c000 0x3f6740000]
07-17 02:43:17.785  3339  3362 I OpenGLRenderer: Davey! duration=1362ms; Flags=1, IntendedVsync=948643211122, Vsync=948659877788, OldestInputEvent=9223372036854775807, NewestInputEvent=0, HandleInputStart=948676161887, AnimationStart=948676183772, PerformTraversalsStart=948676201330, DrawStart=949798717067, SyncQueued=949810573910, SyncStart=949849084108, IssueDrawCommandsStart=949859290606, SwapBuffers=949863470680, FrameCompleted=950044461182, DequeueBufferDuration=84559803, QueueBufferDuration=35846214, GpuCompleted=0,
07-17 02:43:17.820   401   471 D AudioFlinger: mixer(0x73e5baba1040) throttle end: throttle time(1)
07-17 02:43:18.051   541  1132 D BufferPoolAccessor2.0: bufferpool2 0x7124117c6e08 : 0(0 size) total buffers - 0(0 size) used buffers - 3/9 (recycle/alloc) - 6/26 (fetch/transfer)
07-17 02:43:18.052   541  1132 D BufferPoolAccessor2.0: evictor expired: 1, evicted: 1
07-17 02:43:18.075   454   983 D BufferPoolAccessor2.0: bufferpool2 0x776c7f8017e8 : 0(0 size) total buffers - 0(0 size) used buffers - 9/11 (recycle/alloc) - 2/10 (fetch/transfer)
07-17 02:43:18.076   454   983 D BufferPoolAccessor2.0: evictor expired: 1, evicted: 1
07-17 02:43:20.910   401   471 D AudioFlinger: mixer(0x73e5baba1040) throttle end: throttle time(9)
07-17 02:43:22.949   401   471 D AudioFlinger: mixer(0x73e5baba1040) throttle end: throttle time(8)
07-17 02:43:26.645   401   471 D AudioFlinger: mixer(0x73e5baba1040) throttle end: throttle time(9)
07-17 02:43:27.436   401   471 D AudioFlinger: mixer(0x73e5baba1040) throttle end: throttle time(2)
07-17 02:43:27.892   401   471 D AudioFlinger: mixer(0x73e5baba1040) throttle end: throttle time(2)
07-17 02:43:29.556   401   471 D AudioFlinger: mixer(0x73e5baba1040) throttle end: throttle time(4)
07-17 02:43:30.240   401   471 D AudioFlinger: mixer(0x73e5baba1040) throttle end: throttle time(1)
07-17 02:43:31.710   470   470 E livelock: sample 64.908s
07-17 02:43:37.328   541  1693 D WifiNl80211Manager: Scan result ready event
07-17 02:43:37.329   541  1693 D WifiNative: Scan result ready event
07-17 02:43:37.941   401   471 D AudioFlinger: mixer(0x73e5baba1040) throttle end: throttle time(5)
07-17 02:43:38.572   401   471 D AudioFlinger: mixer(0x73e5baba1040) throttle end: throttle time(9)
07-17 02:43:39.028   401   471 D AudioFlinger: mixer(0x73e5baba1040) throttle end: throttle time(3)
07-17 02:43:39.636   401   471 D AudioFlinger: mixer(0x73e5baba1040) throttle end: throttle time(1)
07-17 02:43:39.809   401   471 D AudioFlinger: mixer(0x73e5baba1040) throttle end: throttle time(9)
07-17 02:43:40.389  3423  3423 D AndroidRuntime: >>>>>> START com.android.internal.os.RuntimeInit uid 2000 <<<<<<
07-17 02:43:40.819  3423  3423 W app_process: type=1400 audit(0.0:49): avc: denied { read } for name="u:object_r:device_config_runtime_native_boot_prop:s0" dev="tmpfs" ino=10373 scontext=u:r:shell:s0 tcontext=u:object_r:device_config_runtime_native_boot_prop:s0 tclass=file permissive=0
07-17 02:43:40.887  3423  3423 I chatty  : uid=2000(shell) app_process identical 2 lines
07-17 02:43:40.907  3423  3423 W app_process: type=1400 audit(0.0:52): avc: denied { read } for name="u:object_r:device_config_runtime_native_boot_prop:s0" dev="tmpfs" ino=10373 scontext=u:r:shell:s0 tcontext=u:object_r:device_config_runtime_native_boot_prop:s0 tclass=file permissive=0
07-17 02:43:40.825  3423  3423 E libc    : Access denied finding property "persist.device_config.runtime_native_boot.profilebootclasspath"
07-17 02:43:40.826  3423  3423 E libc    : Access denied finding property "persist.device_config.runtime_native_boot.enable_apex_image"
07-17 02:43:40.841  3423  3423 I AndroidRuntime: Using default boot image
07-17 02:43:40.894  3423  3423 E libc    : Access denied finding property "persist.device_config.runtime_native_boot.disable_lock_profiling"
07-17 02:43:40.901  3423  3423 I AndroidRuntime: Leaving lock profiling enabled
07-17 02:43:40.933  3423  3423 E libc    : Access denied finding property "persist.device_config.runtime_native_boot.enable_generational_cc"
07-17 02:43:41.714   401   471 D AudioFlinger: mixer(0x73e5baba1040) throttle end: throttle time(2)
07-17 02:43:41.718  3423  3423 I app_process: Core platform API reporting enabled, enforcing=false
07-17 02:43:45.221   401   471 D AudioFlinger: mixer(0x73e5baba1040) throttle end: throttle time(18)
07-17 02:43:46.120   401   471 D AudioFlinger: mixer(0x73e5baba1040) throttle end: throttle time(12)
07-17 02:43:46.224   401   471 D AudioFlinger: mixer(0x73e5baba1040) throttle end: throttle time(18)
07-17 02:43:46.368   401   471 D AudioFlinger: mixer(0x73e5baba1040) throttle end: throttle time(9)
07-17 02:43:46.603   401   471 D AudioFlinger: mixer(0x73e5baba1040) throttle end: throttle time(3)
07-17 02:43:46.692   401   471 D AudioFlinger: mixer(0x73e5baba1040) throttle end: throttle time(1)
07-17 02:43:46.751   401   471 D AudioFlinger: mixer(0x73e5baba1040) throttle end: throttle time(9)
07-17 02:43:49.426   401   471 D AudioFlinger: mixer(0x73e5baba1040) throttle end: throttle time(3)
07-17 02:43:51.900   401   471 D AudioFlinger: mixer(0x73e5baba1040) throttle end: throttle time(4)
07-17 02:43:51.993   401   471 D AudioFlinger: mixer(0x73e5baba1040) throttle end: throttle time(3)
07-17 02:43:52.073   401   471 D AudioFlinger: mixer(0x73e5baba1040) throttle end: throttle time(9)
07-17 02:43:52.084  3423  3423 D app_process: Time zone APEX ICU file found: /apex/com.android.tzdata/etc/icu/icu_tzdata.dat
07-17 02:43:52.108  3423  3423 D app_process: I18n APEX ICU file found: /apex/com.android.i18n/etc/icu/icudt66l.dat
07-17 02:43:52.237   401   471 D AudioFlinger: mixer(0x73e5baba1040) throttle end: throttle time(21)
07-17 02:43:52.340   401   471 D AudioFlinger: mixer(0x73e5baba1040) throttle end: throttle time(2)
07-17 02:43:53.000   401   471 D AudioFlinger: mixer(0x73e5baba1040) throttle end: throttle time(9)
07-17 02:43:53.095  3423  3423 W app_process: Unexpected CPU variant for X86 using defaults: x86_64
07-17 02:43:53.319   401   471 D AudioFlinger: mixer(0x73e5baba1040) throttle end: throttle time(4)
07-17 02:43:53.432  3423  3423 I app_process: The ClassLoaderContext is a special shared library.
07-17 02:43:54.179   401   471 D AudioFlinger: mixer(0x73e5baba1040) throttle end: throttle time(3)
07-17 02:43:54.783   401   471 D AudioFlinger: mixer(0x73e5baba1040) throttle end: throttle time(23)
07-17 02:43:54.844   306   360 D goldfish-address-space: claimShared: Ask to claim region [0x3f6740000 0x3f70e4000]
07-17 02:43:55.310   177   177 I hwservicemanager: getTransport: Cannot find entry android.hardware.graphics.mapper@4.0::IMapper/default in either framework or device manifest.
07-17 02:43:55.421  3428  3428 I Gralloc4: mapper 4.x is not supported
07-17 02:43:55.604  3423  3423 W app_process: JNI RegisterNativeMethods: attempt to register 0 native methods for android.media.AudioAttributes
07-17 02:43:56.281   534   534 E wifi_forwarder: qemu_pipe_open_ns:62: Could not connect to the 'pipe:qemud:wififorward' service: Invalid argument
07-17 02:43:56.282   534   534 E wifi_forwarder: RemoteConnection failed to initialize: RemoteConnection failed to open pipe
07-17 02:43:56.283   401   471 D AudioFlinger: mixer(0x73e5baba1040) throttle end: throttle time(4)
07-17 02:43:56.473  3428  3428 D HostConnection: createUnique: call
07-17 02:43:56.520  3428  3428 D HostConnection: HostConnection::get() New Host Connection established 0x7e1f12aa8c10, tid 3428
07-17 02:43:56.521  3428  3428 D goldfish-address-space: allocate: Ask for block of size 0x100
07-17 02:43:56.528   401   471 D AudioFlinger: mixer(0x73e5baba1040) throttle end: throttle time(7)
07-17 02:43:56.522  3428  3428 D goldfish-address-space: allocate: ioctl allocate returned offset 0x3f3ffe000 size 0x2000
07-17 02:43:56.735   401   471 D AudioFlinger: mixer(0x73e5baba1040) throttle end: throttle time(1)
07-17 02:43:56.852  3423  3423 D AndroidRuntime: Calling main entry com.android.commands.monkey.Monkey
07-17 02:43:57.006  3423  3423 W Monkey  : args: [-p, com.jtripppiie.mooserush, 1]
07-17 02:43:57.082  3423  3423 W Monkey  :  arg: "-p"
07-17 02:43:57.122  3423  3423 W Monkey  :  arg: "com.jtripppiie.mooserush"
07-17 02:43:57.205  3423  3423 W Monkey  :  arg: "1"
07-17 02:43:57.277  3423  3423 W Monkey  : data="com.jtripppiie.mooserush"
07-17 02:43:57.357  3428  3428 D HostConnection: HostComposition ext ANDROID_EMU_CHECKSUM_HELPER_v1 ANDROID_EMU_native_sync_v2 ANDROID_EMU_dma_v1 ANDROID_EMU_direct_mem ANDROID_EMU_host_composition_v1 ANDROID_EMU_host_composition_v2 ANDROID_EMU_vulkan ANDROID_EMU_deferred_vulkan_commands ANDROID_EMU_vulkan_null_optional_strings ANDROID_EMU_vulkan_create_resources_with_requirements ANDROID_EMU_YUV_Cache ANDROID_EMU_vulkan_ignored_handles ANDROID_EMU_has_shared_slots_host_memory_allocator ANDROID_EMU_vulkan_free_memory_sync ANDROID_EMU_vulkan_shader_float16_int8 ANDROID_EMU_vulkan_async_queue_submit ANDROID_EMU_sync_buffer_data ANDROID_EMU_vulkan_async_qsri ANDROID_EMU_read_color_buffer_dma ANDROID_EMU_hwc_color_transform GL_OES_EGL_image_external_essl3 GL_OES_vertex_array_object GL_KHR_texture_compression_astc_ldr ANDROID_EMU_host_side_tracing ANDROID_EMU_gles_max_version_3_0
07-17 02:43:57.602   532   532 E netmgr  : qemu_pipe_open_ns:62: Could not connect to the 'pipe:qemud:network' service: Invalid argument
07-17 02:43:57.624   532   532 E netmgr  : Failed to open QEMU pipe 'qemud:network': Invalid argument
07-17 02:43:57.899   401   471 D AudioFlinger: mixer(0x73e5baba1040) throttle end: throttle time(1)
07-17 02:43:59.536   401   471 D AudioFlinger: mixer(0x73e5baba1040) throttle end: throttle time(5)
07-17 02:43:59.814   401   471 D AudioFlinger: mixer(0x73e5baba1040) throttle end: throttle time(21)
07-17 02:43:59.890   401   471 D AudioFlinger: mixer(0x73e5baba1040) throttle end: throttle time(4)
07-17 02:44:00.082   741   741 D KeyguardClockSwitch: Updating clock: 244
07-17 02:44:00.241   541   541 W Looper  : Slow dispatch took 231ms main h=com.android.server.AlarmManagerService$AlarmHandler c=com.android.server.-$$Lambda$AlarmManagerService$3$jIkPWjqS66vG6aFVQoHxR2w4HPE@e6da49b m=0
07-17 02:44:01.290   541   569 W BroadcastQueue: Skipping deliver [background] BroadcastRecord{f1a5d76 u-1 android.net.conn.CONNECTIVITY_CHANGE} to ReceiverList{5f7ef77 3423 (unknown name)/2000/u-1 remote:7b88038}: process gone or crashing
07-17 02:44:02.812   541   766 I ActivityTaskManager: START u0 {act=android.intent.action.MAIN cat=[android.intent.category.LAUNCHER] flg=0x10200000 cmp=com.jtripppiie.mooserush/com.godot.game.GodotAppLauncher} from uid 2000
07-17 02:44:02.828   541   561 D EventSequenceValidator: inc AccIntentStartedEvents to 2
07-17 02:44:03.354  3423  3423 I Monkey  : Events injected: 1
07-17 02:44:03.420   541   561 D EventSequenceValidator: dec AccIntentStartedEvents to 1
07-17 02:44:03.724   426   620 E IPCThreadState: binder thread pool (1 threads) starved for 893 ms
07-17 02:44:03.932   541   561 W system_server: Long monitor contention with owner Binder:541_7 (766) at void com.android.server.wm.WindowManagerService.updateRotationUnchecked(boolean, boolean)(WindowManagerService.java:3847) waiters=0 in void com.android.server.wm.WindowManagerService$H.handleMessage(android.os.Message) for 139ms
07-17 02:44:03.986   541   559 W InputReader: Device virtio_input_multi_touch_7 is associated with display ADISPLAY_ID_NONE.
07-17 02:44:04.040   541   541 W Looper  : Slow dispatch took 285ms main h=com.android.providers.settings.SettingsProvider$SettingsRegistry$MyHandler c=null m=1
07-17 02:44:04.050   541   559 W InputReader: Device virtio_input_multi_touch_11 is associated with display ADISPLAY_ID_NONE.
07-17 02:44:04.050   541   559 W InputReader: Device virtio_input_multi_touch_5 is associated with display ADISPLAY_ID_NONE.
07-17 02:44:04.060   541   559 W InputReader: Device virtio_input_multi_touch_2 is associated with display ADISPLAY_ID_NONE.
07-17 02:44:04.061   541   559 W InputReader: Device virtio_input_multi_touch_10 is associated with display ADISPLAY_ID_NONE.
07-17 02:44:04.061   541   559 W InputReader: Device virtio_input_multi_touch_8 is associated with display ADISPLAY_ID_NONE.
07-17 02:44:04.062   541   559 W InputReader: Device virtio_input_multi_touch_6 is associated with display ADISPLAY_ID_NONE.
07-17 02:44:04.062   541   559 W InputReader: Device virtio_input_multi_touch_3 is associated with display ADISPLAY_ID_NONE.
07-17 02:44:04.073   426   619 E IPCThreadState: binder thread pool (1 threads) starved for 168 ms
07-17 02:44:04.081   541   541 W Looper  : Slow delivery took 392ms main h=com.android.providers.settings.SettingsProvider$SettingsRegistry$MyHandler c=null m=2
07-17 02:44:04.112   541   559 W InputReader: Device virtio_input_multi_touch_9 is associated with display ADISPLAY_ID_NONE.
07-17 02:44:04.113   541   559 W InputReader: Device virtio_input_multi_touch_4 is associated with display ADISPLAY_ID_NONE.
07-17 02:44:04.248   541   559 W Looper  : Drained
07-17 02:44:04.255   541   559 W Looper  : Slow dispatch took 367ms android.ui h=android.os.Handler c=android.database.-$$Lambda$ContentObserver$MgqiYb2qvgLhoXTioYXq9MvvpNk@46db02 m=0
07-17 02:44:04.285   541   562 W system_server: Long monitor contention with owner android.ui (559) at void com.android.server.wm.WindowManagerService.updateRotationUnchecked(boolean, boolean)(WindowManagerService.java:3847) waiters=1 in void com.android.server.wm.InputMonitor$UpdateInputWindows.run() for 301ms
07-17 02:44:04.323   541   541 W Looper  : Drained
07-17 02:44:04.722   541   559 W InputReader: Device virtio_input_multi_touch_7 is associated with display ADISPLAY_ID_NONE.
07-17 02:44:04.722   541   559 W InputReader: Device virtio_input_multi_touch_11 is associated with display ADISPLAY_ID_NONE.
07-17 02:44:04.749   541   559 W InputReader: Device virtio_input_multi_touch_5 is associated with display ADISPLAY_ID_NONE.
07-17 02:44:04.749   541   559 W InputReader: Device virtio_input_multi_touch_2 is associated with display ADISPLAY_ID_NONE.
07-17 02:44:04.750   541   559 W InputReader: Device virtio_input_multi_touch_10 is associated with display ADISPLAY_ID_NONE.
07-17 02:44:04.750   541   559 W InputReader: Device virtio_input_multi_touch_8 is associated with display ADISPLAY_ID_NONE.
07-17 02:44:04.797   541   559 W InputReader: Device virtio_input_multi_touch_6 is associated with display ADISPLAY_ID_NONE.
07-17 02:44:04.798   541   559 W InputReader: Device virtio_input_multi_touch_3 is associated with display ADISPLAY_ID_NONE.
07-17 02:44:04.841   541   559 W InputReader: Device virtio_input_multi_touch_9 is associated with display ADISPLAY_ID_NONE.
07-17 02:44:04.842   541   559 W InputReader: Device virtio_input_multi_touch_4 is associated with display ADISPLAY_ID_NONE.
07-17 02:44:04.969  3423  3423 I Monkey  : ## Network stats: elapsed time=1762ms (0ms mobile, 0ms wifi, 1762ms not connected)
07-17 02:44:05.077   541   559 W Looper  : Slow dispatch took 779ms android.ui h=android.os.Handler c=android.database.-$$Lambda$ContentObserver$MgqiYb2qvgLhoXTioYXq9MvvpNk@bef1e50 m=0
07-17 02:44:05.141  3423  3423 I app_process: System.exit called, status: 0
07-17 02:44:05.184  3423  3423 I AndroidRuntime: VM exiting with result code 0.
07-17 02:44:06.649   401   471 D AudioFlinger: mixer(0x73e5baba1040) throttle end: throttle time(3)
07-17 02:44:07.046   401   471 D AudioFlinger: mixer(0x73e5baba1040) throttle end: throttle time(12)
07-17 02:44:08.904   401   471 D AudioFlinger: mixer(0x73e5baba1040) throttle end: throttle time(2)
07-17 02:44:10.013   401   471 D AudioFlinger: mixer(0x73e5baba1040) throttle end: throttle time(4)
07-17 02:44:10.111     0     0 I snd_hda_intel 0000: 00:02.0: IRQ timing workaround is activated for card #0. Suggest a bigger bdl_pos_adj.
07-17 02:44:13.260     0     0 W healthd : battery l=100 v=5000 t=25.0 h=2 st=2 c=900000 fc=300000 cc=10 chg=a
07-17 02:44:14.834   401   471 D AudioFlinger: mixer(0x73e5baba1040) throttle end: throttle time(5)
07-17 02:44:17.303   401   471 D AudioFlinger: mixer(0x73e5baba1040) throttle end: throttle time(3)
07-17 02:44:17.550   401   471 D AudioFlinger: mixer(0x73e5baba1040) throttle end: throttle time(9)
07-17 02:44:24.255   401   471 D AudioFlinger: mixer(0x73e5baba1040) throttle end: throttle time(3)
07-17 02:44:25.325   401   471 D AudioFlinger: mixer(0x73e5baba1040) throttle end: throttle time(2)
07-17 02:44:26.292   401   471 D AudioFlinger: mixer(0x73e5baba1040) throttle end: throttle time(9)
07-17 02:44:26.396   401   471 D AudioFlinger: mixer(0x73e5baba1040) throttle end: throttle time(9)
07-17 02:44:29.272   401   471 D AudioFlinger: mixer(0x73e5baba1040) throttle end: throttle time(3)
07-17 02:44:31.353   401   471 D AudioFlinger: mixer(0x73e5baba1040) throttle end: throttle time(1)
07-17 02:44:31.484   401   471 D AF::Track: interceptBuffer: took 9829us to intercept 0 tracks
07-17 02:44:32.430   401   471 D AudioFlinger: mixer(0x73e5baba1040) throttle end: throttle time(6)
07-17 02:44:32.800   401   471 D AudioFlinger: mixer(0x73e5baba1040) throttle end: throttle time(2)
07-17 02:44:32.938   401   471 D AudioFlinger: mixer(0x73e5baba1040) throttle end: throttle time(6)
07-17 02:44:33.773   401   471 D AudioFlinger: mixer(0x73e5baba1040) throttle end: throttle time(1)
07-17 02:44:37.149   401   471 D AudioFlinger: mixer(0x73e5baba1040) throttle end: throttle time(8)
07-17 02:44:39.208   401   471 D AudioFlinger: mixer(0x73e5baba1040) throttle end: throttle time(3)
07-17 02:44:40.060   401   471 D AudioFlinger: mixer(0x73e5baba1040) throttle end: throttle time(5)
07-17 02:44:42.549   401   471 D AudioFlinger: mixer(0x73e5baba1040) throttle end: throttle time(2)
07-17 02:44:44.537   401   471 D AudioFlinger: mixer(0x73e5baba1040) throttle end: throttle time(4)
07-17 02:44:45.180   401   471 D AudioFlinger: mixer(0x73e5baba1040) throttle end: throttle time(1)
07-17 02:44:46.002   401   471 D AudioFlinger: mixer(0x73e5baba1040) throttle end: throttle time(4)
07-17 02:44:46.504   401   471 D AudioFlinger: mixer(0x73e5baba1040) throttle end: throttle time(2)
07-17 02:44:47.070   401   471 D AudioFlinger: mixer(0x73e5baba1040) throttle end: throttle time(1)
07-17 02:44:47.550   401   471 D AudioFlinger: mixer(0x73e5baba1040) throttle end: throttle time(2)
07-17 02:44:47.947   401   471 D AudioFlinger: mixer(0x73e5baba1040) throttle end: throttle time(4)
07-17 02:44:50.488   401   471 D AudioFlinger: mixer(0x73e5baba1040) throttle end: throttle time(4)
07-17 02:44:50.719   401   471 D AudioFlinger: mixer(0x73e5baba1040) throttle end: throttle time(3)
07-17 02:44:52.804   401   471 D AudioFlinger: mixer(0x73e5baba1040) throttle end: throttle time(6)
07-17 02:44:53.448   401   471 D AudioFlinger: mixer(0x73e5baba1040) throttle end: throttle time(3)
07-17 02:44:53.629   401   471 D AudioFlinger: mixer(0x73e5baba1040) throttle end: throttle time(4)
07-17 02:44:54.665   401   471 D AudioFlinger: mixer(0x73e5baba1040) throttle end: throttle time(1)
07-17 02:44:54.713   401   471 D AudioFlinger: mixer(0x73e5baba1040) throttle end: throttle time(3)
07-17 02:44:54.883   401   471 D AudioFlinger: mixer(0x73e5baba1040) throttle end: throttle time(7)
07-17 02:44:54.956   401   471 D AudioFlinger: mixer(0x73e5baba1040) throttle end: throttle time(8)
07-17 02:44:55.316   401   471 D AudioFlinger: mixer(0x73e5baba1040) throttle end: throttle time(2)
07-17 02:44:55.382   401   471 D AudioFlinger: mixer(0x73e5baba1040) throttle end: throttle time(9)
07-17 02:44:55.710     0     0 D logd    : logdr: UID=2000 GID=2000 PID=3449 n tail=0 logMask=99 pid=0 start=0ns timeout=0ns
07-17 02:44:56.337   534   534 E wifi_forwarder: qemu_pipe_open_ns:62: Could not connect to the 'pipe:qemud:wififorward' service: Invalid argument
07-17 02:44:56.337   534   534 E wifi_forwarder: RemoteConnection failed to initialize: RemoteConnection failed to open pipe
07-17 02:44:57.633   532   532 E netmgr  : qemu_pipe_open_ns:62: Could not connect to the 'pipe:qemud:network' service: Invalid argument
07-17 02:44:57.633   532   532 E netmgr  : Failed to open QEMU pipe 'qemud:network': Invalid argument
07-17 02:45:00.230   741   741 D KeyguardClockSwitch: Updating clock: 245
