--------- beginning of system
07-17 02:40:59.291   541   559 W Looper  : Drained
--------- beginning of main
07-17 02:40:59.300   541   541 W system_server: Long monitor contention with owner Binder:541_13 (1693) at boolean com.android.server.job.JobServiceContext.executeRunnableJob(com.android.server.job.controllers.JobStatus)(JobServiceContext.java:303) waiters=0 in void com.android.server.job.JobSchedulerService$JobHandler.handleMessage(android.os.Message) for 377ms
07-17 02:40:59.302   541   541 W Looper  : Slow dispatch took 470ms main h=com.android.server.job.JobSchedulerService$JobHandler c=null m=4
07-17 02:40:59.679   541   541 W Looper  : Drained
07-17 02:40:59.748   541   555 W system_server: Long monitor contention with owner android.bg (568) at java.util.List com.android.server.pm.ComponentResolver.queryActivities(android.content.Intent, java.lang.String, int, int)(ComponentResolver.java:265) waiters=2 in java.lang.String com.android.server.pm.PackageManagerService.getInstantAppPackageName(int) for 135ms
07-17 02:40:59.788   176   176 I servicemanager: Since 'apexservice' could not be found, trying to start it as a lazy AIDL service
07-17 02:40:59.795   541  1023 W ServiceManager: Waited one second for apexservice
07-17 02:40:59.911   541   558 W Looper  : Slow dispatch took 953ms android.fg h=android.os.Handler c=runnable@8342da1(com.android.server.appop.AppOpsService@462e434,{NotedCallback{9510f56 watchinguid=-1 from uid=u0a121 pid=741}},1,1000,android,0) m=0
07-17 02:40:59.925   541   541 W Looper  : Slow dispatch took 243ms main h=com.android.server.job.JobSchedulerService$JobHandler c=null m=3
07-17 02:40:59.926   541   541 W Looper  : Slow delivery took 233ms main h=com.android.server.job.JobSchedulerService$JobHandler c=null m=4
07-17 02:41:00.040  1964  1964 D CarrierSvcBindHelper: No carrier app for: 0
--------- beginning of kernel
07-17 02:40:59.814     0     0 I init    : Control message: Processed ctl.interface_start for 'aidl/apexservice' from pid: 176 (/system/bin/servicemanager)
07-17 02:41:00.057     0     0 I apexd   : Scanning /system/apex for preinstalled data
07-17 02:41:00.128   541   541 W Looper  : Drained
07-17 02:41:00.129   541   541 W Looper  : Slow dispatch took 112ms main h=com.android.server.AlarmManagerService$AlarmHandler c=com.android.server.-$$Lambda$AlarmManagerService$3$jIkPWjqS66vG6aFVQoHxR2w4HPE@44502dd m=0
07-17 02:41:00.132   541   558 W Looper  : Slow delivery took 1116ms android.fg h=android.os.Handler c=<recycled PooledLambda@41b8d80> m=0
07-17 02:41:00.132   541   558 W Looper  : Slow dispatch took 220ms android.fg h=android.os.Handler c=<recycled PooledLambda@41b8d80> m=0
07-17 02:41:00.140   741   741 D KeyguardClockSwitch: Updating clock: 241
07-17 02:41:00.300   541   551 I system_server: Background concurrent copying GC freed 95863(5790KB) AllocSpace objects, 73(3660KB) LOS objects, 49% free, 11MB/22MB, paused 2.517ms total 3.512s
07-17 02:41:00.456   541   558 W Looper  : Slow dispatch took 321ms android.fg h=android.os.Handler c=<recycled PooledLambda@99ee57c> m=0
07-17 02:41:00.605     0     0 I apexd   : Scanning /system_ext/apex for preinstalled data
07-17 02:41:00.617     0     0 I apexd   : ... does not exist. Skipping
07-17 02:41:00.617     0     0 I apexd   : Scanning /product/apex for preinstalled data
07-17 02:41:00.631     0     0 I apexd   : ... does not exist. Skipping
07-17 02:41:00.631     0     0 I apexd   : Scanning /vendor/apex for preinstalled data
07-17 02:41:00.638     0     0 I apexd   : ... does not exist. Skipping
07-17 02:41:00.638     0     0 I apexd   : Populating APEX database from mounts...
07-17 02:41:00.679     0     0 I apexd   : Found "/apex/com.android.neuralnetworks@300000000" backed by file /system/apex/com.android.neuralnetworks.apex
07-17 02:41:00.683     0     0 I apexd   : Found "/apex/com.android.runtime@1" backed by file /system/apex/com.android.runtime.apex
07-17 02:41:00.685     0     0 I apexd   : Found "/apex/com.android.resolv@300000000" backed by file /system/apex/com.android.resolv.apex
07-17 02:41:00.706     0     0 I apexd   : Found "/apex/com.android.extservices@300000000" backed by file /system/apex/com.android.extservices.apex
07-17 02:41:00.707     0     0 I apexd   : Found "/apex/com.android.tethering@300000000" backed by file /system/apex/com.android.tethering.apex
07-17 02:41:00.708     0     0 I apexd   : Found "/apex/com.android.cellbroadcast@300000000" backed by file /system/apex/com.android.cellbroadcast.apex
07-17 02:41:00.709     0     0 I apexd   : Found "/apex/com.android.vndk.v30@1" backed by file /system/apex/com.android.vndk.current.apex
07-17 02:41:00.718     0     0 I apexd   : Found "/apex/com.android.art@1" backed by file /system/apex/com.android.art.debug.apex
07-17 02:41:00.720     0     0 I apexd   : Found "/apex/com.android.conscrypt@300000000" backed by file /system/apex/com.android.conscrypt.apex
07-17 02:41:00.721     0     0 I apexd   : Found "/apex/com.android.apex.cts.shim@1" backed by file /system/apex/com.android.apex.cts.shim.apex
07-17 02:41:00.731     0     0 I apexd   : Found "/apex/com.android.i18n@1" backed by file /system/apex/com.android.i18n.apex
07-17 02:41:00.738     0     0 I apexd   : Found "/apex/com.android.permission@300000000" backed by file /system/apex/com.android.permission.apex
07-17 02:41:00.739     0     0 I apexd   : Found "/apex/com.android.media@300000000" backed by file /system/apex/com.android.media.apex
07-17 02:41:00.740     0     0 I apexd   : Found "/apex/com.android.adbd@300000000" backed by file /system/apex/com.android.adbd.apex
07-17 02:41:00.740     0     0 I apexd   : Found "/apex/com.android.mediaprovider@300000000" backed by file /system/apex/com.android.mediaprovider.apex
07-17 02:41:00.741     0     0 I apexd   : Found "/apex/com.android.ipsec@300000000" backed by file /system/apex/com.android.ipsec.apex
07-17 02:41:00.751     0     0 I apexd   : Found "/apex/com.android.tzdata@300000000" backed by file /system/apex/com.android.tzdata.apex
07-17 02:41:00.751     0     0 I apexd   : Found "/apex/com.android.media.swcodec@300000000" backed by file /system/apex/com.android.media.swcodec.apex
07-17 02:41:00.752     0     0 I apexd   : Found "/apex/com.android.os.statsd@300000000" backed by file /system/apex/com.android.os.statsd.apex
07-17 02:41:00.753     0     0 I apexd   : Found "/apex/com.android.wifi@300000000" backed by file /system/apex/com.android.wifi.apex
07-17 02:41:00.766     0     0 I apexd   : Found "/apex/com.android.sdkext@300000000" backed by file /system/apex/com.android.sdkext.apex
07-17 02:41:00.774     0     0 I apexd   : 21 packages restored.
07-17 02:41:00.776     0     0 I AidlLazyServiceRegistrar: Registering service apexservice
07-17 02:41:00.804   176   176 I BpBinder: onLastStrongRef automatically unlinking death recipients: <uncached descriptor>
07-17 02:41:00.833   176   176 I servicemanager: Tried to unregister apexservice, but there is about to be a client.
07-17 02:41:00.842     0     0 I AidlLazyServiceRegistrar: Trying to shut down the service. No clients in use for any service in process.
07-17 02:41:00.851   541   558 W Looper  : Slow dispatch took 395ms android.fg h=android.os.Handler c=<recycled PooledLambda@4b76357> m=0
07-17 02:41:00.871     0     0 I AidlLazyServiceRegistrar: Failed to unregister service apexservice
07-17 02:41:01.146   541   558 W Looper  : Slow dispatch took 294ms android.fg h=android.os.Handler c=<recycled PooledLambda@80c7098> m=0
07-17 02:41:01.499   541   568 W VoiceInteractionManager: no available voice interaction services found for user 0
07-17 02:41:01.568   541   558 W Looper  : Slow dispatch took 393ms android.fg h=android.os.Handler c=<recycled PooledLambda@5d86fb9> m=0
07-17 02:41:01.896   541   558 W Looper  : Slow dispatch took 328ms android.fg h=android.os.Handler c=<recycled PooledLambda@e648f14> m=0
07-17 02:41:02.100   541   558 W Looper  : Slow dispatch took 203ms android.fg h=android.os.Handler c=<recycled PooledLambda@f32e129> m=0
07-17 02:41:02.183  1964  1964 D CarrierSvcBindHelper: No carrier app for: 0
07-17 02:41:02.209  1964  1964 D CarrierConfigLoader: mHandler: 9 phoneId: 0
07-17 02:41:02.314   541   558 W Looper  : Slow dispatch took 213ms android.fg h=android.os.Handler c=<recycled PooledLambda@c344414> m=0
07-17 02:41:02.537   541   558 W Looper  : Slow dispatch took 171ms android.fg h=android.os.Handler c=<recycled PooledLambda@4b76357> m=0
07-17 02:41:02.686   541   558 W Looper  : Slow dispatch took 148ms android.fg h=android.os.Handler c=<recycled PooledLambda@c729b5f> m=0
07-17 02:41:02.913   541   558 W Looper  : Slow dispatch took 225ms android.fg h=android.os.Handler c=<recycled PooledLambda@99ee57c> m=0
07-17 02:41:03.160   541   558 W Looper  : Slow dispatch took 247ms android.fg h=android.os.Handler c=<recycled PooledLambda@41b8d80> m=0
07-17 02:41:03.270   541   558 W Looper  : Slow dispatch took 109ms android.fg h=android.os.Handler c=<recycled PooledLambda@c2baa5f> m=0
07-17 02:41:03.689  2018  2032 I ssioncontrolle: Background young concurrent copying GC freed 5123(439KB) AllocSpace objects, 0(0B) LOS objects, 48% free, 1939KB/3732KB, paused 208us total 120.420ms
07-17 02:41:04.437   541   558 W Looper  : Drained
07-17 02:41:04.477   176   176 I servicemanager: Notifying apexservice they have clients: 1
07-17 02:41:04.494     0     0 I AidlLazyServiceRegistrar: Process has 1 (of 1 available) client(s) in use after notification android.apex.IApexService has clients: 1
07-17 02:41:06.112  3318  3318 D AndroidRuntime: >>>>>> START com.android.internal.os.RuntimeInit uid 2000 <<<<<<
07-17 02:41:06.279  3318  3318 E libc    : Access denied finding property "persist.device_config.runtime_native_boot.profilebootclasspath"
07-17 02:41:06.280  3318  3318 E libc    : Access denied finding property "persist.device_config.runtime_native_boot.enable_apex_image"
07-17 02:41:06.280  3318  3318 I AndroidRuntime: Using default boot image
07-17 02:41:06.281  3318  3318 E libc    : Access denied finding property "persist.device_config.runtime_native_boot.disable_lock_profiling"
07-17 02:41:06.281  3318  3318 I AndroidRuntime: Leaving lock profiling enabled
07-17 02:41:06.303  3318  3318 E libc    : Access denied finding property "persist.device_config.runtime_native_boot.enable_generational_cc"
07-17 02:41:06.259  3318  3318 W app_process: type=1400 audit(0.0:41): avc: denied { read } for name="u:object_r:device_config_runtime_native_boot_prop:s0" dev="tmpfs" ino=10373 scontext=u:r:shell:s0 tcontext=u:object_r:device_config_runtime_native_boot_prop:s0 tclass=file permissive=0
07-17 02:41:06.275  3318  3318 I chatty  : uid=2000(shell) app_process identical 2 lines
07-17 02:41:06.287  3318  3318 W app_process: type=1400 audit(0.0:44): avc: denied { read } for name="u:object_r:device_config_runtime_native_boot_prop:s0" dev="tmpfs" ino=10373 scontext=u:r:shell:s0 tcontext=u:object_r:device_config_runtime_native_boot_prop:s0 tclass=file permissive=0
07-17 02:41:06.501  3318  3318 I app_process: Core platform API reporting enabled, enforcing=false
07-17 02:41:07.597  3318  3318 D app_process: Time zone APEX ICU file found: /apex/com.android.tzdata/etc/icu/icu_tzdata.dat
07-17 02:41:07.600  3318  3318 D app_process: I18n APEX ICU file found: /apex/com.android.i18n/etc/icu/icudt66l.dat
07-17 02:41:07.714  3318  3318 W app_process: Unexpected CPU variant for X86 using defaults: x86_64
07-17 02:41:07.751  3318  3318 I app_process: The ClassLoaderContext is a special shared library.
07-17 02:41:07.953  3318  3318 W app_process: JNI RegisterNativeMethods: attempt to register 0 native methods for android.media.AudioAttributes
07-17 02:41:08.098  3318  3318 D AndroidRuntime: Calling main entry com.android.commands.monkey.Monkey
07-17 02:41:08.132  3318  3318 W Monkey  : args: [-p, com.jtripppiie.mooserush, 1]
07-17 02:41:08.153  3318  3318 W Monkey  :  arg: "-p"
07-17 02:41:08.157  3318  3318 W Monkey  :  arg: "com.jtripppiie.mooserush"
07-17 02:41:08.163  3318  3318 W Monkey  :  arg: "1"
07-17 02:41:08.165  3318  3318 W Monkey  : data="com.jtripppiie.mooserush"
07-17 02:41:08.795   541   569 W BroadcastQueue: Skipping deliver [background] BroadcastRecord{71337ae u-1 android.net.conn.CONNECTIVITY_CHANGE} to ReceiverList{cb9e94f 3318 (unknown name)/2000/u-1 remote:4c11b0}: process gone or crashing
07-17 02:41:08.925   541   561 D EventSequenceValidator: inc AccIntentStartedEvents to 2
07-17 02:41:08.933   541  1023 I ActivityTaskManager: START u0 {act=android.intent.action.MAIN cat=[android.intent.category.LAUNCHER] flg=0x10200000 cmp=com.jtripppiie.mooserush/com.godot.game.GodotAppLauncher} from uid 2000
07-17 02:41:09.281   419   419 I perfetto: ing_service_impl.cc:758 Configured tracing session 2, #sources:1, duration:5000 ms, #buffers:1, total buffer size:4096 KB, total sessions:1, uid:1071 session name: ""
07-17 02:41:09.357   415   415 I perfetto: probes_producer.cc:230  Ftrace setup (target_buf=2)
07-17 02:41:09.490   541   561 W system_server: Long monitor contention with owner Binder:541_8 (1023) at android.app.ActivityManager$TaskSnapshot com.android.server.wm.TaskSnapshotCache.getSnapshot(int, int, boolean, boolean)(TaskSnapshotCache.java:68) waiters=0 in void com.android.server.wm.TaskChangeNotificationController.forAllRemoteListeners(com.android.server.wm.TaskChangeNotificationController$TaskStackConsumer, android.os.Message) for 446ms
07-17 02:41:09.548  3318  3318 I Monkey  : Events injected: 1
07-17 02:41:09.692     0     0 W perfetto: enabled ftrace
07-17 02:41:09.681   415   415 I perfetto: ftrace_procfs.cc:176    enabled ftrace
07-17 02:41:09.703   541   541 W Looper  : Slow dispatch took 111ms main h=com.android.providers.settings.SettingsProvider$SettingsRegistry$MyHandler c=null m=1
07-17 02:41:09.720   541   559 W InputReader: Device virtio_input_multi_touch_7 is associated with display ADISPLAY_ID_NONE.
07-17 02:41:09.720   541   559 W InputReader: Device virtio_input_multi_touch_11 is associated with display ADISPLAY_ID_NONE.
07-17 02:41:09.721   541   559 W InputReader: Device virtio_input_multi_touch_5 is associated with display ADISPLAY_ID_NONE.
07-17 02:41:09.721   541   559 W InputReader: Device virtio_input_multi_touch_2 is associated with display ADISPLAY_ID_NONE.
07-17 02:41:09.721   541   559 W InputReader: Device virtio_input_multi_touch_10 is associated with display ADISPLAY_ID_NONE.
07-17 02:41:09.722   541   559 W InputReader: Device virtio_input_multi_touch_8 is associated with display ADISPLAY_ID_NONE.
07-17 02:41:09.722   541   559 W InputReader: Device virtio_input_multi_touch_6 is associated with display ADISPLAY_ID_NONE.
07-17 02:41:09.731   541   559 W InputReader: Device virtio_input_multi_touch_3 is associated with display ADISPLAY_ID_NONE.
07-17 02:41:09.731   541   559 W InputReader: Device virtio_input_multi_touch_9 is associated with display ADISPLAY_ID_NONE.
07-17 02:41:09.737   541   559 W InputReader: Device virtio_input_multi_touch_4 is associated with display ADISPLAY_ID_NONE.
07-17 02:41:09.851   541   559 W Looper  : Slow dispatch took 174ms android.ui h=android.os.Handler c=android.database.-$$Lambda$ContentObserver$MgqiYb2qvgLhoXTioYXq9MvvpNk@ced7a55 m=0
07-17 02:41:10.020   541   558 W system_server: Long monitor contention with owner android.ui (559) at void com.android.server.wm.WindowManagerService.updateRotationUnchecked(boolean, boolean)(WindowManagerService.java:3847) waiters=3 in boolean com.android.server.wm.WindowProcessController.hasActivities() for 284ms
07-17 02:41:10.183   541   558 W Looper  : Slow dispatch took 477ms android.fg h=android.os.Handler c=<recycled PooledLambda@99ee57c> m=0
07-17 02:41:10.237   541   561 D CompatibilityChangeReporter: Compat change id reported: 135634846; UID 10131; state: DISABLED
07-17 02:41:10.263   541   570 D CompatibilityChangeReporter: Compat change id reported: 143937733; UID 10131; state: ENABLED
07-17 02:41:10.275   541   561 W ActivityManager: Slow operation: 95ms so far, now at startProcess: done starting proc!
07-17 02:41:10.309   541   559 W InputReader: Device virtio_input_multi_touch_7 is associated with display ADISPLAY_ID_NONE.
07-17 02:41:10.309   541   559 W InputReader: Device virtio_input_multi_touch_11 is associated with display ADISPLAY_ID_NONE.
07-17 02:41:10.309   541   559 W InputReader: Device virtio_input_multi_touch_5 is associated with display ADISPLAY_ID_NONE.
07-17 02:41:10.309   541   559 W InputReader: Device virtio_input_multi_touch_2 is associated with display ADISPLAY_ID_NONE.
07-17 02:41:10.310   541   559 W InputReader: Device virtio_input_multi_touch_10 is associated with display ADISPLAY_ID_NONE.
07-17 02:41:10.310   541   559 W InputReader: Device virtio_input_multi_touch_8 is associated with display ADISPLAY_ID_NONE.
07-17 02:41:10.310   541   559 W InputReader: Device virtio_input_multi_touch_6 is associated with display ADISPLAY_ID_NONE.
07-17 02:41:10.315   541   559 W InputReader: Device virtio_input_multi_touch_3 is associated with display ADISPLAY_ID_NONE.
07-17 02:41:10.315   541   559 W InputReader: Device virtio_input_multi_touch_9 is associated with display ADISPLAY_ID_NONE.
07-17 02:41:10.315   541   559 W InputReader: Device virtio_input_multi_touch_4 is associated with display ADISPLAY_ID_NONE.
07-17 02:41:10.368   541   541 W Looper  : Slow dispatch took 303ms main h=com.android.providers.settings.SettingsProvider$SettingsRegistry$MyHandler c=null m=1
07-17 02:41:10.369   541   541 W Looper  : Slow delivery took 307ms main h=com.android.providers.settings.SettingsProvider$SettingsRegistry$MyHandler c=null m=2
07-17 02:41:10.426  3318  3318 I Monkey  : ## Network stats: elapsed time=1253ms (0ms mobile, 0ms wifi, 1253ms not connected)
07-17 02:41:10.491  3318  3318 I app_process: System.exit called, status: 0
07-17 02:41:10.492  3318  3318 I AndroidRuntime: VM exiting with result code 0.
07-17 02:41:10.667   541   541 W Looper  : Drained
07-17 02:41:10.762   289   289 D Zygote  : Forked child process 3339
07-17 02:41:10.891   541   570 W ActivityManager: Slow operation: 681ms so far, now at startProcess: returned from zygote!
07-17 02:41:10.893   541   570 W ActivityManager: Slow operation: 682ms so far, now at startProcess: done updating battery stats
07-17 02:41:10.894   541   570 W ActivityManager: Slow operation: 683ms so far, now at startProcess: building log message
07-17 02:41:10.894   541   570 I ActivityManager: Start proc 3339:com.jtripppiie.mooserush/u0a131 for pre-top-activity {com.jtripppiie.mooserush/com.godot.game.GodotAppLauncher}
07-17 02:41:10.906   541   570 W ActivityManager: Slow operation: 695ms so far, now at startProcess: starting to update pids map
07-17 02:41:10.932   541   570 W ActivityManager: Slow operation: 712ms so far, now at startProcess: done updating pids map
07-17 02:41:11.053  3339  3339 I ppiie.mooserus: Late-enabling -Xcheck:jni
07-17 02:41:11.325  3339  3339 I ppiie.mooserus: Unquickening 12 vdex files!
07-17 02:41:11.351  3339  3339 W ppiie.mooserus: Unexpected CPU variant for X86 using defaults: x86_64
07-17 02:41:11.582   406   445 I adbd    : jdwp connection from 3339
07-17 02:41:11.593   541   562 I Choreographer: Skipped 93 frames!  The application may be doing too much work on its main thread.
07-17 02:41:11.870  2194  3039 I Dialer  : OmtpVvmCarrierCfgHlpr - OmtpEvent:CONFIG_STATUS_SMS_TIME_OUT
07-17 02:41:11.892  2194  2194 I Dialer  : RetryPolicy - discarding deferred status: configuration_state=4
07-17 02:41:11.934  2194  2194 I Dialer  : VvmTaskExecutor - no more tasks, stopping service if no task are added in 5000 millis
07-17 02:41:11.955   306   360 D goldfish-address-space: claimShared: Ask to claim region [0x3fd348000 0x3fdcec000]
07-17 02:41:12.012  2194  2194 I Dialer  : VvmTaskReceiver - task received
07-17 02:41:12.013  2194  2194 I Dialer  : VvmTaskReceiver - TaskExecutor already running
07-17 02:41:12.017  2194  2194 I Dialer  : Task.createTask - create task:com.android.voicemail.impl.ActivationTask
07-17 02:41:12.018  2194  2194 I Dialer  : RetryPolicy - retry #4 for com.android.voicemail.impl.ActivationTask@8b30c42 queued, executing in 5000
07-17 02:41:12.059  2194  2194 I Dialer  : VvmTaskExecutor - com.android.voicemail.impl.ActivationTask@8b30c42 added
07-17 02:41:12.060  2194  2194 I Dialer  : VvmTaskExecutor - minimal wait time:4959
07-17 02:41:12.061  2194  2194 I Dialer  : VvmTaskExecutor - sleep for 4959 millis
07-17 02:41:12.271   541  1023 W InputReader: Device virtio_input_multi_touch_7 is associated with display ADISPLAY_ID_NONE.
07-17 02:41:12.272   541  1023 W InputReader: Device virtio_input_multi_touch_11 is associated with display ADISPLAY_ID_NONE.
07-17 02:41:12.272   541  1023 W InputReader: Device virtio_input_multi_touch_5 is associated with display ADISPLAY_ID_NONE.
07-17 02:41:12.273   541  1023 W InputReader: Device virtio_input_multi_touch_2 is associated with display ADISPLAY_ID_NONE.
07-17 02:41:12.273   541  1023 W InputReader: Device virtio_input_multi_touch_10 is associated with display ADISPLAY_ID_NONE.
07-17 02:41:12.273   541  1023 W InputReader: Device virtio_input_multi_touch_8 is associated with display ADISPLAY_ID_NONE.
07-17 02:41:12.273   541  1023 W InputReader: Device virtio_input_multi_touch_6 is associated with display ADISPLAY_ID_NONE.
07-17 02:41:12.274   541  1023 W InputReader: Device virtio_input_multi_touch_3 is associated with display ADISPLAY_ID_NONE.
07-17 02:41:12.274   541  1023 W InputReader: Device virtio_input_multi_touch_9 is associated with display ADISPLAY_ID_NONE.
07-17 02:41:12.274   541  1023 W InputReader: Device virtio_input_multi_touch_4 is associated with display ADISPLAY_ID_NONE.
07-17 02:41:12.284   541  1023 W InputReader: Device virtio_input_multi_touch_7 is associated with display ADISPLAY_ID_NONE.
07-17 02:41:12.285   541  1023 W InputReader: Device virtio_input_multi_touch_11 is associated with display ADISPLAY_ID_NONE.
07-17 02:41:12.285   541  1023 W InputReader: Device virtio_input_multi_touch_5 is associated with display ADISPLAY_ID_NONE.
07-17 02:41:12.285   541  1023 W InputReader: Device virtio_input_multi_touch_2 is associated with display ADISPLAY_ID_NONE.
07-17 02:41:12.286   541  1023 W InputReader: Device virtio_input_multi_touch_10 is associated with display ADISPLAY_ID_NONE.
07-17 02:41:12.286   541  1023 W InputReader: Device virtio_input_multi_touch_8 is associated with display ADISPLAY_ID_NONE.
07-17 02:41:12.286   541  1023 W InputReader: Device virtio_input_multi_touch_6 is associated with display ADISPLAY_ID_NONE.
07-17 02:41:12.299   541  1023 W InputReader: Device virtio_input_multi_touch_3 is associated with display ADISPLAY_ID_NONE.
07-17 02:41:12.299   541  1023 W InputReader: Device virtio_input_multi_touch_9 is associated with display ADISPLAY_ID_NONE.
07-17 02:41:12.299   541  1023 W InputReader: Device virtio_input_multi_touch_4 is associated with display ADISPLAY_ID_NONE.
07-17 02:41:12.358   541  1023 W ActivityManager: Slow operation: 148ms so far, now at attachApplicationLocked: after mServices.attachApplicationLocked
07-17 02:41:12.587   541  1497 E TaskPersister: File error accessing recents directory (directory doesn't exist?).
07-17 02:41:12.810   541   562 I Choreographer: Skipped 71 frames!  The application may be doing too much work on its main thread.
07-17 02:41:12.857   541   562 I Choreographer: Skipped 62 frames!  The application may be doing too much work on its main thread.
07-17 02:41:13.269     0     0 W healthd : battery l=100 v=5000 t=25.0 h=2 st=2 c=900000 fc=300000 cc=10 chg=a
07-17 02:41:13.838   541   561 W InputReader: Device virtio_input_multi_touch_7 is associated with display ADISPLAY_ID_NONE.
07-17 02:41:13.838   541   561 W InputReader: Device virtio_input_multi_touch_11 is associated with display ADISPLAY_ID_NONE.
07-17 02:41:13.841   541   561 W InputReader: Device virtio_input_multi_touch_5 is associated with display ADISPLAY_ID_NONE.
07-17 02:41:13.841   541   561 W InputReader: Device virtio_input_multi_touch_2 is associated with display ADISPLAY_ID_NONE.
07-17 02:41:13.841   541   561 W InputReader: Device virtio_input_multi_touch_10 is associated with display ADISPLAY_ID_NONE.
07-17 02:41:13.842   541   561 W InputReader: Device virtio_input_multi_touch_8 is associated with display ADISPLAY_ID_NONE.
07-17 02:41:13.842   541   561 W InputReader: Device virtio_input_multi_touch_6 is associated with display ADISPLAY_ID_NONE.
07-17 02:41:13.842   541   561 W InputReader: Device virtio_input_multi_touch_3 is associated with display ADISPLAY_ID_NONE.
07-17 02:41:13.849   541   561 W InputReader: Device virtio_input_multi_touch_9 is associated with display ADISPLAY_ID_NONE.
07-17 02:41:13.850   541   561 W InputReader: Device virtio_input_multi_touch_4 is associated with display ADISPLAY_ID_NONE.
07-17 02:41:13.918   541   561 W ActivityTaskManager: Current config: {1.0 310mcc260mnc [en_US] ldltr sw392dp w392dp h750dp 440dpi nrml long port finger qwerty/v/v -nav/h winConfig={ mBounds=Rect(0, 0 - 1080, 2340) mAppBounds=Rect(0, 136 - 1080, 2208) mWindowingMode=fullscreen mDisplayWindowingMode=fullscreen mActivityType=undefined mAlwaysOnTop=undefined mRotation=ROTATION_0} s.87} unchanged for IME proc com.android.inputmethod.latin
07-17 02:41:13.919   541   561 W ActivityTaskManager: Unable to send config for IME proc com.android.inputmethod.latin: no app thread
07-17 02:41:13.979   541   561 I ActivityTaskManager: Config changes=20000480 {1.0 310mcc260mnc [en_US] ldltr sw392dp w753dp h364dp 440dpi nrml long land finger qwerty/v/v -nav/h winConfig={ mBounds=Rect(0, 0 - 2340, 1080) mAppBounds=Rect(136, 0 - 2208, 1080) mWindowingMode=fullscreen mDisplayWindowingMode=fullscreen mActivityType=undefined mAlwaysOnTop=undefined mRotation=ROTATION_90} s.117}
07-17 02:41:14.094   541   561 W ActivityTaskManager: Current config: {1.0 310mcc260mnc [en_US] ldltr sw392dp w392dp h750dp 440dpi nrml long port finger qwerty/v/v -nav/h winConfig={ mBounds=Rect(0, 0 - 1080, 2340) mAppBounds=Rect(0, 136 - 1080, 2208) mWindowingMode=fullscreen mDisplayWindowingMode=fullscreen mActivityType=undefined mAlwaysOnTop=undefined mRotation=ROTATION_0} s.87} unchanged for IME proc com.android.inputmethod.latin
07-17 02:41:14.207   541   561 I WindowManager: Override config changes=20000480 {1.0 310mcc260mnc [en_US] ldltr sw392dp w753dp h364dp 440dpi nrml long land finger qwerty/v/v -nav/h winConfig={ mBounds=Rect(0, 0 - 2340, 1080) mAppBounds=Rect(136, 0 - 2208, 1080) mWindowingMode=fullscreen mDisplayWindowingMode=fullscreen mActivityType=undefined mAlwaysOnTop=undefined mRotation=ROTATION_90} s.117} for displayId=0
07-17 02:41:14.266   541   561 V ActivityTaskManager: Sending to IME proc com.android.inputmethod.latin new config {1.0 310mcc260mnc [en_US] ldltr sw392dp w753dp h364dp 440dpi nrml long land finger qwerty/v/v -nav/h winConfig={ mBounds=Rect(0, 0 - 2340, 1080) mAppBounds=Rect(136, 0 - 2208, 1080) mWindowingMode=fullscreen mDisplayWindowingMode=fullscreen mActivityType=undefined mAlwaysOnTop=undefined mRotation=ROTATION_90} s.117}
07-17 02:41:14.303   541   561 W ActivityTaskManager: Unable to send config for IME proc com.android.inputmethod.latin: no app thread
07-17 02:41:14.305   541   561 W ActivityTaskManager: Current config: {1.0 310mcc260mnc [en_US] ldltr sw392dp w753dp h364dp 440dpi nrml long land finger qwerty/v/v -nav/h winConfig={ mBounds=Rect(0, 0 - 2340, 1080) mAppBounds=Rect(136, 0 - 2208, 1080) mWindowingMode=fullscreen mDisplayWindowingMode=fullscreen mActivityType=undefined mAlwaysOnTop=undefined mRotation=ROTATION_90} s.117} unchanged for IME proc com.android.inputmethod.latin
07-17 02:41:14.305   541   561 W ActivityTaskManager: Unable to send config for IME proc com.android.inputmethod.latin: no app thread
07-17 02:41:14.445   541   561 V WindowManager: Orientation start waiting for draw, mDrawState=DRAW_PENDING in Window{25a3dec u0 com.android.systemui.ImageWallpaper}, surfaceController Surface(name=com.android.systemui.ImageWallpaper)/@0x3ac9311
07-17 02:41:14.492   415   415 I perfetto: probes_producer.cc:329  Producer stop (id=2)
07-17 02:41:14.499   741   741 D StatusBar: disable<e i a s b h r c s > disable2<q i n >
07-17 02:41:14.603   541  1023 W system_server: Long monitor contention with owner android.display (561) at void com.android.server.wm.DisplayRotation.continueRotation(int, android.window.WindowContainerTransaction)(DisplayRotation.java:545) waiters=0 in int com.android.server.wm.WindowManagerService.relayoutWindow(com.android.server.wm.Session, android.view.IWindow, int, android.view.WindowManager$LayoutParams, int, int, int, int, long, android.graphics.Rect, android.graphics.Rect, android.graphics.Rect, android.graphics.Rect, android.graphics.Rect, android.view.DisplayCutout$ParcelableWrapper, android.util.MergedConfiguration, android.view.SurfaceControl, android.view.InsetsState, android.view.InsetsSourceControl[], android.graphics.Point, android.view.SurfaceControl) for 784ms
07-17 02:41:14.802   415   415 I perfetto: ftrace_procfs.cc:183    disabled ftrace
07-17 02:41:14.813     0     0 W perfetto: disabled ftrace
07-17 02:41:14.870   541   559 W Looper  : Slow dispatch took 439ms android.ui h=com.android.server.wm.DisplayPolicy$PolicyHandler c=com.android.server.wm.-$$Lambda$DisplayPolicy$HbdRZfPpJ53Wnk7_Ueb0ycyz_AQ@301177a m=0
07-17 02:41:15.095   541   561 I InputManager-JNI: Viewport [0] to add: local:8141241408256768, isActive: true
07-17 02:41:15.137   419   419 I perfetto: ng_service_impl.cc:1948 Tracing session 2 ended, total sessions:0
07-17 02:41:15.280   541   561 W system_server: Long monitor contention with owner Binder:541_13 (1693) at int com.android.server.wm.WindowManagerService.addWindow(com.android.server.wm.Session, android.view.IWindow, int, android.view.WindowManager$LayoutParams, int, int, android.graphics.Rect, android.graphics.Rect, android.graphics.Rect, android.view.DisplayCutout$ParcelableWrapper, android.view.InputChannel, android.view.InsetsState, android.view.InsetsSourceControl[], int)(WindowManagerService.java:1730) waiters=2 in int com.android.server.wm.InputManagerCallback.getPointerDisplayId() for 184ms
07-17 02:41:15.293   541   559 W Looper  : Slow delivery took 503ms android.ui h=android.view.ViewRootImpl$ViewRootHandler c=null m=30
07-17 02:41:15.293   541   559 W Looper  : Slow dispatch took 368ms android.ui h=android.view.ViewRootImpl$ViewRootHandler c=null m=30
07-17 02:41:15.325   541   637 I InputReader: Reconfiguring input devices, changes=DISPLAY_INFO |
07-17 02:41:15.326   541   637 I InputReader: Device reconfigured: id=13, name='virtio_input_multi_touch_1', size 1080x2340, orientation 1, mode 1, display id 0
07-17 02:41:15.367   541   637 I InputReader: Touch device 'virtio_input_multi_touch_7' could not query the properties of its associated display.  The device will be inoperable until the display size becomes available.
07-17 02:41:15.368   541   637 I InputReader: Touch device 'virtio_input_multi_touch_11' could not query the properties of its associated display.  The device will be inoperable until the display size becomes available.
07-17 02:41:15.368   541   637 I InputReader: Touch device 'virtio_input_multi_touch_5' could not query the properties of its associated display.  The device will be inoperable until the display size becomes available.
07-17 02:41:15.369   541   637 I InputReader: Touch device 'virtio_input_multi_touch_2' could not query the properties of its associated display.  The device will be inoperable until the display size becomes available.
07-17 02:41:15.369   541   637 I InputReader: Touch device 'virtio_input_multi_touch_10' could not query the properties of its associated display.  The device will be inoperable until the display size becomes available.
07-17 02:41:15.369   541   637 I InputReader: Touch device 'virtio_input_multi_touch_8' could not query the properties of its associated display.  The device will be inoperable until the display size becomes available.
07-17 02:41:15.370   541   637 I InputReader: Touch device 'virtio_input_multi_touch_6' could not query the properties of its associated display.  The device will be inoperable until the display size becomes available.
07-17 02:41:15.370   541   637 I InputReader: Touch device 'virtio_input_multi_touch_3' could not query the properties of its associated display.  The device will be inoperable until the display size becomes available.
07-17 02:41:15.386   541   637 I InputReader: Touch device 'virtio_input_multi_touch_9' could not query the properties of its associated display.  The device will be inoperable until the display size becomes available.
07-17 02:41:15.394   541   637 I InputReader: Touch device 'virtio_input_multi_touch_4' could not query the properties of its associated display.  The device will be inoperable until the display size becomes available.
07-17 02:41:15.576  3339  3339 D NetworkSecurityConfig: No Network Security Config specified, using platform default
07-17 02:41:15.595   541   562 I Choreographer: Skipped 37 frames!  The application may be doing too much work on its main thread.
07-17 02:41:15.609  3339  3339 D NetworkSecurityConfig: No Network Security Config specified, using platform default
07-17 02:41:15.613  1420  1420 I Choreographer: Skipped 31 frames!  The application may be doing too much work on its main thread.
07-17 02:41:15.697   541   559 W Looper  : Slow dispatch took 226ms android.ui h=android.hardware.display.DisplayManagerGlobal$DisplayListenerDelegate c=null m=2
07-17 02:41:15.701   306   360 D goldfish-address-space: claimShared: Ask to claim region [0x3f8346000 0x3f8cea000]
07-17 02:41:15.760   541   559 I Choreographer: Skipped 49 frames!  The application may be doing too much work on its main thread.
07-17 02:41:16.287  1078  1078 I Choreographer: Skipped 75 frames!  The application may be doing too much work on its main thread.
07-17 02:41:16.475   541   541 I JobServiceContext: Client timed out while executing (no jobFinished received), sending onStop: 834aefb #1000/1 com.android.providers.settings/.WriteFallbackSettingsFilesJobService
07-17 02:41:16.610   741   741 I Choreographer: Skipped 125 frames!  The application may be doing too much work on its main thread.
07-17 02:41:17.055   541   555 W system_server: Long monitor contention with owner main (541) at boolean com.android.server.am.ActivityManagerService.unbindService(android.app.IServiceConnection)(ActivityManagerService.java:15196) waiters=0 in void com.android.server.am.ActivityManagerService.publishContentProviders(android.app.IApplicationThread, java.util.List) for 506ms
07-17 02:41:17.072   541   541 W Looper  : Slow dispatch took 578ms main h=android.app.job.JobServiceEngine$JobHandler c=null m=1
07-17 02:41:17.099   541   541 W Looper  : Slow delivery took 425ms main h=android.app.ActivityThread$H c=null m=122
07-17 02:41:17.157  2194  3039 I Dialer  : VvmTaskExecutor - executing task com.android.voicemail.impl.ActivationTask@8b30c42
07-17 02:41:17.196  2194  3039 I Dialer  : PreOMigrationHandler - ComponentInfo{com.android.phone/com.android.services.telephony.TelephonyConnectionService}, ***, UserHandle{0} already migrated
07-17 02:41:17.243   306   360 D goldfish-address-space: claimShared: Ask to claim region [0x3fb2b0000 0x3fb6d7000]
07-17 02:41:17.327   541   541 W Looper  : Slow dispatch took 226ms main h=com.android.server.job.JobSchedulerService$JobHandler c=null m=3
07-17 02:41:17.428   541   541 W Looper  : Drained
07-17 02:41:17.721   541   541 W Looper  : Slow dispatch took 293ms main h=android.app.job.JobServiceEngine$JobHandler c=null m=0
07-17 02:41:17.803   741   741 D StatusBar: disable<e i a s b h r c s > disable2<q i n >
07-17 02:41:17.842   541   562 I Choreographer: Skipped 135 frames!  The application may be doing too much work on its main thread.
07-17 02:41:17.875  3339  3364 D libEGL  : loaded /vendor/lib64/egl/libEGL_emulation.so
07-17 02:41:17.972   541   559 W Looper  : Slow dispatch took 2212ms android.ui h=android.view.Choreographer$FrameHandler c=android.view.Choreographer$FrameDisplayEventReceiver@272a9a5 m=0
07-17 02:41:18.060  3339  3364 D libEGL  : loaded /vendor/lib64/egl/libGLESv1_CM_emulation.so
07-17 02:41:18.065   541   559 I Choreographer: Skipped 111 frames!  The application may be doing too much work on its main thread.
07-17 02:41:18.097   541  1693 W ActivityManager: Slow operation: 172ms so far, now at getContentProviderImpl: after updateLruProcess
07-17 02:41:18.107   541  1693 W ActivityManager: Slow operation: 174ms so far, now at getContentProviderImpl: before updateOomAdj
07-17 02:41:18.281   541  1693 W ActivityManager: Slow operation: 356ms so far, now at getContentProviderImpl: after updateOomAdj
07-17 02:41:18.282   541  1693 W ActivityManager: Slow operation: 357ms so far, now at getContentProviderImpl: done!
07-17 02:41:18.399  3339  3364 D libEGL  : loaded /vendor/lib64/egl/libGLESv2_emulation.so
07-17 02:41:18.775   306   360 D goldfish-address-space: claimShared: Ask to claim region [0x3fbe6d000 0x3fbf1d000]
07-17 02:41:18.965   306   360 D goldfish-address-space: claimShared: Ask to claim region [0x3fa04d000 0x3fa474000]
07-17 02:41:18.995  3339  3339 W ppiie.mooserus: Verification of void androidx.fragment.app.FragmentManager.<init>() took 108.225ms (1626.23 bytecodes/s) (7144B approximate peak alloc)
07-17 02:41:19.049   541  1323 I OpenGLRenderer: Davey! duration=2547ms; Flags=1, IntendedVsync=827209882646, Vsync=828026549280, OldestInputEvent=9223372036854775807, NewestInputEvent=0, HandleInputStart=828043238818, AnimationStart=828043247342, PerformTraversalsStart=828043263843, DrawStart=828623212840, SyncQueued=828668117829, SyncStart=830242626339, IssueDrawCommandsStart=830264239885, SwapBuffers=831103119396, FrameCompleted=831331515063, DequeueBufferDuration=189892038, QueueBufferDuration=19542492, GpuCompleted=8028911400105894753,
07-17 02:41:19.136   306   360 D goldfish-address-space: claimShared: Ask to claim region [0x3fbab3000 0x3fbb63000]
07-17 02:41:19.193   741  1250 I OpenGLRenderer: Davey! duration=4423ms; Flags=1, IntendedVsync=826793215996, Vsync=828876549246, OldestInputEvent=9223372036854775807, NewestInputEvent=0, HandleInputStart=828905410298, AnimationStart=828905422540, PerformTraversalsStart=828907857461, DrawStart=830900394509, SyncQueued=831047799226, SyncStart=831306274871, IssueDrawCommandsStart=831308065404, SwapBuffers=831373609361, FrameCompleted=831475056477, DequeueBufferDuration=43502194, QueueBufferDuration=39219098, GpuCompleted=0,
07-17 02:41:19.279   541   559 W Looper  : Slow dispatch took 1214ms android.ui h=android.view.Choreographer$FrameHandler c=android.view.Choreographer$FrameDisplayEventReceiver@272a9a5 m=0
07-17 02:41:19.377   541   561 W ActivityTaskManager: Launch timeout has expired, giving up wake lock!
07-17 02:41:19.399   541   559 W Looper  : Slow dispatch took 117ms android.ui h=android.view.ViewRootImpl$ViewRootHandler c=null m=31
07-17 02:41:19.655  3339  3339 W ppiie.mooserus: Verification of void androidx.fragment.app.FragmentManager.onContainerAvailable(androidx.fragment.app.FragmentContainerView) took 218.865ms (255.86 bytecodes/s) (2560B approximate peak alloc)
07-17 02:41:19.720  2128  2149 I VoicemailNotifier: receivers for android.intent.action.PROVIDER_CHANGED :[]
07-17 02:41:19.736   306   360 D goldfish-address-space: claimShared: Ask to claim region [0x3fa474000 0x3fa89b000]
07-17 02:41:19.758   541  1323 I OpenGLRenderer: Davey! duration=2483ms; Flags=0, IntendedVsync=828493215928, Vsync=830343215854, OldestInputEvent=9223372036854775807, NewestInputEvent=0, HandleInputStart=830348217115, AnimationStart=830348224926, PerformTraversalsStart=830348227679, DrawStart=830431767171, SyncQueued=830490647805, SyncStart=831554940954, IssueDrawCommandsStart=831555229345, SwapBuffers=831875911855, FrameCompleted=832040838450, DequeueBufferDuration=16107447, QueueBufferDuration=102374644, GpuCompleted=3906077936803919153,
07-17 02:41:19.834  2194  3039 I Dialer  : VvmActivationTask - VVM content provider configured - vvm_type_cvvm
07-17 02:41:19.848  2194  3039 I Dialer  : OmtpVvmCarrierCfgHlpr - OmtpEvent:CONFIG_ACTIVATING
07-17 02:41:19.968   306   360 D goldfish-address-space: claimShared: Ask to claim region [0x3fbb63000 0x3fbbef000]
07-17 02:41:20.120  2128  2149 I VoicemailNotifier: receivers for android.intent.action.PROVIDER_CHANGED :[]
07-17 02:41:20.163   306   360 D goldfish-address-space: claimShared: Ask to claim region [0x3fbfae000 0x3fbfb5000]
07-17 02:41:20.199   741  2248 D HostConnection: HostConnection::get() New Host Connection established 0x7123c17819d0, tid 2248
07-17 02:41:20.463   741  2248 D HostConnection: HostComposition ext ANDROID_EMU_CHECKSUM_HELPER_v1 ANDROID_EMU_native_sync_v2 ANDROID_EMU_dma_v1 ANDROID_EMU_direct_mem ANDROID_EMU_host_composition_v1 ANDROID_EMU_host_composition_v2 ANDROID_EMU_vulkan ANDROID_EMU_deferred_vulkan_commands ANDROID_EMU_vulkan_null_optional_strings ANDROID_EMU_vulkan_create_resources_with_requirements ANDROID_EMU_YUV_Cache ANDROID_EMU_vulkan_ignored_handles ANDROID_EMU_has_shared_slots_host_memory_allocator ANDROID_EMU_vulkan_free_memory_sync ANDROID_EMU_vulkan_shader_float16_int8 ANDROID_EMU_vulkan_async_queue_submit ANDROID_EMU_sync_buffer_data ANDROID_EMU_vulkan_async_qsri ANDROID_EMU_read_color_buffer_dma ANDROID_EMU_hwc_color_transform GL_OES_EGL_image_external_essl3 GL_OES_vertex_array_object GL_KHR_texture_compression_astc_ldr ANDROID_EMU_host_side_tracing ANDROID_EMU_gles_max_version_3_0
07-17 02:41:20.476   741  2248 D EGL_emulation: eglCreateContext: 0x7123b1819d10: maj 3 min 0 rcv 3
07-17 02:41:20.487   741  2248 D EGL_emulation: eglMakeCurrent: 0x7123b1819d10: ver 3 0 (tinfo 0x7123517ee810) (first time)
07-17 02:41:20.595   306   360 D goldfish-address-space: claimShared: Ask to claim region [0x3fbfb5000 0x3fbfbc000]
07-17 02:41:20.629   306   360 D goldfish-address-space: claimShared: Ask to claim region [0x3fbfbc000 0x3fbfc3000]
07-17 02:41:20.641  1964  2595 D SmsNumberUtils: enter filterDestAddr. destAddr="[BajqU4K5_YhSYbs-7QUn0dOwcmI]"
07-17 02:41:20.675   306   360 D goldfish-address-space: claimShared: Ask to claim region [0x3fbfc3000 0x3fbfca000]
07-17 02:41:20.755  1964  2595 D SmsNumberUtils: destAddr is not formatted.
07-17 02:41:20.760  1964  2595 D SmsNumberUtils: leave filterDestAddr, new destAddr="[BajqU4K5_YhSYbs-7QUn0dOwcmI]"
07-17 02:41:20.800   306   360 D goldfish-address-space: claimShared: Ask to claim region [0x3fbbef000 0x3fbc7b000]
07-17 02:41:20.866   741  1250 I OpenGLRenderer: Davey! duration=6342ms; Flags=1, IntendedVsync=826793215996, Vsync=828876549246, OldestInputEvent=9223372036854775807, NewestInputEvent=0, HandleInputStart=828905410298, AnimationStart=828905422540, PerformTraversalsStart=828907857461, DrawStart=832412161047, SyncQueued=832979925274, SyncStart=832992919850, IssueDrawCommandsStart=832997866800, SwapBuffers=833026663865, FrameCompleted=833148376755, DequeueBufferDuration=93164751, QueueBufferDuration=24718191, GpuCompleted=0,
07-17 02:41:20.957   741   948 D EglHelper: createEglContext start
07-17 02:41:20.992   741   948 D EGL_emulation: eglCreateContext: 0x7123b17b9c80: maj 3 min 0 rcv 3
07-17 02:41:20.992   741   948 D EglHelper: createEglContext done
07-17 02:41:20.993   741   948 D EglHelper: createEglSurface start
07-17 02:41:21.055   306   360 D goldfish-address-space: claimShared: Ask to claim region [0x3fa89b000 0x3fad76000]
07-17 02:41:21.081   741   948 D EglHelper: createEglSurface done
07-17 02:41:21.441  3339  3339 D GodotActivity: Project command line parameters: [--xr_mode_regular, --xr-mode, off, --fullscreen, --background_color, #000000]
07-17 02:41:21.489  3339  3339 D GodotActivity: Launch intent Intent { act=android.intent.action.MAIN cat=[android.intent.category.LAUNCHER] flg=0x10200000 cmp=com.jtripppiie.mooserush/com.godot.game.GodotAppLauncher } with parameters []
07-17 02:41:21.698   741   741 I Choreographer: Skipped 303 frames!  The application may be doing too much work on its main thread.
07-17 02:41:21.926   541   559 W Looper  : Drained
07-17 02:41:21.934   541   558 W Looper  : Slow dispatch took 492ms android.fg h=android.os.Handler c=<recycled PooledLambda@f32e129> m=0
07-17 02:41:21.962   541   559 W Looper  : Slow dispatch took 295ms android.ui h=com.android.server.am.ActivityManagerService$UiHandler c=null m=31
07-17 02:41:22.079   541   559 W Looper  : Slow delivery took 244ms android.ui h=com.android.server.am.ActivityManagerService$UiHandler c=null m=53
07-17 02:41:22.169  3339  3339 W ppiie.mooserus: Verification of void androidx.activity.OnBackPressedDispatcher.<init>(java.lang.Runnable, androidx.core.util.Consumer) took 111.958ms (705.62 bytecodes/s) (3184B approximate peak alloc)
07-17 02:41:22.409   306   360 D goldfish-address-space: claimShared: Ask to claim region [0x3fbab3000 0x3fbb63000]
07-17 02:41:22.668   306   360 D goldfish-address-space: claimShared: Ask to claim region [0x3fbc7b000 0x3fbd2b000]
07-17 02:41:22.773   741  1250 I OpenGLRenderer: Davey! duration=5935ms; Flags=1, IntendedVsync=828926549244, Vsync=833976549042, OldestInputEvent=9223372036854775807, NewestInputEvent=0, HandleInputStart=833981035627, AnimationStart=833981043071, PerformTraversalsStart=834028321944, DrawStart=834522911008, SyncQueued=834647780403, SyncStart=834831225989, IssueDrawCommandsStart=834832024711, SwapBuffers=834925685328, FrameCompleted=835045011625, DequeueBufferDuration=39800220, QueueBufferDuration=18754006, GpuCompleted=0,
07-17 02:41:22.788   541   559 W Looper  : Drained
07-17 02:41:23.099   306   360 D goldfish-address-space: claimShared: Ask to claim region [0x3fbbef000 0x3fbc7b000]
07-17 02:41:23.228  3339  3339 V GodotActivity: Creating new Godot fragment instance.
07-17 02:41:23.400   306   360 D goldfish-address-space: claimShared: Ask to claim region [0x3fbb63000 0x3fbbef000]
07-17 02:41:23.410   741  1250 I OpenGLRenderer: Davey! duration=6481ms; Flags=1, IntendedVsync=828926549244, Vsync=833976549042, OldestInputEvent=9223372036854775807, NewestInputEvent=0, HandleInputStart=833981035627, AnimationStart=833981043071, PerformTraversalsStart=834028321944, DrawStart=835280401797, SyncQueued=835318714855, SyncStart=835603144451, IssueDrawCommandsStart=835603499370, SwapBuffers=835618682775, FrameCompleted=835692500778, DequeueBufferDuration=58327129, QueueBufferDuration=11603957, GpuCompleted=0,
07-17 02:41:23.464   306   360 D goldfish-address-space: claimShared: Ask to claim region [0x3f934f000 0x3f982a000]
07-17 02:41:23.480   741   741 I Choreographer: Skipped 73 frames!  The application may be doing too much work on its main thread.
07-17 02:41:23.560   306   360 D goldfish-address-space: claimShared: Ask to claim region [0x3fbe6d000 0x3fbef9000]
07-17 02:41:23.632   741  1250 I OpenGLRenderer: Davey! duration=1365ms; Flags=0, IntendedVsync=834543215686, Vsync=835759882304, OldestInputEvent=9223372036854775807, NewestInputEvent=0, HandleInputStart=835763426938, AnimationStart=835763436374, PerformTraversalsStart=835763445768, DrawStart=835764289717, SyncQueued=835764530225, SyncStart=835770710247, IssueDrawCommandsStart=835770930218, SwapBuffers=835793705893, FrameCompleted=835914904119, DequeueBufferDuration=73531683, QueueBufferDuration=14313485, GpuCompleted=0,
07-17 02:41:24.084  3339  3339 V Godot   : Initializing Godot plugin registry
07-17 02:41:24.614  3339  3339 I GodotPluginRegistry: Registering runtime plugin AndroidRuntime
07-17 02:41:24.634  3339  3339 I GodotPluginRegistry: Initializing Godot plugin YouRushBridge
07-17 02:41:24.665  3339  3339 I GodotPluginRegistry: Completed initialization for Godot plugin YouRushBridge
07-17 02:41:24.682  3339  3339 V Godot   : InitEngine with params: [--xr_mode_regular, --xr-mode, off, --fullscreen, --background_color, #000000]
07-17 02:41:25.197  3339  3339 V Godot   : Godot native layer initialization completed: true
07-17 02:41:25.203  3339  3339 V Godot   : Setting up native layer with params: [--xr-mode, off, --fullscreen]
07-17 02:41:27.136   306   360 D goldfish-address-space: claimShared: Ask to claim region [0x3f934f000 0x3f9cf3000]
07-17 02:41:27.305   177   177 I hwservicemanager: getTransport: Cannot find entry android.hardware.graphics.mapper@4.0::IMapper/default in either framework or device manifest.
07-17 02:41:27.324  3367  3367 I Gralloc4: mapper 4.x is not supported
07-17 02:41:27.537  3367  3367 D HostConnection: createUnique: call
07-17 02:41:27.549  3367  3367 D HostConnection: HostConnection::get() New Host Connection established 0x79a56d815550, tid 3367
07-17 02:41:27.550  3367  3367 D goldfish-address-space: allocate: Ask for block of size 0x100
07-17 02:41:27.550  3367  3367 D goldfish-address-space: allocate: ioctl allocate returned offset 0x3f7ffe000 size 0x2000
07-17 02:41:27.721  3367  3367 D HostConnection: HostComposition ext ANDROID_EMU_CHECKSUM_HELPER_v1 ANDROID_EMU_native_sync_v2 ANDROID_EMU_dma_v1 ANDROID_EMU_direct_mem ANDROID_EMU_host_composition_v1 ANDROID_EMU_host_composition_v2 ANDROID_EMU_vulkan ANDROID_EMU_deferred_vulkan_commands ANDROID_EMU_vulkan_null_optional_strings ANDROID_EMU_vulkan_create_resources_with_requirements ANDROID_EMU_YUV_Cache ANDROID_EMU_vulkan_ignored_handles ANDROID_EMU_has_shared_slots_host_memory_allocator ANDROID_EMU_vulkan_free_memory_sync ANDROID_EMU_vulkan_shader_float16_int8 ANDROID_EMU_vulkan_async_queue_submit ANDROID_EMU_sync_buffer_data ANDROID_EMU_vulkan_async_qsri ANDROID_EMU_read_color_buffer_dma ANDROID_EMU_hwc_color_transform GL_OES_EGL_image_external_essl3 GL_OES_vertex_array_object GL_KHR_texture_compression_astc_ldr ANDROID_EMU_host_side_tracing ANDROID_EMU_gles_max_version_3_0
07-17 02:41:28.086  3339  3339 V Godot   : Godot native layer setup completed
