07-17 02:41:28.097  3339  3339 V Godot   : OnInitRenderView: GodotFragment{dcd3ee1} (71221735-4a07-4cc4-afcf-1e320eabd716 id=0x7f07002c)
07-17 02:41:28.410  3339  3339 D Godot   : Render view should be transparent: false
07-17 02:41:28.429  3339  3339 D Godot   : renderingDevice: opengl3 (ProjectSettings)
07-17 02:41:28.429  3339  3339 D Godot   : 			renderer: gl_compatibility (ProjectSettings)
07-17 02:41:28.829  3339  3353 W ppiie.mooserus: Suspending all threads took: 8.441ms
07-17 02:41:29.612  3339  3339 V Godot   : OnStart: GodotFragment{dcd3ee1} (71221735-4a07-4cc4-afcf-1e320eabd716 id=0x7f07002c)
07-17 02:41:29.677  3339  3339 V Godot   : OnResume: GodotFragment{dcd3ee1} (71221735-4a07-4cc4-afcf-1e320eabd716 id=0x7f07002c)
07-17 02:41:29.994  3339  3339 I Choreographer: Skipped 808 frames!  The application may be doing too much work on its main thread.
07-17 02:41:30.513   351  1127 W ServiceManager: Permission failure: android.permission.ACCESS_SURFACE_FLINGER from uid=10131 pid=3339
07-17 02:41:30.514   351  1127 D PermissionCache: checking android.permission.ACCESS_SURFACE_FLINGER for uid=10131 => denied (13000 us)
07-17 02:41:30.616  3339  3362 D HostConnection: HostConnection::get() New Host Connection established 0x7123c1772010, tid 3362
07-17 02:41:30.819  3339  3362 D HostConnection: HostComposition ext ANDROID_EMU_CHECKSUM_HELPER_v1 ANDROID_EMU_native_sync_v2 ANDROID_EMU_dma_v1 ANDROID_EMU_direct_mem ANDROID_EMU_host_composition_v1 ANDROID_EMU_host_composition_v2 ANDROID_EMU_vulkan ANDROID_EMU_deferred_vulkan_commands ANDROID_EMU_vulkan_null_optional_strings ANDROID_EMU_vulkan_create_resources_with_requirements ANDROID_EMU_YUV_Cache ANDROID_EMU_vulkan_ignored_handles ANDROID_EMU_has_shared_slots_host_memory_allocator ANDROID_EMU_vulkan_free_memory_sync ANDROID_EMU_vulkan_shader_float16_int8 ANDROID_EMU_vulkan_async_queue_submit ANDROID_EMU_sync_buffer_data ANDROID_EMU_vulkan_async_qsri ANDROID_EMU_read_color_buffer_dma ANDROID_EMU_hwc_color_transform GL_OES_EGL_image_external_essl3 GL_OES_vertex_array_object GL_KHR_texture_compression_astc_ldr ANDROID_EMU_host_side_tracing ANDROID_EMU_gles_max_version_3_0
07-17 02:41:30.852   177   177 I hwservicemanager: getTransport: Cannot find entry android.hardware.configstore@1.0::ISurfaceFlingerConfigs/default in either framework or device manifest.
07-17 02:41:30.869  3339  3374 D HostConnection: HostConnection::get() New Host Connection established 0x7123c1773f90, tid 3374
07-17 02:41:30.877  3339  3362 D EGL_emulation: eglCreateContext: 0x7123b18159b0: maj 3 min 0 rcv 3
07-17 02:41:30.891  3339  3362 D EGL_emulation: eglMakeCurrent: 0x7123b18159b0: ver 3 0 (tinfo 0x7123517d2a00) (first time)
07-17 02:41:31.072   306   360 D goldfish-address-space: claimShared: Ask to claim region [0x3fc9a4000 0x3fd348000]
07-17 02:41:31.098   177   177 I hwservicemanager: getTransport: Cannot find entry android.hardware.graphics.mapper@4.0::IMapper/default in either framework or device manifest.
07-17 02:41:31.106  3339  3362 I Gralloc4: mapper 4.x is not supported
07-17 02:41:31.143  3339  3374 D HostConnection: HostComposition ext ANDROID_EMU_CHECKSUM_HELPER_v1 ANDROID_EMU_native_sync_v2 ANDROID_EMU_dma_v1 ANDROID_EMU_direct_mem ANDROID_EMU_host_composition_v1 ANDROID_EMU_host_composition_v2 ANDROID_EMU_vulkan ANDROID_EMU_deferred_vulkan_commands ANDROID_EMU_vulkan_null_optional_strings ANDROID_EMU_vulkan_create_resources_with_requirements ANDROID_EMU_YUV_Cache ANDROID_EMU_vulkan_ignored_handles ANDROID_EMU_has_shared_slots_host_memory_allocator ANDROID_EMU_vulkan_free_memory_sync ANDROID_EMU_vulkan_shader_float16_int8 ANDROID_EMU_vulkan_async_queue_submit ANDROID_EMU_sync_buffer_data ANDROID_EMU_vulkan_async_qsri ANDROID_EMU_read_color_buffer_dma ANDROID_EMU_hwc_color_transform GL_OES_EGL_image_external_essl3 GL_OES_vertex_array_object GL_KHR_texture_compression_astc_ldr ANDROID_EMU_host_side_tracing ANDROID_EMU_gles_max_version_3_0
07-17 02:41:31.146  3339  3374 W RegularContextFactory: creating OpenGL ES 3.0 context :
07-17 02:41:31.173  3339  3374 D EGL_emulation: eglCreateContext: 0x7123b1816820: maj 3 min 0 rcv 3
07-17 02:41:31.181  3339  3339 W ppiie.mooserus: Long monitor contention with owner GLThread 326 (3374) at void org.godotengine.godot.gl.GLSurfaceView$GLThread.guardedRun()(GLSurfaceView.java:1533) waiters=0 in void org.godotengine.godot.gl.GLSurfaceView$GLThread.requestRenderAndNotify(java.lang.Runnable) for 568ms
07-17 02:41:31.202   306   360 D goldfish-address-space: claimShared: Ask to claim region [0x3fdcec000 0x3fe690000]
07-17 02:41:31.207  3339  3362 D HostConnection: createUnique: call
07-17 02:41:31.209  3339  3362 D HostConnection: HostConnection::get() New Host Connection established 0x7123c1773a50, tid 3362
07-17 02:41:31.209  3339  3362 D goldfish-address-space: allocate: Ask for block of size 0x100
07-17 02:41:31.210  3339  3362 D goldfish-address-space: allocate: ioctl allocate returned offset 0x3f7ffe000 size 0x2000
07-17 02:41:31.398  3339  3362 D HostConnection: HostComposition ext ANDROID_EMU_CHECKSUM_HELPER_v1 ANDROID_EMU_native_sync_v2 ANDROID_EMU_dma_v1 ANDROID_EMU_direct_mem ANDROID_EMU_host_composition_v1 ANDROID_EMU_host_composition_v2 ANDROID_EMU_vulkan ANDROID_EMU_deferred_vulkan_commands ANDROID_EMU_vulkan_null_optional_strings ANDROID_EMU_vulkan_create_resources_with_requirements ANDROID_EMU_YUV_Cache ANDROID_EMU_vulkan_ignored_handles ANDROID_EMU_has_shared_slots_host_memory_allocator ANDROID_EMU_vulkan_free_memory_sync ANDROID_EMU_vulkan_shader_float16_int8 ANDROID_EMU_vulkan_async_queue_submit ANDROID_EMU_sync_buffer_data ANDROID_EMU_vulkan_async_qsri ANDROID_EMU_read_color_buffer_dma ANDROID_EMU_hwc_color_transform GL_OES_EGL_image_external_essl3 GL_OES_vertex_array_object GL_KHR_texture_compression_astc_ldr ANDROID_EMU_host_side_tracing ANDROID_EMU_gles_max_version_3_0
07-17 02:41:31.425  3339  3374 D EGL_emulation: eglMakeCurrent: 0x7123b1816820: ver 3 0 (tinfo 0x712351799f40) (first time)
07-17 02:41:31.464  3339  3374 I godot   : Godot Engine v4.7.1.stable.official.a13da4feb - https://godotengine.org
07-17 02:41:31.884   306   360 D goldfish-address-space: claimShared: Ask to claim region [0x3fe690000 0x3ff034000]
07-17 02:41:32.226  3339  3362 I OpenGLRenderer: Davey! duration=15562ms; Flags=1, IntendedVsync=828801549249, Vsync=842268215377, OldestInputEvent=9223372036854775807, NewestInputEvent=0, HandleInputStart=842300566467, AnimationStart=842300632644, PerformTraversalsStart=842314671510, DrawStart=843780126675, SyncQueued=843837788604, SyncStart=843875304673, IssueDrawCommandsStart=843900735741, SwapBuffers=844006515285, FrameCompleted=844401993637, DequeueBufferDuration=12178828, QueueBufferDuration=62713783, GpuCompleted=0,
07-17 02:41:32.394  3339  3339 I Choreographer: Skipped 138 frames!  The application may be doing too much work on its main thread.
07-17 02:41:32.712  3339  3353 I ppiie.mooserus: Background young concurrent copying GC freed 943(166KB) AllocSpace objects, 0(0B) LOS objects, 10% free, 2311KB/2582KB, paused 45.025ms total 515.504ms
07-17 02:41:33.550   306   360 D goldfish-address-space: claimShared: Ask to claim region [0x3f4000000 0x3f49a4000]
07-17 02:41:33.631  3339  3362 I OpenGLRenderer: Davey! duration=3527ms; Flags=1, IntendedVsync=842359882040, Vsync=844659881948, OldestInputEvent=9223372036854775807, NewestInputEvent=0, HandleInputStart=844686493105, AnimationStart=844686519069, PerformTraversalsStart=844686537467, DrawStart=845522990504, SyncQueued=845571066015, SyncStart=845589948315, IssueDrawCommandsStart=845592355938, SwapBuffers=845692341063, FrameCompleted=845906546828, DequeueBufferDuration=133955108, QueueBufferDuration=37421124, GpuCompleted=0,
07-17 02:41:36.133  3339  3379 D ProfileInstaller: Installing profile for com.jtripppiie.mooserush
07-17 02:41:37.812  3339  3374 I godot   : 1:
07-17 02:41:37.813  3339  3374 E godot   : ERROR: SceneShaderGLES3: Program linking failed:
07-17 02:41:37.813  3339  3374 E godot   : Fragment shader active uniforms exceed GL_MAX_FRAGMENT_UNIFORM_VECTORS (261)
07-17 02:41:37.813  3339  3374 E godot   :
07-17 02:41:37.813  3339  3374 E godot   :    at: _display_error_with_code (drivers/gles3/shader_gles3.cpp:262)
07-17 02:41:37.823  3339  3374 E godot   : ERROR: Method/function failed.
07-17 02:41:37.823  3339  3374 E godot   :    at: _compile_specialization (drivers/gles3/shader_gles3.cpp:464)
07-17 02:41:37.899  3339  3374 I godot   : 1:
07-17 02:41:37.900  3339  3374 E godot   : ERROR: SceneShaderGLES3: Program linking failed:
07-17 02:41:37.900  3339  3374 E godot   : Fragment shader active uniforms exceed GL_MAX_FRAGMENT_UNIFORM_VECTORS (261)
07-17 02:41:37.900  3339  3374 E godot   :
07-17 02:41:37.900  3339  3374 E godot   :    at: _display_error_with_code (drivers/gles3/shader_gles3.cpp:262)
07-17 02:41:37.900  3339  3374 E godot   : ERROR: Method/function failed.
07-17 02:41:37.901  3339  3374 E godot   :    at: _compile_specialization (drivers/gles3/shader_gles3.cpp:464)
07-17 02:41:37.957  3339  3374 I godot   : 1:
07-17 02:41:37.957  3339  3374 E godot   : ERROR: SceneShaderGLES3: Program linking failed:
07-17 02:41:37.957  3339  3374 E godot   : Fragment shader active uniforms exceed GL_MAX_FRAGMENT_UNIFORM_VECTORS (261)
07-17 02:41:37.957  3339  3374 E godot   :
07-17 02:41:37.958  3339  3374 E godot   :    at: _display_error_with_code (drivers/gles3/shader_gles3.cpp:262)
07-17 02:41:37.958  3339  3374 E godot   : ERROR: Method/function failed.
07-17 02:41:37.958  3339  3374 E godot   :    at: _compile_specialization (drivers/gles3/shader_gles3.cpp:464)
07-17 02:41:38.018  3339  3374 I godot   : 1:
07-17 02:41:38.023  3339  3374 E godot   : ERROR: SceneShaderGLES3: Program linking failed:
07-17 02:41:38.023  3339  3374 E godot   : Fragment shader active uniforms exceed GL_MAX_FRAGMENT_UNIFORM_VECTORS (261)
07-17 02:41:38.023  3339  3374 E godot   :
07-17 02:41:38.024  3339  3374 E godot   :    at: _display_error_with_code (drivers/gles3/shader_gles3.cpp:262)
07-17 02:41:38.024  3339  3374 E godot   : ERROR: Method/function failed.
07-17 02:41:38.024  3339  3374 E godot   :    at: _compile_specialization (drivers/gles3/shader_gles3.cpp:464)
07-17 02:41:38.035  3339  3374 E godot   : ERROR: Condition "p_size < 0" is true. Returning: ERR_INVALID_PARAMETER
07-17 02:41:38.036  3339  3374 E godot   :    at: resize (./core/templates/cowdata.h:404)
07-17 02:41:38.037  3339  3374 E godot   : ERROR: Condition "p_size < 0" is true. Returning: ERR_INVALID_PARAMETER
07-17 02:41:38.037  3339  3374 E godot   :    at: resize (./core/templates/cowdata.h:404)
07-17 02:41:38.038  3339  3374 E godot   : ERROR: Condition "p_size < 0" is true. Returning: ERR_INVALID_PARAMETER
07-17 02:41:38.051  3339  3374 E godot   :    at: resize (./core/templates/cowdata.h:404)
07-17 02:41:38.052  3339  3374 E godot   : WARNING: shader failed to compile, unable to bind shader.
07-17 02:41:38.053  3339  3374 E godot   :    at: _version_bind_shader (./drivers/gles3/shader_gles3.h:215)
07-17 02:41:38.204  3339  3374 I godot   : OpenGL API OpenGL ES 3.0 (OpenGL ES 3.0 SwiftShader 4.0.0.1) - Compatibility - Using Device: Google (Google Inc.) - Android Emulator OpenGL ES Translator (Google SwiftShader)
07-17 02:41:38.293  3339  3374 D ppiie.mooserus: PlayerBase::PlayerBase()
07-17 02:41:38.360  3339  3374 D ppiie.mooserus: TrackPlayerBase::TrackPlayerBase()
07-17 02:41:38.375  3339  3374 I libOpenSLES: Emulating old channel mask behavior (ignoring positional mask 0x3, using default mask 0x3 based on channel count of 2)
07-17 02:41:38.442   541  1023 I system_server: oneway function results will be dropped but finished with status OK and parcel size 4
07-17 02:41:38.457   541  1023 I system_server: oneway function results will be dropped but finished with status OK and parcel size 4
07-17 02:41:38.484   541   766 I system_server: oneway function results will be dropped but finished with status OK and parcel size 4
07-17 02:41:38.485   541   766 I system_server: oneway function results will be dropped but finished with status OK and parcel size 4
07-17 02:41:38.546   401  1649 W AudioFlinger: createTrack_l(): mismatch between requested flags (00000104) and output flags (00000002)
07-17 02:41:38.568   401  1649 D AudioFlinger: Client defaulted notificationFrames to 882 for frameCount 1956
07-17 02:41:38.641   401  1649 D AF::TrackHandle: OpPlayAudio: track:56 usage:1 not muted
07-17 02:41:38.716  3339  3374 D AudioTrack: createTrack_l(104): AUDIO_OUTPUT_FLAG_FAST denied by server; frameCount 0 -> 1956
07-17 02:41:38.975   401  1636 W APM::AudioPolicyEngine: getDevicesForStrategy() unknown strategy: -1
07-17 02:41:38.975   401  1636 W APM::AudioPolicyEngine: getDevicesForStrategy() unknown strategy: -1
07-17 02:41:39.008  3339  3374 I godot   :
07-17 02:41:39.146   541  1023 I system_server: oneway function results will be dropped but finished with status OK and parcel size 4
07-17 02:41:39.167   401   471 D AudioFlinger: mixer(0x73e5baba1040) throttle end: throttle time(1)
07-17 02:41:39.454   401   471 D AudioFlinger: mixer(0x73e5baba1040) throttle end: throttle time(3)
07-17 02:41:39.621   401   471 D AudioFlinger: mixer(0x73e5baba1040) throttle end: throttle time(4)
07-17 02:41:39.782  3384  3386 I cmd     : oneway function results will be dropped but finished with status OK and parcel size 4
07-17 02:41:39.848   401   471 D AudioFlinger: mixer(0x73e5baba1040) throttle end: throttle time(2)
07-17 02:41:40.012   401   471 D AudioFlinger: mixer(0x73e5baba1040) throttle end: throttle time(16)
07-17 02:41:40.043   401   471 D AudioFlinger: mixer(0x73e5baba1040) throttle end: throttle time(4)
07-17 02:41:40.072   401   471 D AudioFlinger: mixer(0x73e5baba1040) throttle end: throttle time(3)
07-17 02:41:40.119   401   471 D AudioFlinger: mixer(0x73e5baba1040) throttle end: throttle time(4)
07-17 02:41:40.171   401   471 D AudioFlinger: mixer(0x73e5baba1040) throttle end: throttle time(2)
07-17 02:41:40.347   401   471 D AudioFlinger: mixer(0x73e5baba1040) throttle end: throttle time(24)
07-17 02:41:40.446   292  3157 W android.hardware.audio.service.ranchu: TinyalsaSink::write:125 pcm_write was late reading frames, dropping 22131 us of audio
07-17 02:41:40.458   401   471 D AudioFlinger: mixer(0x73e5baba1040) throttle end: throttle time(3)
07-17 02:41:40.477   292  3157 W android.hardware.audio.service.ranchu: TinyalsaSink::write:125 pcm_write was late reading frames, dropping 22131 us of audio
07-17 02:41:40.503   292  3157 W android.hardware.audio.service.ranchu: TinyalsaSink::write:125 pcm_write was late reading frames, dropping 22131 us of audio
07-17 02:41:40.507   401   471 D AudioFlinger: mixer(0x73e5baba1040) throttle end: throttle time(5)
07-17 02:41:40.526   292  3157 W android.hardware.audio.service.ranchu: TinyalsaSink::write:125 pcm_write was late reading frames, dropping 22131 us of audio
07-17 02:41:40.562   292  3157 I chatty  : uid=1041(audioserver) HwBinder:292_3 identical 1 line
07-17 02:41:40.583   292  3157 W android.hardware.audio.service.ranchu: TinyalsaSink::write:125 pcm_write was late reading frames, dropping 22131 us of audio
07-17 02:41:40.726   401   471 D AudioFlinger: mixer(0x73e5baba1040) throttle end: throttle time(2)
07-17 02:41:41.011   401   471 D AudioFlinger: mixer(0x73e5baba1040) throttle end: throttle time(2)
07-17 02:41:41.070   292  3157 W android.hardware.audio.service.ranchu: TinyalsaSink::write:125 pcm_write was late reading frames, dropping 22131 us of audio
07-17 02:41:41.083   401   471 D AudioFlinger: mixer(0x73e5baba1040) throttle end: throttle time(5)
07-17 02:41:41.182   292  3157 W android.hardware.audio.service.ranchu: TinyalsaSink::write:125 pcm_write was late reading frames, dropping 22131 us of audio
07-17 02:41:41.204   292  3157 I chatty  : uid=1041(audioserver) HwBinder:292_3 identical 2 lines
07-17 02:41:41.222   292  3157 W android.hardware.audio.service.ranchu: TinyalsaSink::write:125 pcm_write was late reading frames, dropping 22131 us of audio
07-17 02:41:41.223   401   471 D AudioFlinger: mixer(0x73e5baba1040) throttle end: throttle time(7)
07-17 02:41:41.229   292  3157 W android.hardware.audio.service.ranchu: TinyalsaSink::write:125 pcm_write was late reading frames, dropping 22131 us of audio
07-17 02:41:41.259   292  3157 I chatty  : uid=1041(audioserver) HwBinder:292_3 identical 2 lines
07-17 02:41:41.279   292  3157 W android.hardware.audio.service.ranchu: TinyalsaSink::write:125 pcm_write was late reading frames, dropping 22131 us of audio
07-17 02:41:41.280   401   471 D AudioFlinger: mixer(0x73e5baba1040) throttle end: throttle time(13)
07-17 02:41:41.288   292  3157 W android.hardware.audio.service.ranchu: TinyalsaSink::write:125 pcm_write was late reading frames, dropping 22131 us of audio
07-17 02:41:41.311   401   471 D AudioFlinger: mixer(0x73e5baba1040) throttle end: throttle time(1)
07-17 02:41:41.330   292  3157 W android.hardware.audio.service.ranchu: TinyalsaSink::write:125 pcm_write was late reading frames, dropping 22131 us of audio
07-17 02:41:41.344   292  3157 W android.hardware.audio.service.ranchu: TinyalsaSink::write:125 pcm_write was late reading frames, dropping 22131 us of audio
07-17 02:41:41.348   541  1693 I system_server: oneway function results will be dropped but finished with status OK and parcel size 4
07-17 02:41:41.375   401   471 D AudioFlinger: mixer(0x73e5baba1040) throttle end: throttle time(2)
07-17 02:41:41.407   292  3157 W android.hardware.audio.service.ranchu: TinyalsaSink::write:125 pcm_write was late reading frames, dropping 22131 us of audio
07-17 02:41:41.407   401   471 D AudioFlinger: mixer(0x73e5baba1040) throttle end: throttle time(1)
07-17 02:41:41.418   292  3157 W android.hardware.audio.service.ranchu: TinyalsaSink::write:125 pcm_write was late reading frames, dropping 22131 us of audio
07-17 02:41:41.522   292  3157 I chatty  : uid=1041(audioserver) HwBinder:292_3 identical 3 lines
07-17 02:41:41.538   292  3157 W android.hardware.audio.service.ranchu: TinyalsaSink::write:125 pcm_write was late reading frames, dropping 22131 us of audio
07-17 02:41:41.584  3389  3391 I cmd     : oneway function results will be dropped but finished with status OK and parcel size 4
07-17 02:41:41.617   401   471 D AudioFlinger: mixer(0x73e5baba1040) throttle end: throttle time(34)
07-17 02:41:41.628   292  3157 W android.hardware.audio.service.ranchu: TinyalsaSink::write:125 pcm_write was late reading frames, dropping 22131 us of audio
07-17 02:41:41.787   292  3157 I chatty  : uid=1041(audioserver) HwBinder:292_3 identical 4 lines
07-17 02:41:41.810   292  3157 W android.hardware.audio.service.ranchu: TinyalsaSink::write:125 pcm_write was late reading frames, dropping 22131 us of audio
07-17 02:41:41.812   401   471 D AudioFlinger: mixer(0x73e5baba1040) throttle end: throttle time(21)
07-17 02:41:41.839   292  3157 W android.hardware.audio.service.ranchu: TinyalsaSink::write:125 pcm_write was late reading frames, dropping 22131 us of audio
07-17 02:41:42.020   292  3157 I chatty  : uid=1041(audioserver) HwBinder:292_3 identical 6 lines
07-17 02:41:42.077   292  3157 W android.hardware.audio.service.ranchu: TinyalsaSink::write:125 pcm_write was late reading frames, dropping 22131 us of audio
07-17 02:41:42.100   401   471 D AudioFlinger: mixer(0x73e5baba1040) throttle end: throttle time(24)
07-17 02:41:42.105   292  3157 W android.hardware.audio.service.ranchu: TinyalsaSink::write:125 pcm_write was late reading frames, dropping 22131 us of audio
07-17 02:41:42.205   401   471 D AudioFlinger: mixer(0x73e5baba1040) throttle end: throttle time(19)
07-17 02:41:42.264   401   471 D AudioFlinger: mixer(0x73e5baba1040) throttle end: throttle time(10)
07-17 02:41:42.271   292  3157 W android.hardware.audio.service.ranchu: TinyalsaSink::write:125 pcm_write was late reading frames, dropping 22131 us of audio
07-17 02:41:42.296   401   471 D AudioFlinger: mixer(0x73e5baba1040) throttle end: throttle time(4)
07-17 02:41:42.339   292  3157 W android.hardware.audio.service.ranchu: TinyalsaSink::write:125 pcm_write was late reading frames, dropping 22131 us of audio
07-17 02:41:42.353   292  3157 I chatty  : uid=1041(audioserver) HwBinder:292_3 identical 1 line
07-17 02:41:42.407   292  3157 W android.hardware.audio.service.ranchu: TinyalsaSink::write:125 pcm_write was late reading frames, dropping 22131 us of audio
07-17 02:41:42.408   401   471 D AudioFlinger: mixer(0x73e5baba1040) throttle end: throttle time(11)
07-17 02:41:42.435   292  3157 W android.hardware.audio.service.ranchu: TinyalsaSink::write:125 pcm_write was late reading frames, dropping 22131 us of audio
07-17 02:41:42.492   292  3157 W android.hardware.audio.service.ranchu: TinyalsaSink::write:125 pcm_write was late reading frames, dropping 22131 us of audio
07-17 02:41:42.493   401   471 D AudioFlinger: mixer(0x73e5baba1040) throttle end: throttle time(10)
07-17 02:41:42.501   292  3157 W android.hardware.audio.service.ranchu: TinyalsaSink::write:125 pcm_write was late reading frames, dropping 22131 us of audio
07-17 02:41:42.560   401   471 D AudioFlinger: mixer(0x73e5baba1040) throttle end: throttle time(12)
07-17 02:41:42.648   401   471 D AudioFlinger: mixer(0x73e5baba1040) throttle end: throttle time(7)
07-17 02:41:42.695   401   471 D AudioFlinger: mixer(0x73e5baba1040) throttle end: throttle time(2)
07-17 02:41:42.752   401   471 D AudioFlinger: mixer(0x73e5baba1040) throttle end: throttle time(13)
07-17 02:41:42.769   292  3157 W android.hardware.audio.service.ranchu: TinyalsaSink::write:125 pcm_write was late reading frames, dropping 22131 us of audio
07-17 02:41:42.853   401   471 D AudioFlinger: mixer(0x73e5baba1040) throttle end: throttle time(19)
07-17 02:41:42.895   292  3157 W android.hardware.audio.service.ranchu: TinyalsaSink::write:125 pcm_write was late reading frames, dropping 22131 us of audio
07-17 02:41:42.907   401   471 D AudioFlinger: mixer(0x73e5baba1040) throttle end: throttle time(1)
07-17 02:41:42.929   292  3157 W android.hardware.audio.service.ranchu: TinyalsaSink::write:125 pcm_write was late reading frames, dropping 22131 us of audio
07-17 02:41:43.029   401   471 D AudioFlinger: mixer(0x73e5baba1040) throttle end: throttle time(31)
07-17 02:41:43.113   292  3157 W android.hardware.audio.service.ranchu: TinyalsaSink::write:125 pcm_write was late reading frames, dropping 22131 us of audio
07-17 02:41:43.115   401   471 D AudioFlinger: mixer(0x73e5baba1040) throttle end: throttle time(7)
07-17 02:41:43.124   292  3157 W android.hardware.audio.service.ranchu: TinyalsaSink::write:125 pcm_write was late reading frames, dropping 22131 us of audio
07-17 02:41:43.144   292  3157 W android.hardware.audio.service.ranchu: TinyalsaSink::write:125 pcm_write was late reading frames, dropping 22131 us of audio
07-17 02:41:43.187   401   471 D AudioFlinger: mixer(0x73e5baba1040) throttle end: throttle time(4)
07-17 02:41:43.234   292  3157 W android.hardware.audio.service.ranchu: TinyalsaSink::write:125 pcm_write was late reading frames, dropping 22131 us of audio
07-17 02:41:43.287   401   471 D AudioFlinger: mixer(0x73e5baba1040) throttle end: throttle time(8)
07-17 02:41:43.300   292  3157 W android.hardware.audio.service.ranchu: TinyalsaSink::write:125 pcm_write was late reading frames, dropping 22131 us of audio
07-17 02:41:43.354   292  3157 I chatty  : uid=1041(audioserver) HwBinder:292_3 identical 2 lines
07-17 02:41:43.369   292  3157 W android.hardware.audio.service.ranchu: TinyalsaSink::write:125 pcm_write was late reading frames, dropping 22131 us of audio
07-17 02:41:43.371   401   471 D AudioFlinger: mixer(0x73e5baba1040) throttle end: throttle time(8)
07-17 02:41:43.380   292  3157 W android.hardware.audio.service.ranchu: TinyalsaSink::write:125 pcm_write was late reading frames, dropping 22131 us of audio
07-17 02:41:43.403   292  3157 W android.hardware.audio.service.ranchu: TinyalsaSink::write:125 pcm_write was late reading frames, dropping 22131 us of audio
07-17 02:41:43.405   401   471 D AudioFlinger: mixer(0x73e5baba1040) throttle end: throttle time(1)
07-17 02:41:43.439   292  3157 W android.hardware.audio.service.ranchu: TinyalsaSink::write:125 pcm_write was late reading frames, dropping 22131 us of audio
07-17 02:41:43.511   292  3157 I chatty  : uid=1041(audioserver) HwBinder:292_3 identical 4 lines
07-17 02:41:43.549   292  3157 W android.hardware.audio.service.ranchu: TinyalsaSink::write:125 pcm_write was late reading frames, dropping 22131 us of audio
07-17 02:41:43.568   401   471 D AudioFlinger: mixer(0x73e5baba1040) throttle end: throttle time(19)
07-17 02:41:43.573   292  3157 W android.hardware.audio.service.ranchu: TinyalsaSink::write:125 pcm_write was late reading frames, dropping 22131 us of audio
07-17 02:41:43.654   401   471 D AudioFlinger: mixer(0x73e5baba1040) throttle end: throttle time(17)
07-17 02:41:43.750   292  3157 W android.hardware.audio.service.ranchu: TinyalsaSink::write:125 pcm_write was late reading frames, dropping 22131 us of audio
07-17 02:41:43.762   292  3157 I chatty  : uid=1041(audioserver) HwBinder:292_3 identical 1 line
07-17 02:41:43.790   292  3157 W android.hardware.audio.service.ranchu: TinyalsaSink::write:125 pcm_write was late reading frames, dropping 22131 us of audio
07-17 02:41:43.800   401   471 D AudioFlinger: mixer(0x73e5baba1040) throttle end: throttle time(5)
07-17 02:41:43.833   292  3157 W android.hardware.audio.service.ranchu: TinyalsaSink::write:125 pcm_write was late reading frames, dropping 22131 us of audio
07-17 02:41:43.837   401   471 D AudioFlinger: mixer(0x73e5baba1040) throttle end: throttle time(4)
07-17 02:41:43.857   292  3157 W android.hardware.audio.service.ranchu: TinyalsaSink::write:125 pcm_write was late reading frames, dropping 22131 us of audio
07-17 02:41:43.878   292  3157 W android.hardware.audio.service.ranchu: TinyalsaSink::write:125 pcm_write was late reading frames, dropping 22131 us of audio
07-17 02:41:43.883   401   471 D AudioFlinger: mixer(0x73e5baba1040) throttle end: throttle time(5)
07-17 02:41:43.928   292  3157 W android.hardware.audio.service.ranchu: TinyalsaSink::write:125 pcm_write was late reading frames, dropping 22131 us of audio
07-17 02:41:44.542   292  3157 W android.hardware.audio.service.ranchu: TinyalsaSink::write:125 pcm_write was late reading frames, dropping 22131 us of audio
07-17 02:41:46.410   306   360 D goldfish-address-space: claimShared: Ask to claim region [0x3f49a4000 0x3f5348000]
07-17 02:41:47.071   306   360 D goldfish-address-space: claimShared: Ask to claim region [0x3f5348000 0x3f5cec000]
07-17 02:41:47.143   541   568 D ArtManagerInternalImpl: /data/misc/iorapd/com.jtripppiie.mooserush/532/com.godot.game.GodotAppLauncher/compiled_traces/compiled_trace.pb doesn't exist
07-17 02:41:47.254   541   568 I ActivityTaskManager: Displayed com.jtripppiie.mooserush/com.godot.game.GodotAppLauncher: +38s56ms
07-17 02:41:47.320   541   561 D EventSequenceValidator: dec AccIntentStartedEvents to 1
07-17 02:41:47.741   401   471 D AudioFlinger: mixer(0x73e5baba1040) throttle end: throttle time(37)
07-17 02:41:47.855   401   471 D AudioFlinger: mixer(0x73e5baba1040) throttle end: throttle time(19)
07-17 02:41:48.031   401   471 D AudioFlinger: mixer(0x73e5baba1040) throttle end: throttle time(18)
07-17 02:41:48.120   541   561 W system_server: Long monitor contention with owner android.anim (562) at void com.android.server.wm.SurfaceAnimator.lambda$getFinishedCallback$1$SurfaceAnimator(com.android.server.wm.SurfaceAnimator$OnAnimationFinishedCallback, int, com.android.server.wm.AnimationAdapter)(SurfaceAnimator.java:118) waiters=0 in void com.android.server.wm.WindowManagerService$H.handleMessage(android.os.Message) for 166ms
07-17 02:41:48.155   401   471 D AudioFlinger: mixer(0x73e5baba1040) throttle end: throttle time(7)
07-17 02:41:48.345   401   471 D AudioFlinger: mixer(0x73e5baba1040) throttle end: throttle time(5)
07-17 02:41:48.445   401   471 D AudioFlinger: mixer(0x73e5baba1040) throttle end: throttle time(1)
07-17 02:41:48.564   426   620 E IPCThreadState: binder thread pool (1 threads) starved for 1201 ms
07-17 02:41:48.637   401   471 D AudioFlinger: mixer(0x73e5baba1040) throttle end: throttle time(3)
07-17 02:41:48.660   426  3334 I iorapd  : Perfetto TraceBuffer saved to file: /data/misc/iorapd/com.jtripppiie.mooserush/532/com.godot.game.GodotAppLauncher/raw_traces/1784270508523387385.perfetto_trace.pb
07-17 02:41:48.687   401   471 D AudioFlinger: mixer(0x73e5baba1040) throttle end: throttle time(1)
07-17 02:41:48.724   401   471 D AudioFlinger: mixer(0x73e5baba1040) throttle end: throttle time(3)
07-17 02:41:48.772   401   471 D AudioFlinger: mixer(0x73e5baba1040) throttle end: throttle time(4)
07-17 02:41:48.860   401   471 D AudioFlinger: mixer(0x73e5baba1040) throttle end: throttle time(4)
07-17 02:41:48.945   401   471 D AudioFlinger: mixer(0x73e5baba1040) throttle end: throttle time(8)
07-17 02:41:49.007   401   471 D AudioFlinger: mixer(0x73e5baba1040) throttle end: throttle time(7)
07-17 02:41:49.025   292  3157 W android.hardware.audio.service.ranchu: TinyalsaSink::write:125 pcm_write was late reading frames, dropping 22131 us of audio
07-17 02:41:49.032   401   471 D AudioFlinger: mixer(0x73e5baba1040) throttle end: throttle time(1)
07-17 02:41:49.085   292  3157 W android.hardware.audio.service.ranchu: TinyalsaSink::write:125 pcm_write was late reading frames, dropping 22131 us of audio
07-17 02:41:49.091   401   471 D AudioFlinger: mixer(0x73e5baba1040) throttle end: throttle time(4)
07-17 02:41:49.126   292  3157 W android.hardware.audio.service.ranchu: TinyalsaSink::write:125 pcm_write was late reading frames, dropping 22131 us of audio
07-17 02:41:49.191   401   471 D AudioFlinger: mixer(0x73e5baba1040) throttle end: throttle time(1)
07-17 02:41:49.260   292  3157 W android.hardware.audio.service.ranchu: TinyalsaSink::write:125 pcm_write was late reading frames, dropping 22131 us of audio
07-17 02:41:49.290   292  3157 W android.hardware.audio.service.ranchu: TinyalsaSink::write:125 pcm_write was late reading frames, dropping 22131 us of audio
07-17 02:41:49.319   401   471 D AudioFlinger: mixer(0x73e5baba1040) throttle end: throttle time(1)
07-17 02:41:49.336   292  3157 W android.hardware.audio.service.ranchu: TinyalsaSink::write:125 pcm_write was late reading frames, dropping 22131 us of audio
07-17 02:41:49.366   292  3157 I chatty  : uid=1041(audioserver) HwBinder:292_3 identical 1 line
07-17 02:41:49.401   292  3157 W android.hardware.audio.service.ranchu: TinyalsaSink::write:125 pcm_write was late reading frames, dropping 22131 us of audio
07-17 02:41:49.402   401   471 D AudioFlinger: mixer(0x73e5baba1040) throttle end: throttle time(2)
07-17 02:41:49.437   292  3157 W android.hardware.audio.service.ranchu: TinyalsaSink::write:125 pcm_write was late reading frames, dropping 22131 us of audio
07-17 02:41:49.462   292  3157 W android.hardware.audio.service.ranchu: TinyalsaSink::write:125 pcm_write was late reading frames, dropping 22131 us of audio
07-17 02:41:49.470  3339  3353 I ppiie.mooserus: Background young concurrent copying GC freed 955(135KB) AllocSpace objects, 0(0B) LOS objects, 7% free, 2395KB/2582KB, paused 2.609ms total 331.593ms
07-17 02:41:49.515   401   471 D AudioFlinger: mixer(0x73e5baba1040) throttle end: throttle time(7)
07-17 02:41:49.534   292  3157 W android.hardware.audio.service.ranchu: TinyalsaSink::write:125 pcm_write was late reading frames, dropping 22131 us of audio
07-17 02:41:49.574   292  3157 W android.hardware.audio.service.ranchu: TinyalsaSink::write:125 pcm_write was late reading frames, dropping 22131 us of audio
07-17 02:41:49.577   401   471 D AudioFlinger: mixer(0x73e5baba1040) throttle end: throttle time(10)
07-17 02:41:49.632   292  3157 W android.hardware.audio.service.ranchu: TinyalsaSink::write:125 pcm_write was late reading frames, dropping 22131 us of audio
07-17 02:41:49.678   292  3157 I chatty  : uid=1041(audioserver) HwBinder:292_3 identical 2 lines
07-17 02:41:49.707   292  3157 W android.hardware.audio.service.ranchu: TinyalsaSink::write:125 pcm_write was late reading frames, dropping 22131 us of audio
07-17 02:41:49.710   401   471 D AudioFlinger: mixer(0x73e5baba1040) throttle end: throttle time(2)
07-17 02:41:49.730  3339  3353 I ppiie.mooserus: Background young concurrent copying GC freed 1368(118KB) AllocSpace objects, 0(0B) LOS objects, 6% free, 2406KB/2582KB, paused 2.671ms total 156.119ms
07-17 02:41:49.770   401   471 D AudioFlinger: mixer(0x73e5baba1040) throttle end: throttle time(1)
07-17 02:41:49.898  3339  3353 I ppiie.mooserus: Background young concurrent copying GC freed 1186(110KB) AllocSpace objects, 0(0B) LOS objects, 7% free, 2392KB/2582KB, paused 1.075ms total 101.801ms
07-17 02:41:50.215   292  3157 W android.hardware.audio.service.ranchu: TinyalsaSink::write:125 pcm_write was late reading frames, dropping 22131 us of audio
07-17 02:41:50.310  3339  3353 I ppiie.mooserus: Background young concurrent copying GC freed 1226(111KB) AllocSpace objects, 0(0B) LOS objects, 7% free, 2389KB/2582KB, paused 5.907ms total 124.431ms
07-17 02:41:50.318   292  3157 W android.hardware.audio.service.ranchu: TinyalsaSink::write:125 pcm_write was late reading frames, dropping 22131 us of audio
07-17 02:41:51.002  3339  3353 I ppiie.mooserus: Background young concurrent copying GC freed 888(86KB) AllocSpace objects, 0(0B) LOS objects, 6% free, 2415KB/2582KB, paused 1.872ms total 114.630ms
07-17 02:41:51.457  3339  3353 I ppiie.mooserus: Background young concurrent copying GC freed 664(54KB) AllocSpace objects, 0(0B) LOS objects, 4% free, 2476KB/2582KB, paused 2.044ms total 197.041ms
07-17 02:41:51.915   292  3157 W android.hardware.audio.service.ranchu: TinyalsaSink::write:125 pcm_write was late reading frames, dropping 22131 us of audio
07-17 02:41:51.965  3339  3353 I ppiie.mooserus: Background concurrent copying GC freed 3656(308KB) AllocSpace objects, 0(0B) LOS objects, 49% free, 2361KB/4723KB, paused 3.281ms total 496.286ms
07-17 02:41:54.460   401   471 D AudioFlinger: mixer(0x73e5baba1040) throttle end: throttle time(4)
07-17 02:41:55.703  3339  3353 I ppiie.mooserus: Background young concurrent copying GC freed 27080(2106KB) AllocSpace objects, 2(44KB) LOS objects, 47% free, 2465KB/4723KB, paused 2.630ms total 139.619ms
07-17 02:41:56.156   534   534 E wifi_forwarder: qemu_pipe_open_ns:62: Could not connect to the 'pipe:qemud:wififorward' service: Invalid argument
07-17 02:41:56.159   534   534 E wifi_forwarder: RemoteConnection failed to initialize: RemoteConnection failed to open pipe
07-17 02:41:56.518   401   471 D AudioFlinger: mixer(0x73e5baba1040) throttle end: throttle time(1)
07-17 02:41:57.089   401   471 D AudioFlinger: mixer(0x73e5baba1040) throttle end: throttle time(2)
07-17 02:41:57.310   532   532 E netmgr  : qemu_pipe_open_ns:62: Could not connect to the 'pipe:qemud:network' service: Invalid argument
07-17 02:41:57.319   532   532 E netmgr  : Failed to open QEMU pipe 'qemud:network': Invalid argument
07-17 02:41:57.489   401   471 D AudioFlinger: mixer(0x73e5baba1040) throttle end: throttle time(1)
07-17 02:41:57.963   401   471 D AudioFlinger: mixer(0x73e5baba1040) throttle end: throttle time(6)
07-17 02:41:58.007  3339  3353 I ppiie.mooserus: Background young concurrent copying GC freed 15493(1511KB) AllocSpace objects, 2(332KB) LOS objects, 36% free, 3004KB/4723KB, paused 1.673ms total 298.692ms
07-17 02:41:59.899  3339  3353 I ppiie.mooserus: Background young concurrent copying GC freed 17046(1702KB) AllocSpace objects, 0(0B) LOS objects, 33% free, 3145KB/4723KB, paused 1.531ms total 164.390ms
07-17 02:42:00.102   292  3157 W android.hardware.audio.service.ranchu: TinyalsaSink::write:125 pcm_write was late reading frames, dropping 22131 us of audio
07-17 02:42:00.134   741   741 D KeyguardClockSwitch: Updating clock: 242
07-17 02:42:00.239   401   471 D AudioFlinger: mixer(0x73e5baba1040) throttle end: throttle time(7)
07-17 02:42:00.347   401   471 D AudioFlinger: mixer(0x73e5baba1040) throttle end: throttle time(10)
07-17 02:42:00.495   306   360 D goldfish-address-space: claimShared: Ask to claim region [0x3f5cec000 0x3f5d9c000]
07-17 02:42:00.727   401   471 D AudioFlinger: mixer(0x73e5baba1040) throttle end: throttle time(1)
07-17 02:42:00.817   401   471 D AudioFlinger: mixer(0x73e5baba1040) throttle end: throttle time(12)
07-17 02:42:00.854   401   471 D AudioFlinger: mixer(0x73e5baba1040) throttle end: throttle time(5)
07-17 02:42:00.975   401   471 D AudioFlinger: mixer(0x73e5baba1040) throttle end: throttle time(22)
07-17 02:42:01.737   401   471 D AudioFlinger: mixer(0x73e5baba1040) throttle end: throttle time(3)
07-17 02:42:02.621   401   471 D AudioFlinger: mixer(0x73e5baba1040) throttle end: throttle time(3)
07-17 02:42:04.397  3339  3374 V Godot   : OnGodotSetupCompleted
07-17 02:42:05.007   401   471 D AudioFlinger: mixer(0x73e5baba1040) throttle end: throttle time(5)
07-17 02:42:05.061  3339  3374 E godot   : WARNING: Nodes with non-equal opposite anchors will have their size overridden after _ready().
07-17 02:42:05.061  3339  3374 E godot   : If you want to set size, change the anchors or consider using set_deferred().
07-17 02:42:05.062  3339  3374 E godot   :    at: _set_size (scene/gui/control.cpp:1519)
07-17 02:42:05.072   401   471 D AudioFlinger: mixer(0x73e5baba1040) throttle end: throttle time(3)
07-17 02:42:05.072  3339  3374 E godot   :    GDScript backtrace (most recent call first):
07-17 02:42:05.072  3339  3374 E godot   :        [0] show_launch_splash (res://scripts/main.gd:66)
07-17 02:42:05.072  3339  3374 E godot   :        [1] _ready (res://scripts/main.gd:46)
07-17 02:42:05.318  3339  3374 E godot   : WARNING: Nodes with non-equal opposite anchors will have their size overridden after _ready().
07-17 02:42:05.318  3339  3374 E godot   : If you want to set size, change the anchors or consider using set_deferred().
07-17 02:42:05.319  3339  3374 E godot   :    at: _set_size (scene/gui/control.cpp:1519)
07-17 02:42:05.319  3339  3374 E godot   :    GDScript backtrace (most recent call first):
07-17 02:42:05.319  3339  3374 E godot   :        [0] show_launch_splash (res://scripts/main.gd:74)
07-17 02:42:05.319  3339  3374 E godot   :        [1] _ready (res://scripts/main.gd:46)
07-17 02:42:05.351  3339  3374 V Godot   : OnGodotMainLoopStarted
07-17 02:42:05.442   401   471 D AudioFlinger: mixer(0x73e5baba1040) throttle end: throttle time(3)
07-17 02:42:05.525   401   471 D AudioFlinger: mixer(0x73e5baba1040) throttle end: throttle time(4)
07-17 02:42:05.688   401   471 D AudioFlinger: mixer(0x73e5baba1040) throttle end: throttle time(19)
07-17 02:42:05.860   401   471 D AudioFlinger: mixer(0x73e5baba1040) throttle end: throttle time(1)
07-17 02:42:05.920   401   471 D AudioFlinger: mixer(0x73e5baba1040) throttle end: throttle time(2)
07-17 02:42:05.965  3339  3374 I godot   : 1:
07-17 02:42:05.966  3339  3374 E godot   : ERROR: CanvasShaderGLES3: Program linking failed:
07-17 02:42:05.966  3339  3374 E godot   : Fragment shader active uniforms exceed GL_MAX_FRAGMENT_UNIFORM_VECTORS (261)
07-17 02:42:05.966  3339  3374 E godot   :
07-17 02:42:05.966  3339  3374 E godot   :    at: _display_error_with_code (drivers/gles3/shader_gles3.cpp:262)
07-17 02:42:05.970  3339  3374 E godot   : ERROR: Method/function failed.
07-17 02:42:05.970  3339  3374 E godot   :    at: _compile_specialization (drivers/gles3/shader_gles3.cpp:464)
07-17 02:42:05.984  3339  3374 E godot   : ERROR: Condition "p_size < 0" is true. Returning: ERR_INVALID_PARAMETER
07-17 02:42:05.984  3339  3374 E godot   :    at: resize (./core/templates/cowdata.h:404)
07-17 02:42:06.011   401   471 D AudioFlinger: mixer(0x73e5baba1040) throttle end: throttle time(7)
07-17 02:42:06.154   401   471 D AudioFlinger: mixer(0x73e5baba1040) throttle end: throttle time(4)
07-17 02:42:06.561   401   471 I chatty  : uid=1041(audioserver) AudioOut_D identical 2 lines
07-17 02:42:06.716   401   471 D AudioFlinger: mixer(0x73e5baba1040) throttle end: throttle time(4)
07-17 02:42:09.848   401   471 D AudioFlinger: mixer(0x73e5baba1040) throttle end: throttle time(9)
07-17 02:42:10.291   401   471 D AudioFlinger: mixer(0x73e5baba1040) throttle end: throttle time(1)
07-17 02:42:10.596   401   471 D AudioFlinger: mixer(0x73e5baba1040) throttle end: throttle time(1)
07-17 02:42:10.996   401   471 D AudioFlinger: mixer(0x73e5baba1040) throttle end: throttle time(9)
07-17 02:42:11.026   401   471 D AudioFlinger: mixer(0x73e5baba1040) throttle end: throttle time(2)
07-17 02:42:11.847   401   471 D AudioFlinger: mixer(0x73e5baba1040) throttle end: throttle time(1)
07-17 02:42:12.000   401   471 D AudioFlinger: mixer(0x73e5baba1040) throttle end: throttle time(3)
07-17 02:42:12.099   401   471 D AudioFlinger: mixer(0x73e5baba1040) throttle end: throttle time(4)
07-17 02:42:12.220   401   471 D AudioFlinger: mixer(0x73e5baba1040) throttle end: throttle time(7)
07-17 02:42:12.467   401   471 D AudioFlinger: mixer(0x73e5baba1040) throttle end: throttle time(5)
07-17 02:42:12.625   401   471 D AudioFlinger: mixer(0x73e5baba1040) throttle end: throttle time(1)
07-17 02:42:12.719   401   471 D AudioFlinger: mixer(0x73e5baba1040) throttle end: throttle time(3)
07-17 02:42:12.949  3339  3374 I godot   : 1:
07-17 02:42:12.950  3339  3374 E godot   : ERROR: CanvasShaderGLES3: Program linking failed:
07-17 02:42:12.950  3339  3374 E godot   : Fragment shader active uniforms exceed GL_MAX_FRAGMENT_UNIFORM_VECTORS (261)
07-17 02:42:12.950  3339  3374 E godot   :
07-17 02:42:12.952  3339  3374 E godot   :    at: _display_error_with_code (drivers/gles3/shader_gles3.cpp:262)
07-17 02:42:12.952  3339  3374 E godot   : ERROR: Method/function failed.
07-17 02:42:12.953  3339  3374 E godot   :    at: _compile_specialization (drivers/gles3/shader_gles3.cpp:464)
07-17 02:42:12.975  3339  3374 E godot   : ERROR: Condition "p_size < 0" is true. Returning: ERR_INVALID_PARAMETER
07-17 02:42:12.975  3339  3374 E godot   :    at: resize (./core/templates/cowdata.h:404)
07-17 02:42:12.988  3339  3374 E godot   : ERROR: Condition "p_size < 0" is true. Returning: ERR_INVALID_PARAMETER
07-17 02:42:12.988  3339  3374 E godot   :    at: resize (./core/templates/cowdata.h:404)
07-17 02:42:13.624     0     0 W healthd : battery l=100 v=5000 t=25.0 h=2 st=2 c=900000 fc=300000 cc=10 chg=a
07-17 02:42:15.556   401   471 D AF::Track: interceptBuffer: took 9292us to intercept 0 tracks
07-17 02:42:16.183   401   471 D AudioFlinger: mixer(0x73e5baba1040) throttle end: throttle time(1)
07-17 02:42:16.836   401   471 D AudioFlinger: mixer(0x73e5baba1040) throttle end: throttle time(9)
07-17 02:42:17.177   401   471 D AudioFlinger: mixer(0x73e5baba1040) throttle end: throttle time(18)
07-17 02:42:18.949   401   471 D AudioFlinger: mixer(0x73e5baba1040) throttle end: throttle time(3)
07-17 02:42:20.449   401   471 D AudioFlinger: mixer(0x73e5baba1040) throttle end: throttle time(3)
07-17 02:42:21.752  3396  3396 D AndroidRuntime: >>>>>> START com.android.internal.os.RuntimeInit uid 2000 <<<<<<
07-17 02:42:21.912   401   471 D AudioFlinger: mixer(0x73e5baba1040) throttle end: throttle time(3)
07-17 02:42:21.993  2194  3039 I Dialer  : OmtpVvmCarrierCfgHlpr - OmtpEvent:CONFIG_STATUS_SMS_TIME_OUT
07-17 02:42:22.020  2194  2194 I Dialer  : RetryPolicy - Retry limit for com.android.voicemail.impl.ActivationTask@8b30c42 reached
07-17 02:42:22.033  2194  2194 I Dialer  : RetryPolicy - committing deferred status: configuration_state=4
07-17 02:42:22.196   541   766 W ActivityManager: Slow operation: 134ms so far, now at getContentProviderImpl: after updateOomAdj
07-17 02:42:22.197   541   766 W ActivityManager: Slow operation: 135ms so far, now at getContentProviderImpl: done!
07-17 02:42:22.233   541   541 W Looper  : Slow dispatch took 359ms main h=com.android.server.job.JobSchedulerService$JobHandler c=null m=7
07-17 02:42:22.234   541   541 W Looper  : Slow delivery took 389ms main h=com.android.server.job.JobSchedulerService$JobHandler c=null m=4
07-17 02:42:22.315   541   559 W Looper  : Slow dispatch took 104ms android.ui h=com.android.server.am.ActivityManagerService$UiHandler c=null m=53
07-17 02:42:22.446   541   541 W Looper  : Slow dispatch took 190ms main h=com.android.server.job.JobSchedulerService$JobHandler c=null m=1
07-17 02:42:22.475  3396  3396 W app_process: type=1400 audit(0.0:45): avc: denied { read } for name="u:object_r:device_config_runtime_native_boot_prop:s0" dev="tmpfs" ino=10373 scontext=u:r:shell:s0 tcontext=u:object_r:device_config_runtime_native_boot_prop:s0 tclass=file permissive=0
07-17 02:42:22.509  3396  3396 E libc    : Access denied finding property "persist.device_config.runtime_native_boot.profilebootclasspath"
07-17 02:42:22.532  3396  3396 E libc    : Access denied finding property "persist.device_config.runtime_native_boot.enable_apex_image"
07-17 02:42:22.533  3396  3396 I AndroidRuntime: Using default boot image
07-17 02:42:22.534  3396  3396 E libc    : Access denied finding property "persist.device_config.runtime_native_boot.disable_lock_profiling"
07-17 02:42:22.588  3396  3396 I AndroidRuntime: Leaving lock profiling enabled
07-17 02:42:22.613  3396  3396 E libc    : Access denied finding property "persist.device_config.runtime_native_boot.enable_generational_cc"
07-17 02:42:22.503  3396  3396 W app_process: type=1400 audit(0.0:46): avc: denied { read } for name="u:object_r:device_config_runtime_native_boot_prop:s0" dev="tmpfs" ino=10373 scontext=u:r:shell:s0 tcontext=u:object_r:device_config_runtime_native_boot_prop:s0 tclass=file permissive=0
07-17 02:42:22.527  3396  3396 I chatty  : uid=2000(shell) app_process identical 1 line
07-17 02:42:22.607  3396  3396 W app_process: type=1400 audit(0.0:48): avc: denied { read } for name="u:object_r:device_config_runtime_native_boot_prop:s0" dev="tmpfs" ino=10373 scontext=u:r:shell:s0 tcontext=u:object_r:device_config_runtime_native_boot_prop:s0 tclass=file permissive=0
07-17 02:42:24.366  3396  3396 I app_process: Core platform API reporting enabled, enforcing=false
07-17 02:42:24.373   401   471 D AudioFlinger: mixer(0x73e5baba1040) throttle end: throttle time(29)
07-17 02:42:24.509  2128  2149 I VoicemailNotifier: receivers for android.intent.action.PROVIDER_CHANGED :[]
07-17 02:42:24.677  2194  2194 I Dialer  : VvmTaskExecutor - no more tasks, stopping service if no task are added in 5000 millis
07-17 02:42:25.554   401   471 D AudioFlinger: mixer(0x73e5baba1040) throttle end: throttle time(9)
07-17 02:42:25.824   401   471 D AudioFlinger: mixer(0x73e5baba1040) throttle end: throttle time(5)
07-17 02:42:25.888   541   541 W Looper  : Drained
07-17 02:42:27.165   401   471 D AudioFlinger: mixer(0x73e5baba1040) throttle end: throttle time(28)
07-17 02:42:28.775   401   471 D AudioFlinger: mixer(0x73e5baba1040) throttle end: throttle time(2)
07-17 02:42:29.913  2194  2194 I Dialer  : VvmTaskExecutor - Stopping service
07-17 02:42:30.045  2194  2194 I Dialer  : VvmTaskExecutor - finishing Job
07-17 02:42:30.196   401   471 D AudioFlinger: mixer(0x73e5baba1040) throttle end: throttle time(3)
07-17 02:42:30.310  2194  2194 I Dialer  : TaskSchedulerJobService - finishing job
07-17 02:42:31.052   401   471 D AudioFlinger: mixer(0x73e5baba1040) throttle end: throttle time(3)
07-17 02:42:31.259   541   559 W Looper  : Slow dispatch took 297ms android.ui h=com.android.server.am.ActivityManagerService$UiHandler c=null m=53
07-17 02:42:31.262   541   559 W Looper  : Slow delivery took 242ms android.ui h=com.android.server.am.ActivityManagerService$UiHandler c=null m=31
07-17 02:42:31.667   541   541 W Looper  : Slow dispatch took 419ms main h=com.android.server.job.JobSchedulerService$JobHandler c=null m=3
07-17 02:42:31.730   541   766 W system_server: Long monitor contention with owner main (541) at long com.android.server.job.JobSchedulerService.getMaxJobExecutionTimeMs(com.android.server.job.controllers.JobStatus)(JobSchedulerService.java:2342) waiters=0 in android.app.job.JobInfo com.android.server.job.JobSchedulerService.getPendingJob(int, int) for 374ms
07-17 02:42:31.818  2194  2194 I Dialer  : JobFinishedPoller.run - Job finished
07-17 02:42:31.875   541   541 W Looper  : Slow delivery took 430ms main h=com.android.server.job.JobSchedulerService$JobHandler c=null m=4
07-17 02:42:31.875   541   541 W Looper  : Slow dispatch took 144ms main h=com.android.server.job.JobSchedulerService$JobHandler c=null m=4
07-17 02:42:31.922  2194  2194 I Dialer  : VvmTaskExecutor - terminated
07-17 02:42:32.396   541   559 W Looper  : Drained
07-17 02:42:32.420   541   559 W Looper  : Slow dispatch took 154ms android.ui h=com.android.server.am.ActivityManagerService$UiHandler c=null m=53
07-17 02:42:34.635   401   471 D AudioFlinger: mixer(0x73e5baba1040) throttle end: throttle time(1)
07-17 02:42:40.111   401   471 D AudioFlinger: mixer(0x73e5baba1040) throttle end: throttle time(3)
07-17 02:42:42.545   541   558 W Looper  : Slow dispatch took 312ms android.fg h=android.os.Handler c=com.android.server.Watchdog$HandlerChecker@35c3191 m=0
07-17 02:42:40.523   401   471 D AudioFlinger: mixer(0x73e5baba1040) throttle end: throttle time(3)
07-17 02:42:42.850   401   471 D AudioFlinger: mixer(0x73e5baba1040) throttle end: throttle time(12)
07-17 02:42:42.995   401   471 D AudioFlinger: mixer(0x73e5baba1040) throttle end: throttle time(9)
07-17 02:42:46.173  3396  3396 D app_process: Time zone APEX ICU file found: /apex/com.android.tzdata/etc/icu/icu_tzdata.dat
07-17 02:42:46.254  3396  3396 D app_process: I18n APEX ICU file found: /apex/com.android.i18n/etc/icu/icudt66l.dat
07-17 02:42:49.176  3396  3396 W app_process: Unexpected CPU variant for X86 using defaults: x86_64
07-17 02:42:50.158  3396  3396 I app_process: The ClassLoaderContext is a special shared library.
